=== Touch-Dobot Digital Twin System v3.0 ===
Robot: 192.168.101.11
Touch: enabled
Safety: X[-300,250] Y[-350,250] Z[140,500]
[Tuning] 力反射增益 = 120.0 (来源: Config.h 默认值; 未采用 D:\Projects\Touch\Touch_Client\calib\force_tuning.json)
Initializing Touch device...
Touch 设备初始化成功
[Payload] Loaded payload_calib.json (mass=0.404kg, com=(0.3,-0.1,68.7)mm, 6 poses, psi=90deg, sign_z=+1)
Initializing robot via Relay...
已连接使能端口 29999
已连接运动端口 30003
[StateMachine] DISCONNECTED → CONNECTED
[Relay] GUI reporting 【已重连】到 127.0.0.1:8888
[Relay] 使能 EnableRobot(0.404,0.3,-0.1,68.7)  (实机标定值)
[Relay] 机械臂使能成功
[Relay] 机械臂状态正常 (mode=0)
[Relay] GetPose retry 1/5...
[Relay] 基准位姿: (-132.917,-96.4915,448.332)
[StateMachine] CONNECTED → READY
[Relay] GUI reporting 【未连接】—— 127.0.0.1:8888 上没有在听 (MATLAB relay_gui 没在跑?)
[Relay]   影响: P| / J| / RP| / C| / FB| 全部发不出去 (位置 / 关节角 / 实际位姿 / 命令回显 / 反馈回显)。
[Relay]   不影响: 机械臂控制、力数据采集 (@576/@720/@1304)、一致性闸门、本地补偿 —— 它们都不走这条 socket。
[Relay]   要恢复: 在 MATLAB 那一侧起 relay_gui 即可 —— ★ 本程序会【自动按秒重连】, 不必重启 (2026-09-21 起; 从前是只在启动时连一次, 所以那时确实要重启)。
[Force] Loaded force_calib.json (mass scale=[Force] Reader thread started, connecting to port 30004...
0.419631kg, bias=-18.0928,-2.51628,0.903349N, c_s=(0.0361314,1.08794,55.4161)mm)
[Force] Connected to realtime port 30004
[Force] Reader thread receiving at 125Hz...
[Force] 30004 帧自检通过: TestValue @48 = 0x0123456789ABCDEF (小端字节序) ⇒ 帧布局与我们的假设一致
[Relay] 机械臂实际负载 (【首个合格帧】的快照): load=0.404 kg  center=(0.3, -0.1, 68.7) mm
[Force] 一致性闸门: 放行 (本地全量模型与【参考量】在【投票通道】上一致; 参考量本帧【可用】)
[STL] Binary: 42500 triangles
[STL] Binary: 5004 triangles
[STL] Binary: 11932 triangles
[STL] Binary: 15904 triangles
[STL] Binary: 4810 triangles
[STL] Binary: 4898 triangles
[STL] Binary: 8976 triangles
[RobotModel] STL models loaded (models/cr3)
[Calib] No calibration file, using default axis mapping
[TCP] No tcp_calib.json — press 't' to calibrate TCP offset

System ready.
  q/ESC: quit
  Touch button 1: control robot


############################################################
##  ⚠⚠  触觉安全提示已关闭  (Config::FORCE_CONSTRAINT_FORCES_ENABLED = false)
##   虚拟约束力已【全部】停用 —— 现在【没有任何】推力提示:
##     · 靠近安全边界 (SAFE_X/Y/Z)
##     · 靠近圆柱奇异 (半径 < 80mm)
##     · 靠近工作空间边缘 (半径 > 550mm)
##     · 靠近历史报警点 (真报过警的位置)
##   ⇒ 请靠【视觉】与【报警指示灯】判断危险。
##   (机械臂自身的碰撞检测与安全皮肤由机械臂侧做, 不受本开关影响。)
##   本横幅每 60 秒复报一次。
############################################################

[Force] 运动检测 #01: pos=(-132.917,-96.492,448.332)mm  tcp=(-132.917,-96.491,448.332)mm  vel=0.000000 m/s (阈值 0.0020)  acc=0.000000 m/s² (阈值 0.0050)  tcpV=(-0.0001,-0.0005,-0.0002)  isStill=1
[Force] 运动检测 #02: pos=(-132.917,-96.492,448.332)mm  tcp=(-132.917,-96.491,448.332)mm  vel=0.000000 m/s (阈值 0.0020)  acc=0.000000 m/s² (阈值 0.0050)  tcpV=(0.0000,0.0000,0.0000)  isStill=1
[Force] 运动检测 #03: pos=(-132.917,-96.492,448.332)mm  tcp=(-132.917,-96.492,448.332)mm  vel=0.000000 m/s (阈值 0.0020)  acc=0.000000 m/s² (阈值 0.0050)  tcpV=(0.0000,-0.0001,-0.0003)  isStill=1
[Force] 运动检测 #04: pos=(-132.917,-96.492,448.332)mm  tcp=(-132.917,-96.491,448.332)mm  vel=0.000000 m/s (阈值 0.0020)  acc=0.000000 m/s² (阈值 0.0050)  tcpV=(-0.0000,0.0001,0.0004)  isStill=1
[Force] 运动检测 #05: pos=(-132.917,-96.492,448.332)mm  tcp=(-132.917,-96.492,448.332)mm  vel=0.000000 m/s (阈值 0.0020)  acc=0.000000 m/s² (阈值 0.0050)  tcpV=(0.0000,-0.0002,-0.0001)  isStill=1
[Force] 运动检测 #06: pos=(-132.917,-96.492,448.332)mm  tcp=(-132.917,-96.491,448.332)mm  vel=0.000000 m/s (阈值 0.0020)  acc=0.000000 m/s² (阈值 0.0050)  tcpV=(-0.0000,0.0001,0.0003)  isStill=1
[Force] 运动检测 #07: pos=(-132.917,-96.492,448.332)mm  tcp=(-132.917,-96.492,448.332)mm  vel=0.000000 m/s (阈值 0.0020)  acc=0.000000 m/s² (阈值 0.0050)  tcpV=(0.0001,-0.0003,-0.0001)  isStill=1
[Force] 运动检测 #08: pos=(-132.917,-96.492,448.332)mm  tcp=(-132.917,-96.492,448.332)mm  vel=0.000000 m/s (阈值 0.0020)  acc=0.000000 m/s² (阈值 0.0050)  tcpV=(0.0000,-0.0002,-0.0001)  isStill=1
[Force] 运动检测 #09: pos=(-132.917,-96.492,448.332)mm  tcp=(-132.917,-96.492,448.332)mm  vel=0.000000 m/s (阈值 0.0020)  acc=0.000000 m/s² (阈值 0.0050)  tcpV=(0.0002,0.0004,-0.0001)  isStill=1
[Force] 运动检测 #10: pos=(-132.917,-96.492,448.332)mm  tcp=(-132.917,-96.491,448.332)mm  vel=0.000000 m/s (阈值 0.0020)  acc=0.000000 m/s² (阈值 0.0050)  tcpV=(-0.0000,0.0002,0.0001)  isStill=1
[Force] 运动检测 #11: pos=(-132.917,-96.492,448.332)mm  tcp=(-132.917,-96.491,448.332)mm  vel=0.000000 m/s (阈值 0.0020)  acc=0.000000 m/s² (阈值 0.0050)  tcpV=(-0.0001,-0.0000,0.0000)  isStill=1
[Force] 运动检测 #12: pos=(-132.917,-96.492,448.332)mm  tcp=(-132.917,-96.492,448.332)mm  vel=0.000000 m/s (阈值 0.0020)  acc=0.000000 m/s² (阈值 0.0050)  tcpV=(0.0000,-0.0004,-0.0005)  isStill=1
[Force] 运动检测 #13: pos=(-132.917,-96.492,448.332)mm  tcp=(-132.917,-96.492,448.332)mm  vel=0.000000 m/s (阈值 0.0020)  acc=0.000000 m/s² (阈值 0.0050)  tcpV=(0.0001,0.0000,0.0001)  isStill=1
[Force] 运动检测 #14: pos=(-132.917,-96.492,448.332)mm  tcp=(-132.917,-96.492,448.332)mm  vel=0.000000 m/s (阈值 0.0020)  acc=0.000000 m/s² (阈值 0.0050)  tcpV=(0.0000,0.0001,-0.0000)  isStill=1
[Force] 运动检测 #15: pos=(-132.917,-96.492,448.332)mm  tcp=(-132.917,-96.491,448.332)mm  vel=0.000000 m/s (阈值 0.0020)  acc=0.000000 m/s² (阈值 0.0050)  tcpV=(0.0001,-0.0001,-0.0001)  isStill=1
[Force] 运动检测 #16: pos=(-132.917,-96.492,448.332)mm  tcp=(-132.917,-96.491,448.332)mm  vel=0.000000 m/s (阈值 0.0020)  acc=0.000000 m/s² (阈值 0.0050)  tcpV=(-0.0002,0.0002,0.0003)  isStill=1
[Force] 运动检测 #17: pos=(-132.917,-96.492,448.332)mm  tcp=(-132.917,-96.492,448.332)mm  vel=0.000000 m/s (阈值 0.0020)  acc=0.000000 m/s² (阈值 0.0050)  tcpV=(0.0000,-0.0002,-0.0002)  isStill=1
[Force] 运动检测 #18: pos=(-132.917,-96.492,448.332)mm  tcp=(-132.917,-96.491,448.332)mm  vel=0.000000 m/s (阈值 0.0020)  acc=0.000000 m/s² (阈值 0.0050)  tcpV=(0.0001,0.0000,-0.0000)  isStill=1
[Force] 零偏漂移检查: 补偿后读数 0.195628 N, 正常 (< 0.5 N)
[Force] 运动检测 #19: pos=(-132.917,-96.492,448.332)mm  tcp=(-132.917,-96.491,448.332)mm  vel=0.000000 m/s (阈值 0.0020)  acc=0.000000 m/s² (阈值 0.0050)  tcpV=(0.0000,-0.0002,0.0002)  isStill=1
[Force] 运动检测 #20: pos=(-132.917,-96.492,448.332)mm  tcp=(-132.917,-96.491,448.332)mm  vel=0.000000 m/s (阈值 0.0020)  acc=0.000000 m/s² (阈值 0.0050)  tcpV=(0.0000,-0.0001,-0.0003)  isStill=1
[Force] 运动检测 #21: pos=(-132.917,-96.492,448.332)mm  tcp=(-132.917,-96.492,448.332)mm  vel=0.000000 m/s (阈值 0.0020)  acc=0.000000 m/s² (阈值 0.0050)  tcpV=(0.0000,0.0000,0.0000)  isStill=1
[Force] 运动检测 #22: pos=(-132.917,-96.492,448.332)mm  tcp=(-132.917,-96.491,448.332)mm  vel=0.000000 m/s (阈值 0.0020)  acc=0.000000 m/s² (阈值 0.0050)  tcpV=(-0.0002,-0.0002,-0.0001)  isStill=1
[Force] 运动检测 #23: pos=(-132.917,-96.492,448.332)mm  tcp=(-132.917,-96.491,448.332)mm  vel=0.000000 m/s (阈值 0.0020)  acc=0.000000 m/s² (阈值 0.0050)  tcpV=(-0.0000,0.0001,0.0003)  isStill=1
[Force] 运动检测 #24: pos=(-132.917,-96.492,448.332)mm  tcp=(-132.917,-96.491,448.332)mm  vel=0.000000 m/s (阈值 0.0020)  acc=0.000000 m/s² (阈值 0.0050)  tcpV=(0.0001,-0.0004,-0.0001)  isStill=1
[Force] 运动检测 #25: pos=(-132.917,-96.492,448.332)mm  tcp=(-132.917,-96.491,448.332)mm  vel=0.000000 m/s (阈值 0.0020)  acc=0.000000 m/s² (阈值 0.0050)  tcpV=(0.0002,-0.0004,-0.0001)  isStill=1
[Force] 运动检测 #26: pos=(-132.917,-96.492,448.332)mm  tcp=(-132.917,-96.492,448.332)mm  vel=0.000000 m/s (阈值 0.0020)  acc=0.000000 m/s² (阈值 0.0050)  tcpV=(0.0001,-0.0005,-0.0004)  isStill=1
[Force] 运动检测 #27: pos=(-132.917,-96.492,448.332)mm  tcp=(-132.917,-96.492,448.332)mm  vel=0.000000 m/s (阈值 0.0020)  acc=0.000000 m/s² (阈值 0.0050)  tcpV=(-0.0001,-0.0002,0.0001)  isStill=1
[Force] 运动检测 #28: pos=(-132.917,-96.492,448.332)mm  tcp=(-132.917,-96.492,448.332)mm  vel=0.000000 m/s (阈值 0.0020)  acc=0.000000 m/s² (阈值 0.0050)  tcpV=(-0.0001,0.0001,0.0000)  isStill=1
[Force] 运动检测 #29: pos=(-132.917,-96.492,448.332)mm  tcp=(-132.917,-96.491,448.332)mm  vel=0.000000 m/s (阈值 0.0020)  acc=0.000000 m/s² (阈值 0.0050)  tcpV=(-0.0000,0.0001,0.0003)  isStill=1
[Force] 运动检测 #30: pos=(-132.917,-96.492,448.332)mm  tcp=(-132.917,-96.492,448.332)mm  vel=0.000000 m/s (阈值 0.0020)  acc=0.000000 m/s² (阈值 0.0050)  tcpV=(0.0000,-0.0000,0.0001)  isStill=1
[StateMachine] READY → RUNNING
[Relay] Button PRESS  — target start=(-132.917,-96.4915,448.332)
[Relay] Hold button + move Touch (incremental mode)

[Relay] !!! 检测到机械臂报警 (mode=9) !!!
[StateMachine] RUNNING → FATAL: ERR_ALARM_MODE9
[StateMachine] RUNNING → FATAL
[Safety] FATAL: robot disabled by state machine
[Safety] Alarm recorded at (-132.917,-96.4915,448.332) -- total alarms: 1
[Relay] 自动启动脱困流程...
[脱困] 检测到报警，开始诊断...
[Relay] Button RELEASE — motion stopped
[脱困] 末端位姿: X=-132.917 Y=-96.4913 Z=448.331 Rx=-173.15 Ry=-22.713 Rz=-118.144
[脱困] 关节角: J1=-85.0656 J2=48.0679 J3=-86.3419 J4=-28.7758 J5=84.1646 J6=-59.9317
[脱困] 未检测到关节限位, 可能是其他原因
[Relay] 脱困失败，按 'e' 重试或重启程序
[Relay] Button PRESS  — target start=(-132.935,-96.3261,448.088)
[Relay] Hold button + move Touch (incremental mode)
[Relay] Button RELEASE — motion stopped
[Relay] Button PRESS  — target start=(-132.912,-96.3245,448.086)
[Relay] Hold button + move Touch (incremental mode)
[Relay] Button RELEASE — motion stopped

############################################################
##  ⚠⚠  触觉安全提示已关闭  (Config::FORCE_CONSTRAINT_FORCES_ENABLED = false)
##   虚拟约束力已【全部】停用 —— 现在【没有任何】推力提示:
##     · 靠近安全边界 (SAFE_X/Y/Z)
##     · 靠近圆柱奇异 (半径 < 80mm)
##     · 靠近工作空间边缘 (半径 > 550mm)
##     · 靠近历史报警点 (真报过警的位置)
##   ⇒ 请靠【视觉】与【报警指示灯】判断危险。
##   (机械臂自身的碰撞检测与安全皮肤由机械臂侧做, 不受本开关影响。)
##   本横幅每 60 秒复报一次。
############################################################


############################################################
##  ⚠⚠  触觉安全提示已关闭  (Config::FORCE_CONSTRAINT_FORCES_ENABLED = false)
##   虚拟约束力已【全部】停用 —— 现在【没有任何】推力提示:
##     · 靠近安全边界 (SAFE_X/Y/Z)
##     · 靠近圆柱奇异 (半径 < 80mm)
##     · 靠近工作空间边缘 (半径 > 550mm)
##     · 靠近历史报警点 (真报过警的位置)
##   ⇒ 请靠【视觉】与【报警指示灯】判断危险。
##   (机械臂自身的碰撞检测与安全皮肤由机械臂侧做, 不受本开关影响。)
##   本横幅每 60 秒复报一次。
############################################################

[Relay] GUI reporting 【连接已断】(send() 失败) —— P| / J| / RP| / C| / FB| 全部发不出去了。
[Relay]   现场表现: MATLAB 的孪生会【停在最后一次收到的位置】; 若从启动起一帧都没收到, 就是它的初值 (关节全 0 = 一个默认姿势)。
[Relay]   本程序会自动按秒重连; 重连上会再报一句。
[Relay] GUI reporting 【已重连】到 127.0.0.1:8888
[Relay] GUI reporting 【连接已断】(send() 失败) —— P| / J| / RP| / C| / FB| 全部发不出去了。
[Relay]   现场表现: MATLAB 的孪生会【停在最后一次收到的位置】; 若从启动起一帧都没收到, 就是它的初值 (关节全 0 = 一个默认姿势)。
[Relay]   本程序会自动按秒重连; 重连上会再报一句。

############################################################
##  ⚠⚠  触觉安全提示已关闭  (Config::FORCE_CONSTRAINT_FORCES_ENABLED = false)
##   虚拟约束力已【全部】停用 —— 现在【没有任何】推力提示:
##     · 靠近安全边界 (SAFE_X/Y/Z)
##     · 靠近圆柱奇异 (半径 < 80mm)
##     · 靠近工作空间边缘 (半径 > 550mm)
##     · 靠近历史报警点 (真报过警的位置)
##   ⇒ 请靠【视觉】与【报警指示灯】判断危险。
##   (机械臂自身的碰撞检测与安全皮肤由机械臂侧做, 不受本开关影响。)
##   本横幅每 60 秒复报一次。
############################################################

[Relay] GUI reporting 【已重连】到 127.0.0.1:8888
[Relay] Button PRESS  — target start=(-132.912,-96.3244,448.086)
[Relay] Hold button + move Touch (incremental mode)
[Relay] Button RELEASE — motion stopped
[Relay] Button PRESS  — target start=(-132.912,-96.3245,448.086)
[Relay] Hold button + move Touch (incremental mode)
[Relay] Button RELEASE — motion stopped
[Relay] Button PRESS  — target start=(-132.912,-96.3245,448.086)
[Relay] Hold button + move Touch (incremental mode)
[Haptic] Force applied: (-0.0589298, 0, -0.0433484) N  mag=0.073156  stale=0  button1=1  button2=0
[Relay] Button RELEASE — motion stopped

############################################################
##  ⚠⚠  触觉安全提示已关闭  (Config::FORCE_CONSTRAINT_FORCES_ENABLED = false)
##   虚拟约束力已【全部】停用 —— 现在【没有任何】推力提示:
##     · 靠近安全边界 (SAFE_X/Y/Z)
##     · 靠近圆柱奇异 (半径 < 80mm)
##     · 靠近工作空间边缘 (半径 > 550mm)
##     · 靠近历史报警点 (真报过警的位置)
##   ⇒ 请靠【视觉】与【报警指示灯】判断危险。
##   (机械臂自身的碰撞检测与安全皮肤由机械臂侧做, 不受本开关影响。)
##   本横幅每 60 秒复报一次。
############################################################


############################################################
##  ⚠⚠  触觉安全提示已关闭  (Config::FORCE_CONSTRAINT_FORCES_ENABLED = false)
##   虚拟约束力已【全部】停用 —— 现在【没有任何】推力提示:
##     · 靠近安全边界 (SAFE_X/Y/Z)
##     · 靠近圆柱奇异 (半径 < 80mm)
##     · 靠近工作空间边缘 (半径 > 550mm)
##     · 靠近历史报警点 (真报过警的位置)
##   ⇒ 请靠【视觉】与【报警指示灯】判断危险。
##   (机械臂自身的碰撞检测与安全皮肤由机械臂侧做, 不受本开关影响。)
##   本横幅每 60 秒复报一次。
############################################################

[Relay] 报警已清除 (mode=4)，尝试恢复...
[Relay] 使能 EnableRobot(0.404,0.3,-0.1,68.7)  (回放连接时的负载)
[StateMachine] FATAL → READY (recovered)
[StateMachine] FATAL → READY
[StateMachine] READY → RUNNING
[Relay] Button PRESS  — target start=(-132.912,-96.3244,448.086)
[Relay] Hold button + move Touch (incremental mode)
[StateMachine] RUNNING → READY
[Relay] Button RELEASE — motion stopped
[StateMachine] READY → RUNNING
[Relay] Button PRESS  — target start=(-132.912,-96.3244,448.086)
[Relay] Hold button + move Touch (incremental mode)
[Haptic] Force applied: (-0.00683751, 0, -0.0604232) N  mag=0.0608089  stale=0  button1=1  button2=0
[StateMachine] RUNNING → READY
[Relay] Button RELEASE — motion stopped
[StateMachine] READY → RUNNING
[Relay] Button PRESS  — target start=(-132.912,-96.3244,448.086)
[Relay] Hold button + move Touch (incremental mode)
[Force] WARNING: 两次轮询间隔 4.05s (> 1.00s) —— 疑似轮询停过一段。
        本帧的经过时间当【没测到】(dt = 0), 相位计时器不跟着跳。

[Relay] !!! 检测到机械臂报警 (mode=9) !!!
[StateMachine] RUNNING → FATAL: ERR_ALARM_MODE9
[StateMachine] RUNNING → FATAL
[Safety] FATAL: robot disabled by state machine
[Safety] Alarm recorded at (-132.903,-96.5803,448.336) -- total alarms: 2
[Relay] 自动启动脱困流程...
[脱困] 检测到报警，开始诊断...
[脱困] 末端位姿: X=-132.903 Y=-96.5796 Z=448.336 Rx=-173.19 Ry=-22.7311 Rz=-118.066
[脱困] 关节角: J1=-85.0286 J2=48.0678 J3=-86.3418 J4=-28.7758 J5=84.1377 J6=-59.9718
[脱困] 未检测到关节限位, 可能是其他原因
[Relay] 脱困失败，按 'e' 重试或重启程序
[Relay] Button RELEASE — motion stopped
[Relay] 报警已清除 (mode=4)，尝试恢复...
[Relay] 使能 EnableRobot(0.404,0.3,-0.1,68.7)  (回放连接时的负载)
[StateMachine] FATAL → READY (recovered)
[StateMachine] FATAL → READY
[StateMachine] READY → RUNNING
[Relay] Button PRESS  — target start=(-132.917,-96.4157,448.093)
[Relay] Hold button + move Touch (incremental mode)
[Haptic] Force applied: (0.0275649, 0, -0.0920384) N  mag=0.0960776  stale=0  button1=1  button2=0
[Relay] Motion sends: 50 ok, 0 fail  target=(-138.445,-119.518,457.306) orient=(-173.21,-22.697,-118.062)
[StateMachine] RUNNING → READY
[Relay] Button RELEASE — motion stopped
[StateMachine] READY → RUNNING
[Relay] Button PRESS  — target start=(-132.917,-96.4157,448.093)
[Relay] Hold button + move Touch (incremental mode)
[StateMachine] RUNNING → READY
[Relay] Button RELEASE — motion stopped
[StateMachine] READY → RUNNING
[Relay] Button PRESS  — target start=(-132.917,-96.4157,448.093)
[Relay] Hold button + move Touch (incremental mode)
[Haptic] Force applied: (-1.21805e-05, 0, -0.0354658) N  mag=0.0354658  stale=0  button1=1  button2=0
[StateMachine] RUNNING → READY
[Relay] Button RELEASE — motion stopped
[StateMachine] READY → RUNNING
[Relay] Button PRESS  — target start=(-132.917,-96.4157,448.093)
[Relay] Hold button + move Touch (incremental mode)
[Relay] Motion sends: 100 ok, 0 fail  target=(-122.987,-83.2607,469.569) orient=(-173.21,-22.697,-118.062)

[Relay] !!! 检测到机械臂报警 (mode=9) !!!
[StateMachine] RUNNING → FATAL: ERR_ALARM_MODE9
[StateMachine] RUNNING → FATAL
[Safety] FATAL: robot disabled by state machine
[Safety] Alarm recorded at (-132.909,-96.6715,448.344) -- total alarms: 3
[Relay] 自动启动脱困流程...
[脱困] 检测到报警，开始诊断...
[Relay] Button RELEASE — motion stopped
[脱困] 末端位姿: X=-132.909 Y=-96.6711 Z=448.344 Rx=-173.237 Ry=-22.7547 Rz=-117.991
[脱困] 关节角: J1=-84.9901 J2=48.0679 J3=-86.3418 J4=-28.7758 J5=84.099 J6=-60.0078
[脱困] 未检测到关节限位, 可能是其他原因
[Relay] 脱困失败，按 'e' 重试或重启程序
[Relay] 报警已清除 (mode=4)，尝试恢复...
[Relay] 使能 EnableRobot(0.404,0.3,-0.1,68.7)  (回放连接时的负载)
[StateMachine] FATAL → READY (recovered)
[StateMachine] FATAL → READY

############################################################
##  ⚠⚠  触觉安全提示已关闭  (Config::FORCE_CONSTRAINT_FORCES_ENABLED = false)
##   虚拟约束力已【全部】停用 —— 现在【没有任何】推力提示:
##     · 靠近安全边界 (SAFE_X/Y/Z)
##     · 靠近圆柱奇异 (半径 < 80mm)
##     · 靠近工作空间边缘 (半径 > 550mm)
##     · 靠近历史报警点 (真报过警的位置)
##   ⇒ 请靠【视觉】与【报警指示灯】判断危险。
##   (机械臂自身的碰撞检测与安全皮肤由机械臂侧做, 不受本开关影响。)
##   本横幅每 60 秒复报一次。
############################################################


############################################################
##  ⚠⚠  触觉安全提示已关闭  (Config::FORCE_CONSTRAINT_FORCES_ENABLED = false)
##   虚拟约束力已【全部】停用 —— 现在【没有任何】推力提示:
##     · 靠近安全边界 (SAFE_X/Y/Z)
##     · 靠近圆柱奇异 (半径 < 80mm)
##     · 靠近工作空间边缘 (半径 > 550mm)
##     · 靠近历史报警点 (真报过警的位置)
##   ⇒ 请靠【视觉】与【报警指示灯】判断危险。
##   (机械臂自身的碰撞检测与安全皮肤由机械臂侧做, 不受本开关影响。)
##   本横幅每 60 秒复报一次。
############################################################


############################################################
##  ⚠⚠  触觉安全提示已关闭  (Config::FORCE_CONSTRAINT_FORCES_ENABLED = false)
##   虚拟约束力已【全部】停用 —— 现在【没有任何】推力提示:
##     · 靠近安全边界 (SAFE_X/Y/Z)
##     · 靠近圆柱奇异 (半径 < 80mm)
##     · 靠近工作空间边缘 (半径 > 550mm)
##     · 靠近历史报警点 (真报过警的位置)
##   ⇒ 请靠【视觉】与【报警指示灯】判断危险。
##   (机械臂自身的碰撞检测与安全皮肤由机械臂侧做, 不受本开关影响。)
##   本横幅每 60 秒复报一次。
############################################################


############################################################
##  ⚠⚠  触觉安全提示已关闭  (Config::FORCE_CONSTRAINT_FORCES_ENABLED = false)
##   虚拟约束力已【全部】停用 —— 现在【没有任何】推力提示:
##     · 靠近安全边界 (SAFE_X/Y/Z)
##     · 靠近圆柱奇异 (半径 < 80mm)
##     · 靠近工作空间边缘 (半径 > 550mm)
##     · 靠近历史报警点 (真报过警的位置)
##   ⇒ 请靠【视觉】与【报警指示灯】判断危险。
##   (机械臂自身的碰撞检测与安全皮肤由机械臂侧做, 不受本开关影响。)
##   本横幅每 60 秒复报一次。
############################################################


############################################################
##  ⚠⚠  触觉安全提示已关闭  (Config::FORCE_CONSTRAINT_FORCES_ENABLED = false)
##   虚拟约束力已【全部】停用 —— 现在【没有任何】推力提示:
##     · 靠近安全边界 (SAFE_X/Y/Z)
##     · 靠近圆柱奇异 (半径 < 80mm)
##     · 靠近工作空间边缘 (半径 > 550mm)
##     · 靠近历史报警点 (真报过警的位置)
##   ⇒ 请靠【视觉】与【报警指示灯】判断危险。
##   (机械臂自身的碰撞检测与安全皮肤由机械臂侧做, 不受本开关影响。)
##   本横幅每 60 秒复报一次。
############################################################


Shutting down...
Disabling robot...
[Relay] GUI reporting 【已重连】到 127.0.0.1:8888
[Force] Realtime port disconnected
[Force] Realtime recv failed, reconnecting...
[StateMachine] READY → DISCONNECTED
****************************************
This is the DEVELOPER EDITION of OPENHAPTICS, commercial distribution is prohibited
Please contact 3D Systems to obtain a commercial license
****************************************
