=== Touch-Dobot Digital Twin System v3.0 ===
Robot: 192.168.101.11
Touch: enabled
Safety: X[-300,250] Y[-350,250] Z[140,500]
[Tuning] 力反射增益 = 120.0 (来源: D:\Projects\Touch\Touch_Client\calib\force_tuning.json)
Initializing Touch device...
Touch 设备初始化成功
[Payload] Loaded payload_calib.json (mass=0.404kg, com=(0.3,-0.1,68.7)mm, 6 poses, psi=90deg, sign_z=+1)
Initializing robot via Relay...
已连接使能端口 29999
已连接运动端口 30003
[StateMachine] DISCONNECTED → CONNECTED
[Relay] GUI reporting 【已重连】到 127.0.0.1:8888
[Relay] 使能 EnableRobot(0.404,0.3,-0.1,68.7)  (实机标定值)
[Relay] 机械臂使能成功
[Relay] 机械臂状态正常 (mode=0)
[Relay] GetPose retry 1/5...
[Relay] 基准位姿: (-90.824,-306.345,314.358)
[StateMachine] CONNECTED → READY
[Relay] GUI reporting 【未连接】—— 127.0.0.1:8888 上没有在听 (MATLAB relay_gui 没在跑?)
[Relay]   影响: P| / J| / RP| / C| / FB| 全部发不出去 (位置 / 关节角 / 实际位姿 / 命令回显 / 反馈回显)。
[Relay]   不影响: 机械臂控制、力数据采集 (@576/@720/@1304)、一致性闸门、本地补偿 —— 它们都不走这条 socket。
[Relay]   要恢复: 在 MATLAB 那一侧起 relay_gui 即可 —— ★ 本程序会【自动按秒重连】, 不必重启 (2026-09-21 起; 从前是只在启动时连一次, 所以那时确实要重启)。
[Force] Reader thread started, connecting to port 30004[Force] Loaded force_calib.json (mass scale=...
0.419631kg, bias=-18.1778,-2.44562,0.869821N, c_s=(0.0361314,1.08794,55.4161)mm)
[Force] Connected to realtime port 30004
[Force] Reader thread receiving at 125Hz...
[Force] 30004 帧自检通过: TestValue @48 = 0x0123456789ABCDEF (小端字节序) ⇒ 帧布局与我们的假设一致
[Relay] 机械臂实际负载 (【首个合格帧】的快照): load=0.404 kg  center=(0.3, -0.1, 68.7) mm
[Force] 一致性闸门: 放行 (本地全量模型与【参考量】在【投票通道】上一致; 参考量本帧【可用】)
[STL] Binary: 42500 triangles
[STL] Binary: 5004 triangles
[STL] Binary: 11932 triangles
[STL] Binary: 15904 triangles
[STL] Binary: 4810 triangles
[STL] Binary: 4898 triangles
[STL] Binary: 8976 triangles
[RobotModel] STL models loaded (models/cr3)
[Calib] No calibration file, using default axis mapping
[TCP] No tcp_calib.json — press 't' to calibrate TCP offset

System ready.
  q/ESC: quit
  Touch button 1: control robot


############################################################
##  ⚠⚠  触觉安全提示已关闭  (Config::FORCE_CONSTRAINT_FORCES_ENABLED = false)
##   虚拟约束力已【全部】停用 —— 现在【没有任何】推力提示:
##     · 靠近安全边界 (SAFE_X/Y/Z)
##     · 靠近圆柱奇异 (半径 < 80mm)
##     · 靠近工作空间边缘 (半径 > 550mm)
##     · 靠近历史报警点 (真报过警的位置)
##   ⇒ 请靠【视觉】与【报警指示灯】判断危险。
##   (机械臂自身的碰撞检测与安全皮肤由机械臂侧做, 不受本开关影响。)
##   本横幅每 60 秒复报一次。
############################################################

[Force] 运动检测 #01: pos=(-90.824,-306.345,314.358)mm  tcp=(-90.824,-306.344,314.358)mm  vel=0.000000 m/s (阈值 0.0020)  acc=0.000000 m/s² (阈值 0.0050)  tcpV=(-0.0000,0.0003,-0.0000)  isStill=1
[Force] 运动检测 #02: pos=(-90.824,-306.345,314.358)mm  tcp=(-90.824,-306.345,314.358)mm  vel=0.000000 m/s (阈值 0.0020)  acc=0.000000 m/s² (阈值 0.0050)  tcpV=(0.0000,-0.0002,-0.0001)  isStill=1
[Force] 运动检测 #03: pos=(-90.824,-306.345,314.358)mm  tcp=(-90.824,-306.345,314.358)mm  vel=0.000000 m/s (阈值 0.0020)  acc=0.000000 m/s² (阈值 0.0050)  tcpV=(0.0004,-0.0003,0.0004)  isStill=1
[Force] 运动检测 #04: pos=(-90.824,-306.345,314.358)mm  tcp=(-90.824,-306.344,314.358)mm  vel=0.000000 m/s (阈值 0.0020)  acc=0.000000 m/s² (阈值 0.0050)  tcpV=(-0.0000,0.0000,0.0002)  isStill=1
[Force] 运动检测 #05: pos=(-90.824,-306.345,314.358)mm  tcp=(-90.824,-306.345,314.358)mm  vel=0.000000 m/s (阈值 0.0020)  acc=0.000000 m/s² (阈值 0.0050)  tcpV=(0.0003,-0.0001,0.0000)  isStill=1
[Force] 运动检测 #06: pos=(-90.824,-306.345,314.358)mm  tcp=(-90.824,-306.344,314.358)mm  vel=0.000000 m/s (阈值 0.0020)  acc=0.000000 m/s² (阈值 0.0050)  tcpV=(0.0000,0.0005,0.0001)  isStill=1
[Force] 运动检测 #07: pos=(-90.824,-306.345,314.358)mm  tcp=(-90.824,-306.345,314.358)mm  vel=0.000000 m/s (阈值 0.0020)  acc=0.000000 m/s² (阈值 0.0050)  tcpV=(0.0003,0.0002,0.0002)  isStill=1
[Force] 运动检测 #08: pos=(-90.824,-306.345,314.358)mm  tcp=(-90.824,-306.344,314.358)mm  vel=0.000000 m/s (阈值 0.0020)  acc=0.000000 m/s² (阈值 0.0050)  tcpV=(0.0004,-0.0001,0.0000)  isStill=1
[Force] 运动检测 #09: pos=(-90.824,-306.345,314.358)mm  tcp=(-90.824,-306.345,314.358)mm  vel=0.000000 m/s (阈值 0.0020)  acc=0.000000 m/s² (阈值 0.0050)  tcpV=(-0.0001,-0.0000,-0.0000)  isStill=1
[Force] 运动检测 #10: pos=(-90.824,-306.345,314.358)mm  tcp=(-90.824,-306.345,314.358)mm  vel=0.000000 m/s (阈值 0.0020)  acc=0.000000 m/s² (阈值 0.0050)  tcpV=(0.0000,0.0000,0.0000)  isStill=1
[Force] 运动检测 #11: pos=(-90.824,-306.345,314.358)mm  tcp=(-90.824,-306.345,314.358)mm  vel=0.000000 m/s (阈值 0.0020)  acc=0.000000 m/s² (阈值 0.0050)  tcpV=(-0.0004,0.0001,0.0004)  isStill=1
[Force] 运动检测 #12: pos=(-90.824,-306.345,314.358)mm  tcp=(-90.824,-306.345,314.358)mm  vel=0.000000 m/s (阈值 0.0020)  acc=0.000000 m/s² (阈值 0.0050)  tcpV=(-0.0003,0.0001,-0.0002)  isStill=1
[Force] 运动检测 #13: pos=(-90.824,-306.345,314.358)mm  tcp=(-90.824,-306.345,314.358)mm  vel=0.000000 m/s (阈值 0.0020)  acc=0.000000 m/s² (阈值 0.0050)  tcpV=(-0.0003,-0.0001,-0.0005)  isStill=1
[Force] 运动检测 #14: pos=(-90.824,-306.345,314.358)mm  tcp=(-90.824,-306.344,314.358)mm  vel=0.000000 m/s (阈值 0.0020)  acc=0.000000 m/s² (阈值 0.0050)  tcpV=(-0.0003,0.0000,0.0003)  isStill=1
[Force] 运动检测 #15: pos=(-90.824,-306.345,314.358)mm  tcp=(-90.824,-306.345,314.358)mm  vel=0.000000 m/s (阈值 0.0020)  acc=0.000000 m/s² (阈值 0.0050)  tcpV=(0.0004,-0.0001,0.0002)  isStill=1
[Force] 运动检测 #16: pos=(-90.824,-306.345,314.358)mm  tcp=(-90.824,-306.344,314.358)mm  vel=0.000000 m/s (阈值 0.0020)  acc=0.000000 m/s² (阈值 0.0050)  tcpV=(-0.0000,0.0002,0.0003)  isStill=1
[Force] 运动检测 #17: pos=(-90.824,-306.345,314.358)mm  tcp=(-90.824,-306.345,314.358)mm  vel=0.000000 m/s (阈值 0.0020)  acc=0.000000 m/s² (阈值 0.0050)  tcpV=(-0.0001,-0.0000,-0.0002)  isStill=1
[Force] 运动检测 #18: pos=(-90.824,-306.345,314.358)mm  tcp=(-90.824,-306.344,314.358)mm  vel=0.000000 m/s (阈值 0.0020)  acc=0.000000 m/s² (阈值 0.0050)  tcpV=(0.0001,0.0001,-0.0003)  isStill=1
[Force] 运动检测 #19: pos=(-90.824,-306.345,314.358)mm  tcp=(-90.824,-306.345,314.358)mm  vel=0.000000 m/s (阈值 0.0020)  acc=0.000000 m/s² (阈值 0.0050)  tcpV=(-0.0001,0.0002,-0.0000)  isStill=1
[Force] 零偏漂移检查: 补偿后读数 0.319733 N, 正常 (< 0.5 N)
[Force] 运动检测 #20: pos=(-90.824,-306.345,314.358)mm  tcp=(-90.824,-306.345,314.358)mm  vel=0.000000 m/s (阈值 0.0020)  acc=0.000000 m/s² (阈值 0.0050)  tcpV=(0.0001,-0.0000,-0.0002)  isStill=1
[Force] 运动检测 #21: pos=(-90.824,-306.345,314.358)mm  tcp=(-90.824,-306.345,314.358)mm  vel=0.000000 m/s (阈值 0.0020)  acc=0.000000 m/s² (阈值 0.0050)  tcpV=(-0.0000,0.0001,-0.0001)  isStill=1
[Force] 运动检测 #22: pos=(-90.824,-306.345,314.358)mm  tcp=(-90.824,-306.345,314.358)mm  vel=0.000000 m/s (阈值 0.0020)  acc=0.000000 m/s² (阈值 0.0050)  tcpV=(0.0001,0.0002,0.0001)  isStill=1
[Force] 运动检测 #23: pos=(-90.824,-306.345,314.358)mm  tcp=(-90.824,-306.345,314.358)mm  vel=0.000000 m/s (阈值 0.0020)  acc=0.000000 m/s² (阈值 0.0050)  tcpV=(0.0000,-0.0000,-0.0002)  isStill=1
[Force] 运动检测 #24: pos=(-90.824,-306.345,314.358)mm  tcp=(-90.824,-306.344,314.358)mm  vel=0.000000 m/s (阈值 0.0020)  acc=0.000000 m/s² (阈值 0.0050)  tcpV=(-0.0001,0.0001,-0.0001)  isStill=1
[Force] 运动检测 #25: pos=(-90.824,-306.345,314.358)mm  tcp=(-90.824,-306.345,314.358)mm  vel=0.000000 m/s (阈值 0.0020)  acc=0.000000 m/s² (阈值 0.0050)  tcpV=(0.0003,-0.0002,-0.0001)  isStill=1
[Force] 运动检测 #26: pos=(-90.824,-306.345,314.358)mm  tcp=(-90.824,-306.345,314.358)mm  vel=0.000000 m/s (阈值 0.0020)  acc=0.000000 m/s² (阈值 0.0050)  tcpV=(0.0000,-0.0001,0.0001)  isStill=1
[Force] 运动检测 #27: pos=(-90.824,-306.345,314.358)mm  tcp=(-90.824,-306.344,314.358)mm  vel=0.000000 m/s (阈值 0.0020)  acc=0.000000 m/s² (阈值 0.0050)  tcpV=(-0.0003,-0.0001,-0.0003)  isStill=1
[Force] 运动检测 #28: pos=(-90.824,-306.345,314.358)mm  tcp=(-90.824,-306.345,314.358)mm  vel=0.000000 m/s (阈值 0.0020)  acc=0.000000 m/s² (阈值 0.0050)  tcpV=(0.0001,0.0001,-0.0001)  isStill=1
[Force] 运动检测 #29: pos=(-90.824,-306.345,314.358)mm  tcp=(-90.824,-306.344,314.358)mm  vel=0.000000 m/s (阈值 0.0020)  acc=0.000000 m/s² (阈值 0.0050)  tcpV=(-0.0001,0.0002,-0.0004)  isStill=1
[Force] 运动检测 #30: pos=(-90.824,-306.345,314.358)mm  tcp=(-90.824,-306.345,314.358)mm  vel=0.000000 m/s (阈值 0.0020)  acc=0.000000 m/s² (阈值 0.0050)  tcpV=(-0.0000,0.0001,-0.0001)  isStill=1

############################################################
##  ⚠⚠  触觉安全提示已关闭  (Config::FORCE_CONSTRAINT_FORCES_ENABLED = false)
##   虚拟约束力已【全部】停用 —— 现在【没有任何】推力提示:
##     · 靠近安全边界 (SAFE_X/Y/Z)
##     · 靠近圆柱奇异 (半径 < 80mm)
##     · 靠近工作空间边缘 (半径 > 550mm)
##     · 靠近历史报警点 (真报过警的位置)
##   ⇒ 请靠【视觉】与【报警指示灯】判断危险。
##   (机械臂自身的碰撞检测与安全皮肤由机械臂侧做, 不受本开关影响。)
##   本横幅每 60 秒复报一次。
############################################################

[StateMachine] READY → RUNNING
[Relay] Button PRESS  — target start=(-90.824,-306.345,314.358)
[Relay] Hold button + move Touch (incremental mode)
[Haptic] Force applied: (0.0025549, -0, -0.655435) N  mag=0.65544  stale=0  button1=1  button2=0
[StateMachine] RUNNING → READY
[Relay] Button RELEASE — motion stopped
[StateMachine] READY → RUNNING
[Relay] Button PRESS  — target start=(-179.43,-344.09,280.23)
[Relay] Hold button + move Touch (incremental mode)
[Relay] Motion sends: 50 ok, 0 fail  target=(-183.246,-339.241,276.551) orient=(-178.32,2.92,-97.68)
[StateMachine] RUNNING → READY
[Relay] Button RELEASE — motion stopped
[StateMachine] READY → RUNNING
[Relay] Button PRESS  — target start=(-246.91,-337.33,239.84)
[Relay] Hold button + move Touch (incremental mode)
[Relay] Motion sends: 100 ok, 0 fail  target=(-245.112,-334.783,233.791) orient=(-178.25,2.92,-97.43)
[Haptic] Force applied: (0.020491, -0, -0.509555) N  mag=0.509966  stale=0  button1=1  button2=0
[Relay] Motion sends: 150 ok, 0 fail  target=(-212.094,-333.485,218.74) orient=(-178.22,2.92,-97.4)
[Haptic] Force applied: (-0.0967592, -0, -0.447971) N  mag=0.458301  stale=0  button1=1  button2=0
[Haptic] Force applied: (-0.135371, -0, -0.0244793) N  mag=0.137566  stale=0  button1=1  button2=0
[Relay] Motion sends: 200 ok, 0 fail  target=(-164.549,-333.045,214.518) orient=(-178.18,2.92,-97.36)
[Haptic] Force applied: (-0.0635303, -0, -0.554465) N  mag=0.558093  stale=0  button1=1  button2=0
[Relay] Motion sends: 250 ok, 0 fail  target=(-130.149,-326.799,226.267) orient=(-178.102,2.92,-97.2818)
[Haptic] Force applied: (0.00451752, -0, -0.6037) N  mag=0.603717  stale=0  button1=1  button2=0
[Relay] Motion sends: 300 ok, 0 fail  target=(-130.232,-312.349,275.619) orient=(-178.11,2.92,-97.29)
[Haptic] Force applied: (-0.120399, -0, -0.252995) N  mag=0.280183  stale=0  button1=1  button2=0
[Relay] Motion sends: 350 ok, 0 fail  target=(-137.543,-317.934,278.015) orient=(-178.073,2.92,-97.27)
[Haptic] Force applied: (-0.0328774, -0, -0.438972) N  mag=0.440202  stale=0  button1=1  button2=0
[Relay] Motion sends: 400 ok, 0 fail  target=(-153.455,-322.037,261.234) orient=(-178.07,2.92,-97.27)
[Haptic] Force applied: (-0.000962794, -0, -0.332596) N  mag=0.332597  stale=0  button1=1  button2=0
[Haptic] Force applied: (0.012705, -0, -0.153368) N  mag=0.153894  stale=0  button1=1  button2=0
[Relay] Motion sends: 450 ok, 0 fail  target=(-157.924,-339.14,259.74) orient=(-178.06,2.92,-97.27)
[Haptic] Force applied: (0.00165354, -0, -0.0527149) N  mag=0.0527408  stale=0  button1=1  button2=0
[Relay] Motion sends: 500 ok, 0 fail  target=(-129.108,-384.011,251.676) orient=(-178.036,2.92,-97.31)
[StateMachine] RUNNING → READY
[Relay] Button RELEASE — motion stopped
[StateMachine] READY → RUNNING
[Relay] Button PRESS  — target start=(-114.86,-379.8,251.33)
[Relay] Hold button + move Touch (incremental mode)
[Haptic] Force applied: (-9.92171e-05, -0, -0.558073) N  mag=0.558073  stale=0  button1=1  button2=0
[Relay] Motion sends: 550 ok, 0 fail  target=(-117.932,-379.689,221.677) orient=(-178.011,2.92999,-97.2697)
[Haptic] Force applied: (0.613807, -0, -0.00163619) N  mag=0.613809  stale=0  button1=1  button2=0
[Relay] Motion sends: 600 ok, 0 fail  target=(-122.562,-338.509,205.245) orient=(-177.991,2.93,-97.2598)
[Haptic] Force applied: (-1.04824, -0, -1.74206) N  mag=2.03312  stale=0  button1=1  button2=0
[Haptic] Force applied: (1.74987, -0, -0.831759) N  mag=1.93749  stale=0  button1=1  button2=0
[Relay] Motion sends: 650 ok, 0 fail  target=(-101.207,-319.348,209.926) orient=(-177.99,2.93,-96.5942)
[Haptic] Force applied: (-0.235208, -0, -0.624134) N  mag=0.666983  stale=0  button1=1  button2=0
[Relay] Motion sends: 700 ok, 0 fail  target=(-113.974,-307.045,211.327) orient=(-177.86,2.93,-95.17)
[Haptic] Force applied: (-0.307343, -0, -0.451801) N  mag=0.546428  stale=0  button1=1  button2=0
[Relay] Motion sends: 750 ok, 0 fail  target=(-111.735,-292.918,224.016) orient=(-177.86,2.93,-95.15)
[Haptic] Force applied: (-0.00119249, -0, -0.239403) N  mag=0.239406  stale=0  button1=1  button2=0
[Relay] Motion sends: 800 ok, 0 fail  target=(-110.628,-275.182,329.651) orient=(-177.85,2.93,-95.14)
[StateMachine] RUNNING → READY
[Relay] Button RELEASE — motion stopped

############################################################
##  ⚠⚠  触觉安全提示已关闭  (Config::FORCE_CONSTRAINT_FORCES_ENABLED = false)
##   虚拟约束力已【全部】停用 —— 现在【没有任何】推力提示:
##     · 靠近安全边界 (SAFE_X/Y/Z)
##     · 靠近圆柱奇异 (半径 < 80mm)
##     · 靠近工作空间边缘 (半径 > 550mm)
##     · 靠近历史报警点 (真报过警的位置)
##   ⇒ 请靠【视觉】与【报警指示灯】判断危险。
##   (机械臂自身的碰撞检测与安全皮肤由机械臂侧做, 不受本开关影响。)
##   本横幅每 60 秒复报一次。
############################################################


############################################################
##  ⚠⚠  触觉安全提示已关闭  (Config::FORCE_CONSTRAINT_FORCES_ENABLED = false)
##   虚拟约束力已【全部】停用 —— 现在【没有任何】推力提示:
##     · 靠近安全边界 (SAFE_X/Y/Z)
##     · 靠近圆柱奇异 (半径 < 80mm)
##     · 靠近工作空间边缘 (半径 > 550mm)
##     · 靠近历史报警点 (真报过警的位置)
##   ⇒ 请靠【视觉】与【报警指示灯】判断危险。
##   (机械臂自身的碰撞检测与安全皮肤由机械臂侧做, 不受本开关影响。)
##   本横幅每 60 秒复报一次。
############################################################

[StateMachine] READY → RUNNING
[Relay] Button PRESS  — target start=(-110.85,-273.2,335.98)
[Relay] Hold button + move Touch (incremental mode)
[Haptic] Force applied: (-0.0490071, -0, -0.40616) N  mag=0.409106  stale=0  button1=1  button2=0
[StateMachine] RUNNING → READY
[Relay] Button RELEASE — motion stopped
[StateMachine] READY → RUNNING
[Relay] Button PRESS  — target start=(-110.778,-273.321,335.861)
[Relay] Hold button + move Touch (incremental mode)
[StateMachine] RUNNING → READY
[Relay] Button RELEASE — motion stopped
[StateMachine] READY → RUNNING
[Relay] Button PRESS  — target start=(-110.74,-273.3,335.78)
[Relay] Hold button + move Touch (incremental mode)
[Haptic] Force applied: (0.176597, -0, -0.743642) N  mag=0.764323  stale=0  button1=1  button2=0
[Relay] Motion sends: 850 ok, 0 fail  target=(-178.572,-334.756,324.555) orient=(-177.85,3.15411,-94.9931)
[StateMachine] RUNNING → READY
[Relay] Button RELEASE — motion stopped

############################################################
##  ⚠⚠  触觉安全提示已关闭  (Config::FORCE_CONSTRAINT_FORCES_ENABLED = false)
##   虚拟约束力已【全部】停用 —— 现在【没有任何】推力提示:
##     · 靠近安全边界 (SAFE_X/Y/Z)
##     · 靠近圆柱奇异 (半径 < 80mm)
##     · 靠近工作空间边缘 (半径 > 550mm)
##     · 靠近历史报警点 (真报过警的位置)
##   ⇒ 请靠【视觉】与【报警指示灯】判断危险。
##   (机械臂自身的碰撞检测与安全皮肤由机械臂侧做, 不受本开关影响。)
##   本横幅每 60 秒复报一次。
############################################################

[StateMachine] READY → RUNNING
[Relay] Button PRESS  — target start=(-194.13,-336.33,310.16)
[Relay] Hold button + move Touch (incremental mode)
[StateMachine] RUNNING → READY
[Relay] Button RELEASE — motion stopped
[StateMachine] READY → RUNNING
[Relay] Button PRESS  — target start=(-219.14,-332.72,260.98)
[Relay] Hold button + move Touch (incremental mode)
[Haptic] Force applied: (-0.00453928, -0, -0.570807) N  mag=0.570825  stale=0  button1=1  button2=0
[Relay] Motion sends: 900 ok, 0 fail  target=(-249.397,-320.852,245.552) orient=(-177.85,3.15,-94.99)
[StateMachine] RUNNING → READY
[Relay] Button RELEASE — motion stopped
[StateMachine] READY → RUNNING
[Relay] Button PRESS  — target start=(-256.79,-316.81,240.31)
[Relay] Hold button + move Touch (incremental mode)
[Haptic] Force applied: (-0.000197509, -0, -0.269804) N  mag=0.269804  stale=0  button1=1  button2=0
[Relay] Motion sends: 950 ok, 0 fail  target=(-248.683,-321.15,214.252) orient=(-177.81,3.15735,-94.99)
[Haptic] Force applied: (0.00761801, -0, -0.0285689) N  mag=0.0295672  stale=0  button1=1  button2=0
[Haptic] Force applied: (-0.00138632, -0, -0.0579434) N  mag=0.0579599  stale=0  button1=1  button2=0
[Relay] Motion sends: 1000 ok, 0 fail  target=(-207.318,-330.442,216.411) orient=(-177.801,3.16,-94.9284)
[Haptic] Force applied: (1.32438e-05, -0, -0.515651) N  mag=0.515651  stale=0  button1=1  button2=0
[Relay] Motion sends: 1050 ok, 0 fail  target=(-172.991,-335.084,217.805) orient=(-177.8,3.16,-94.9162)
[Haptic] Force applied: (-0.102245, -0, -0.427382) N  mag=0.439442  stale=0  button1=1  button2=0
[Relay] Motion sends: 1100 ok, 0 fail  target=(-148.588,-336.848,222.708) orient=(-177.78,3.17945,-94.9504)
[Haptic] Force applied: (-0.0119904, -0, -0.588542) N  mag=0.588664  stale=0  button1=1  button2=0
[Relay] Motion sends: 1150 ok, 0 fail  target=(-113.39,-332.554,224.239) orient=(-177.79,3.18,-94.95)
[Haptic] Force applied: (-0.000557161, -0, -0.597209) N  mag=0.597209  stale=0  button1=1  button2=0
[Relay] Motion sends: 1200 ok, 0 fail  target=(-72.0586,-323.815,218.826) orient=(-177.802,3.18,-94.98)
[Haptic] Force applied: (-0.0837403, -0, -0.0476539) N  mag=0.09635  stale=0  button1=1  button2=0
[Haptic] Force applied: (7.7283e-07, -0, -0.545367) N  mag=0.545367  stale=0  button1=1  button2=0
[Relay] Motion sends: 1250 ok, 0 fail  target=(-66.1906,-318.905,276.285) orient=(-177.8,3.18,-94.98)
[Haptic] Force applied: (-0.411914, -0, -0.590191) N  mag=0.719721  stale=0  button1=1  button2=0
[Relay] Motion sends: 1300 ok, 0 fail  target=(-178.166,-319.339,262.073) orient=(-177.72,3.18,-94.9715)
[Haptic] Force applied: (-0.045479, -0, -0.341008) N  mag=0.344027  stale=0  button1=1  button2=0
[Relay] Motion sends: 1350 ok, 0 fail  target=(-245.343,-310.46,249.566) orient=(-177.73,3.18,-94.97)
[Haptic] Force applied: (-0.00301349, -0, -0.231755) N  mag=0.231775  stale=0  button1=1  button2=0
[Relay] Motion sends: 1400 ok, 0 fail  target=(-209.65,-318.678,212.345) orient=(-177.661,3.18,-94.98)
[Haptic] Force applied: (-2.96508e-07, -0, -0.211081) N  mag=0.211081  stale=0  button1=1  button2=0

===== 帧率噪声探针 (原始 @1304, 未补偿; 最近 1024 帧) =====
  帧率: 平均间隔 8.150 ms (= 122.7 Hz)   最大间隔 9.6 ms   跨度 8337 ms
        (文档值: 8 ms / 125 Hz —— 实测对得上)

  轴    mean          sd(单帧)     lag1自相关   lag2        lag4
  x    -18.5179      0.1734     +0.496     -0.123     +0.110
  y     -2.1613      0.1996     +0.607     +0.097     +0.380
  z     +4.7353      0.2652     +0.334     +0.285     +0.336

  块平均 (连续 k 帧取平均后的 sd / 单帧 sd);  理论值 = 1/sqrt(k)
    k        Fx        Fy        Fz      理论
    2      0.871      0.896      0.826     0.707
    4      0.591      0.712      0.709     0.500
    8      0.489      0.657      0.664     0.354
   16      0.410      0.622      0.644     0.250
   32      0.368      0.569      0.635     0.177

  ☞ 判决 (看 k=16 那一行 Fz):
     ✗ Fz 的块平均【基本不掉】⇒ 噪声落在比 16 帧更慢的频带上 (慢漂/机械)。
       ⇒ 挪到帧率上跑【没用】, 别白改一遍滤波; 得换修法。

  平稳性体检 (前半段均值 − 后半段均值, 单位 N):
    x:   +0.0148   噪声允许 ~0.0077 (3σ 门限 0.0230)   在容许内 ⇒ 这一段可当平稳
    y:   +0.1317   噪声允许 ~0.0088 (3σ 门限 0.0265)   ★ 明显更大 ⇒ 这段在漂, 上一张表不作数
    z:   +0.1893   噪声允许 ~0.0117 (3σ 门限 0.0352)   ★ 明显更大 ⇒ 这段在漂, 上一张表不作数

===== 抖动诊断 (只读累加器; 与上面那个探针【窗口不同】: 本段自上次 'n' 起) =====
  A) 输出(手感) hapticOut —— 【已过】轴映射+死区+增益; 单位 Touch N; N = 33007 帧
     轴        mean          sd
     x    -0.02979     0.13010
     y    +0.00000     0.00000
     z    -0.47270     0.16607
     (y 轴恒 0 ⇒ 这一轴当前【被关掉】, 不是【没噪声】: 见 Config::FORCE_FEEDBACK_Z_SIGN)
  B) 补偿后残差 = 【进死区的 filtered】(补偿+滤波后, 【未过】死区); 单位 传感器 N; 同一窗口 N = 33007 帧
     轴        mean          sd     |残差|>=0.200 N 的帧占比
     x    -0.03695     0.10693         2.47%
     y    +0.24310     0.07691        88.84%
     z    -0.11456     0.20763         9.47%
  ☞ 计划里写下的判据 (Docs/superpowers/plans/2026-09-23-haptic-output-jitter-instrument.md):
     A: 输出的 sd 【明显大于】11 Hz 落盘口量到的 0.028 N (推算真实速率下 ≈0.15 N) ⇒ "D2 用错了仪器"成立。
     B: 占比 ≈ 15~25% (1.27σ 的高斯尾) ⇒ "噪声对死区"这个机制成立;
        【远低于 15% ⇒ 机制不成立】, 那时别按这个机制去改死区 (回到【另有其因】)。
[Relay] Motion sends: 1450 ok, 0 fail  target=(-167.375,-329.831,212.089) orient=(-177.66,3.18,-94.96)
[Haptic] Force applied: (-0.0611134, -0, -0.019572) N  mag=0.064171  stale=0  button1=1  button2=0
[StateMachine] REJECT frame: ERR_IK_SINGULAR
[Safety] REJECT: singular configuration (cond>>500) — candidate=(-156.068,-331.082,211.523)
[Haptic] Force applied: (-0.0490877, -0, -0.424208) N  mag=0.427039  stale=0  button1=1  button2=0
[Relay] Motion sends: 1500 ok, 0 fail  target=(-133.724,-334.678,212.209) orient=(-177.593,3.18675,-94.9)
[Haptic] Force applied: (-0.0283164, -0, -0.207789) N  mag=0.20971  stale=0  button1=1  button2=0
[Relay] Motion sends: 1550 ok, 0 fail  target=(-97.9208,-331.779,215.206) orient=(-177.631,3.19,-94.826)
[Haptic] Force applied: (-0.223983, -0, -0.52378) N  mag=0.569661  stale=0  button1=1  button2=0
[Relay] Motion sends: 1600 ok, 0 fail  target=(-54.8056,-331.745,224.801) orient=(-177.63,3.19,-94.8003)
[Haptic] Force applied: (-0.0473314, -0, -0.429188) N  mag=0.43179  stale=0  button1=1  button2=0
[StateMachine] RUNNING → READY
[Relay] Button RELEASE — motion stopped

############################################################
##  ⚠⚠  触觉安全提示已关闭  (Config::FORCE_CONSTRAINT_FORCES_ENABLED = false)
##   虚拟约束力已【全部】停用 —— 现在【没有任何】推力提示:
##     · 靠近安全边界 (SAFE_X/Y/Z)
##     · 靠近圆柱奇异 (半径 < 80mm)
##     · 靠近工作空间边缘 (半径 > 550mm)
##     · 靠近历史报警点 (真报过警的位置)
##   ⇒ 请靠【视觉】与【报警指示灯】判断危险。
##   (机械臂自身的碰撞检测与安全皮肤由机械臂侧做, 不受本开关影响。)
##   本横幅每 60 秒复报一次。
############################################################

[StateMachine] READY → RUNNING
[Relay] Button PRESS  — target start=(-75.8799,-320.25,274.43)
[Relay] Hold button + move Touch (incremental mode)
[Relay] Motion sends: 1650 ok, 0 fail  target=(-128.083,-334.581,284.662) orient=(-177.64,3.20037,-94.81)
[Haptic] Force applied: (0.00475024, -0, -0.575149) N  mag=0.575169  stale=0  button1=1  button2=0
[StateMachine] RUNNING → READY
[Relay] Button RELEASE — motion stopped
[StateMachine] READY → RUNNING
[Relay] Button PRESS  — target start=(-194.46,-329.77,261.97)
[Relay] Hold button + move Touch (incremental mode)
[Haptic] Force applied: (-0.00260221, -0, -0.224549) N  mag=0.224564  stale=0  button1=1  button2=0
[Relay] Motion sends: 1700 ok, 0 fail  target=(-241.844,-311.325,243.588) orient=(-177.64,3.42,-94.81)
[StateMachine] RUNNING → READY
[Relay] Button RELEASE — motion stopped

===== 帧率噪声探针 (原始 @1304, 未补偿; 最近 1024 帧) =====
  帧率: 平均间隔 8.146 ms (= 122.8 Hz)   最大间隔 8.5 ms   跨度 8333 ms
        (文档值: 8 ms / 125 Hz —— 实测对得上)

  轴    mean          sd(单帧)     lag1自相关   lag2        lag4
  x    -18.5035      0.1184     +0.479     -0.007     +0.088
  y     -2.1451      0.1272     +0.564     +0.096     +0.298
  z     +4.8351      0.1801     -0.181     +0.034     -0.158

  块平均 (连续 k 帧取平均后的 sd / 单帧 sd);  理论值 = 1/sqrt(k)
    k        Fx        Fy        Fz      理论
    2      0.854      0.885      0.659     0.707
    4      0.649      0.699      0.447     0.500
    8      0.512      0.607      0.301     0.354
   16      0.390      0.521      0.242     0.250
   32      0.327      0.429      0.191     0.177

  ☞ 判决 (看 k=16 那一行 Fz):
     ✔ Fz 的块平均【跟着 1/sqrt(k) 掉】⇒ 样本近似独立 (宽带噪声)。
       ⇒ 把补偿+滤波挪到【帧率】上跑就能白赚 √N; 现在跑在 ~11 Hz 上,
         等于把 8 ms 一档的信息丢了 11 分之 10。

  平稳性体检 (前半段均值 − 后半段均值, 单位 N):
    x:   -0.0294   噪声允许 ~0.0052 (3σ 门限 0.0157)   ★ 明显更大 ⇒ 这段在漂, 上一张表不作数
    y:   +0.0377   噪声允许 ~0.0056 (3σ 门限 0.0169)   ★ 明显更大 ⇒ 这段在漂, 上一张表不作数
    z:   +0.0059   噪声允许 ~0.0080 (3σ 门限 0.0239)   在容许内 ⇒ 这一段可当平稳

===== 抖动诊断 (只读累加器; 与上面那个探针【窗口不同】: 本段自上次 'n' 起) =====
  A) 输出(手感) hapticOut —— 【已过】轴映射+死区+增益; 单位 Touch N; N = 9061 帧
     轴        mean          sd
     x    -0.02238     0.07276
     y    +0.00000     0.00000
     z    -0.61191     0.22720
     (y 轴恒 0 ⇒ 这一轴当前【被关掉】, 不是【没噪声】: 见 Config::FORCE_FEEDBACK_Z_SIGN)
  B) 补偿后残差 = 【进死区的 filtered】(补偿+滤波后, 【未过】死区); 单位 传感器 N; 同一窗口 N = 9061 帧
     轴        mean          sd     |残差|>=0.200 N 的帧占比
     x    -0.04702     0.04481         1.49%
     y    +0.31407     0.10694        83.43%
     z    -0.11320     0.09446         9.40%
  ☞ 计划里写下的判据 (Docs/superpowers/plans/2026-09-23-haptic-output-jitter-instrument.md):
     A: 输出的 sd 【明显大于】11 Hz 落盘口量到的 0.028 N (推算真实速率下 ≈0.15 N) ⇒ "D2 用错了仪器"成立。
     B: 占比 ≈ 15~25% (1.27σ 的高斯尾) ⇒ "噪声对死区"这个机制成立;
        【远低于 15% ⇒ 机制不成立】, 那时别按这个机制去改死区 (回到【另有其因】)。
[StateMachine] READY → RUNNING
[Relay] Button PRESS  — target start=(-241.84,-311.32,243.59)
[Relay] Hold button + move Touch (incremental mode)
[Relay] Motion sends: 1750 ok, 0 fail  target=(-199.575,-316.41,216.615) orient=(-177.618,3.42,-94.83)
[Haptic] Force applied: (-0.15492, -0, 0.197568) N  mag=0.251064  stale=0  button1=1  button2=0
[Relay] Motion sends: 1800 ok, 0 fail  target=(-156.65,-319.713,213.883) orient=(-177.608,3.43004,-94.8)
[Relay] Motion sends: 1850 ok, 0 fail  target=(-135.818,-322.234,209.896) orient=(-177.57,3.47,-94.81)
[Haptic] Force applied: (-0.269518, -0, -0.00165983) N  mag=0.269523  stale=0  button1=1  button2=0

===== 帧率噪声探针 (原始 @1304, 未补偿; 最近 1024 帧) =====
  帧率: 平均间隔 8.150 ms (= 122.7 Hz)   最大间隔 9.0 ms   跨度 8338 ms
        (文档值: 8 ms / 125 Hz —— 实测对得上)

  轴    mean          sd(单帧)     lag1自相关   lag2        lag4
  x    -18.5935      0.1412     +0.541     +0.064     +0.316
  y     -2.2791      0.1690     +0.669     +0.291     +0.489
  z     +4.5420      0.2355     +0.299     +0.418     +0.308

  块平均 (连续 k 帧取平均后的 sd / 单帧 sd);  理论值 = 1/sqrt(k)
    k        Fx        Fy        Fz      理论
    2      0.889      0.925      0.808     0.707
    4      0.690      0.774      0.728     0.500
    8      0.623      0.732      0.688     0.354
   16      0.581      0.702      0.672     0.250
   32      0.544      0.640      0.668     0.177

  ☞ 判决 (看 k=16 那一行 Fz):
     ✗ Fz 的块平均【基本不掉】⇒ 噪声落在比 16 帧更慢的频带上 (慢漂/机械)。
       ⇒ 挪到帧率上跑【没用】, 别白改一遍滤波; 得换修法。

  平稳性体检 (前半段均值 − 后半段均值, 单位 N):
    x:   +0.0676   噪声允许 ~0.0062 (3σ 门限 0.0187)   ★ 明显更大 ⇒ 这段在漂, 上一张表不作数
    y:   +0.0541   噪声允许 ~0.0075 (3σ 门限 0.0224)   ★ 明显更大 ⇒ 这段在漂, 上一张表不作数
    z:   +0.1501   噪声允许 ~0.0104 (3σ 门限 0.0312)   ★ 明显更大 ⇒ 这段在漂, 上一张表不作数

===== 抖动诊断 (只读累加器; 与上面那个探针【窗口不同】: 本段自上次 'n' 起) =====
  A) 输出(手感) hapticOut —— 【已过】轴映射+死区+增益; 单位 Touch N; N = 1112 帧
     轴        mean          sd
     x    -0.09720     0.15188
     y    +0.00000     0.00000
     z    -0.14975     0.20555
     (y 轴恒 0 ⇒ 这一轴当前【被关掉】, 不是【没噪声】: 见 Config::FORCE_FEEDBACK_Z_SIGN)
  B) 补偿后残差 = 【进死区的 filtered】(补偿+滤波后, 【未过】死区); 单位 传感器 N; 同一窗口 N = 1112 帧
     轴        mean          sd     |残差|>=0.200 N 的帧占比
     x    -0.08036     0.08555         9.71%
     y    +0.09101     0.11838        13.31%
     z    -0.35820     0.17083        77.52%
  ☞ 计划里写下的判据 (Docs/superpowers/plans/2026-09-23-haptic-output-jitter-instrument.md):
     A: 输出的 sd 【明显大于】11 Hz 落盘口量到的 0.028 N (推算真实速率下 ≈0.15 N) ⇒ "D2 用错了仪器"成立。
     B: 占比 ≈ 15~25% (1.27σ 的高斯尾) ⇒ "噪声对死区"这个机制成立;
        【远低于 15% ⇒ 机制不成立】, 那时别按这个机制去改死区 (回到【另有其因】)。
[Haptic] Force applied: (-0.0227402, -0, -8.04567e-06) N  mag=0.0227402  stale=0  button1=1  button2=0
[Relay] Motion sends: 1900 ok, 0 fail  target=(-104.681,-324.602,213.398) orient=(-177.55,3.47993,-94.82)
[Haptic] Force applied: (-0.189714, -0, -0.0260263) N  mag=0.191491  stale=0  button1=1  button2=0
[Relay] Motion sends: 1950 ok, 0 fail  target=(-65.0854,-325.484,231.237) orient=(-177.62,3.48,-94.83)
[StateMachine] RUNNING → READY
[Relay] Button RELEASE — motion stopped

############################################################
##  ⚠⚠  触觉安全提示已关闭  (Config::FORCE_CONSTRAINT_FORCES_ENABLED = false)
##   虚拟约束力已【全部】停用 —— 现在【没有任何】推力提示:
##     · 靠近安全边界 (SAFE_X/Y/Z)
##     · 靠近圆柱奇异 (半径 < 80mm)
##     · 靠近工作空间边缘 (半径 > 550mm)
##     · 靠近历史报警点 (真报过警的位置)
##   ⇒ 请靠【视觉】与【报警指示灯】判断危险。
##   (机械臂自身的碰撞检测与安全皮肤由机械臂侧做, 不受本开关影响。)
##   本横幅每 60 秒复报一次。
############################################################

[StateMachine] READY → RUNNING
[Relay] Button PRESS  — target start=(-71.9899,-317.55,261.97)
[Relay] Hold button + move Touch (incremental mode)
[Haptic] Force applied: (0.00854253, -0, -0.464994) N  mag=0.465072  stale=0  button1=1  button2=0
[StateMachine] RUNNING → READY
[Relay] Button RELEASE — motion stopped
[StateMachine] READY → RUNNING
[Relay] Button PRESS  — target start=(-71.89,-317.67,262.21)
[Relay] Hold button + move Touch (incremental mode)

############################################################
##  ⚠⚠  触觉安全提示已关闭  (Config::FORCE_CONSTRAINT_FORCES_ENABLED = false)
##   虚拟约束力已【全部】停用 —— 现在【没有任何】推力提示:
##     · 靠近安全边界 (SAFE_X/Y/Z)
##     · 靠近圆柱奇异 (半径 < 80mm)
##     · 靠近工作空间边缘 (半径 > 550mm)
##     · 靠近历史报警点 (真报过警的位置)
##   ⇒ 请靠【视觉】与【报警指示灯】判断危险。
##   (机械臂自身的碰撞检测与安全皮肤由机械臂侧做, 不受本开关影响。)
##   本横幅每 60 秒复报一次。
############################################################

[Haptic] Force applied: (-0.034511, -0, -0.409551) N  mag=0.411002  stale=0  button1=1  button2=0
[StateMachine] RUNNING → READY
[Relay] Button RELEASE — motion stopped
[StateMachine] READY → RUNNING
[Relay] Button PRESS  — target start=(-116.88,-327.89,247.57)
[Relay] Hold button + move Touch (incremental mode)
[StateMachine] RUNNING → READY
[Relay] Button RELEASE — motion stopped

===== 帧率噪声探针 (原始 @1304, 未补偿; 最近 1024 帧) =====
  帧率: 平均间隔 8.144 ms (= 122.8 Hz)   最大间隔 8.5 ms   跨度 8331 ms
        (文档值: 8 ms / 125 Hz —— 实测对得上)

  轴    mean          sd(单帧)     lag1自相关   lag2        lag4
  x    -18.4866      0.1025     +0.541     +0.271     +0.380
  y     -2.1330      0.0902     +0.461     +0.063     +0.255
  z     +4.8368      0.1657     -0.329     +0.125     -0.231

  块平均 (连续 k 帧取平均后的 sd / 单帧 sd);  理论值 = 1/sqrt(k)
    k        Fx        Fy        Fz      理论
    2      0.873      0.843      0.594     0.707
    4      0.701      0.667      0.426     0.500
    8      0.662      0.557      0.320     0.354
   16      0.611      0.417      0.215     0.250
   32      0.593      0.350      0.173     0.177

  ☞ 判决 (看 k=16 那一行 Fz):
     ✔ Fz 的块平均【跟着 1/sqrt(k) 掉】⇒ 样本近似独立 (宽带噪声)。
       ⇒ 把补偿+滤波挪到【帧率】上跑就能白赚 √N; 现在跑在 ~11 Hz 上,
         等于把 8 ms 一档的信息丢了 11 分之 10。

  平稳性体检 (前半段均值 − 后半段均值, 单位 N):
    x:   +0.0764   噪声允许 ~0.0045 (3σ 门限 0.0136)   ★ 明显更大 ⇒ 这段在漂, 上一张表不作数
    y:   +0.0202   噪声允许 ~0.0040 (3σ 门限 0.0120)   ★ 明显更大 ⇒ 这段在漂, 上一张表不作数
    z:   -0.0042   噪声允许 ~0.0073 (3σ 门限 0.0220)   在容许内 ⇒ 这一段可当平稳

===== 抖动诊断 (只读累加器; 与上面那个探针【窗口不同】: 本段自上次 'n' 起) =====
  A) 输出(手感) hapticOut —— 【已过】轴映射+死区+增益; 单位 Touch N; N = 8970 帧
     轴        mean          sd
     x    +0.00047     0.04746
     y    +0.00000     0.00000
     z    -0.47710     0.09256
     (y 轴恒 0 ⇒ 这一轴当前【被关掉】, 不是【没噪声】: 见 Config::FORCE_FEEDBACK_Z_SIGN)
  B) 补偿后残差 = 【进死区的 filtered】(补偿+滤波后, 【未过】死区); 单位 传感器 N; 同一窗口 N = 8970 帧
     轴        mean          sd     |残差|>=0.200 N 的帧占比
     x    +0.04130     0.04707         0.42%
     y    +0.24321     0.03894        93.77%
     z    -0.11587     0.04040         3.71%
  ☞ 计划里写下的判据 (Docs/superpowers/plans/2026-09-23-haptic-output-jitter-instrument.md):
     A: 输出的 sd 【明显大于】11 Hz 落盘口量到的 0.028 N (推算真实速率下 ≈0.15 N) ⇒ "D2 用错了仪器"成立。
     B: 占比 ≈ 15~25% (1.27σ 的高斯尾) ⇒ "噪声对死区"这个机制成立;
        【远低于 15% ⇒ 机制不成立】, 那时别按这个机制去改死区 (回到【另有其因】)。
[StateMachine] READY → RUNNING
[Relay] Button PRESS  — target start=(-121.68,-324.19,238.06)
[Relay] Hold button + move Touch (incremental mode)
[Relay] Motion sends: 2000 ok, 0 fail  target=(-121.747,-324.213,237.167) orient=(-177.62,3.48,-94.83)
[Haptic] Force applied: (0.847821, -0, -0.136061) N  mag=0.858669  stale=0  button1=1  button2=0
[Relay] Motion sends: 2050 ok, 0 fail  target=(-128.332,-319.783,205.424) orient=(-177.55,3.54999,-94.87)

===== 帧率噪声探针 (原始 @1304, 未补偿; 最近 1024 帧) =====
  帧率: 平均间隔 8.145 ms (= 122.8 Hz)   最大间隔 8.5 ms   跨度 8333 ms
        (文档值: 8 ms / 125 Hz —— 实测对得上)

  轴    mean          sd(单帧)     lag1自相关   lag2        lag4
  x    -18.5096      0.3144     +0.919     +0.845     +0.852
  y     -2.1527      0.4630     +0.960     +0.920     +0.918
  z     +4.1198      1.5353     +0.980     +0.980     +0.969

  块平均 (连续 k 帧取平均后的 sd / 单帧 sd);  理论值 = 1/sqrt(k)
    k        Fx        Fy        Fz      理论
    2      0.983      0.992      0.996     0.707
    4      0.958      0.980      0.995     0.500
    8      0.941      0.972      0.994     0.354
   16      0.912      0.945      0.990     0.250
   32      0.839      0.847      0.968     0.177

  ☞ 判决 (看 k=16 那一行 Fz):
     ✗ Fz 的块平均【基本不掉】⇒ 噪声落在比 16 帧更慢的频带上 (慢漂/机械)。
       ⇒ 挪到帧率上跑【没用】, 别白改一遍滤波; 得换修法。

  平稳性体检 (前半段均值 − 后半段均值, 单位 N):
    x:   -0.0204   噪声允许 ~0.0139 (3σ 门限 0.0417)   在容许内 ⇒ 这一段可当平稳
    y:   +0.0464   噪声允许 ~0.0205 (3σ 门限 0.0614)   在容许内 ⇒ 这一段可当平稳
    z:   +1.4344   噪声允许 ~0.0679 (3σ 门限 0.2036)   ★ 明显更大 ⇒ 这段在漂, 上一张表不作数

===== 抖动诊断 (只读累加器; 与上面那个探针【窗口不同】: 本段自上次 'n' 起) =====
  A) 输出(手感) hapticOut —— 【已过】轴映射+死区+增益; 单位 Touch N; N = 443 帧
     轴        mean          sd
     x    +0.01026     0.83894
     y    +0.00000     0.00000
     z    -0.38176     1.31033
     (y 轴恒 0 ⇒ 这一轴当前【被关掉】, 不是【没噪声】: 见 Config::FORCE_FEEDBACK_Z_SIGN)
  B) 补偿后残差 = 【进死区的 filtered】(补偿+滤波后, 【未过】死区); 单位 传感器 N; 同一窗口 N = 443 帧
     轴        mean          sd     |残差|>=0.200 N 的帧占比
     x    +0.01838     0.42605        41.31%
     y    +0.19509     0.66195        80.59%
     z    -1.70113     1.94775        62.98%
  ☞ 计划里写下的判据 (Docs/superpowers/plans/2026-09-23-haptic-output-jitter-instrument.md):
     A: 输出的 sd 【明显大于】11 Hz 落盘口量到的 0.028 N (推算真实速率下 ≈0.15 N) ⇒ "D2 用错了仪器"成立。
     B: 占比 ≈ 15~25% (1.27σ 的高斯尾) ⇒ "噪声对死区"这个机制成立;
        【远低于 15% ⇒ 机制不成立】, 那时别按这个机制去改死区 (回到【另有其因】)。
[Haptic] Force applied: (-0.805757, -0, 0.130203) N  mag=0.816209  stale=0  button1=1  button2=0
[Relay] Motion sends: 2100 ok, 0 fail  target=(-125.668,-336.021,208.366) orient=(-177.55,3.55,-94.87)
[StateMachine] RUNNING → READY
[Relay] Button RELEASE — motion stopped
[StateMachine] READY → RUNNING
[Relay] Button PRESS  — target start=(-132.35,-335.23,210.27)
[Relay] Hold button + move Touch (incremental mode)
[StateMachine] RUNNING → READY
[Relay] Button RELEASE — motion stopped
[StateMachine] READY → RUNNING
[Relay] Button PRESS  — target start=(-135.37,-336.28,285.3)
[Relay] Hold button + move Touch (incremental mode)
[Relay] Motion sends: 2150 ok, 0 fail  target=(-134.168,-360.039,355.091) orient=(-177.48,3.80186,-94.6181)
[StateMachine] RUNNING → READY
[Relay] Button RELEASE — motion stopped

############################################################
##  ⚠⚠  触觉安全提示已关闭  (Config::FORCE_CONSTRAINT_FORCES_ENABLED = false)
##   虚拟约束力已【全部】停用 —— 现在【没有任何】推力提示:
##     · 靠近安全边界 (SAFE_X/Y/Z)
##     · 靠近圆柱奇异 (半径 < 80mm)
##     · 靠近工作空间边缘 (半径 > 550mm)
##     · 靠近历史报警点 (真报过警的位置)
##   ⇒ 请靠【视觉】与【报警指示灯】判断危险。
##   (机械臂自身的碰撞检测与安全皮肤由机械臂侧做, 不受本开关影响。)
##   本横幅每 60 秒复报一次。
############################################################


############################################################
##  ⚠⚠  触觉安全提示已关闭  (Config::FORCE_CONSTRAINT_FORCES_ENABLED = false)
##   虚拟约束力已【全部】停用 —— 现在【没有任何】推力提示:
##     · 靠近安全边界 (SAFE_X/Y/Z)
##     · 靠近圆柱奇异 (半径 < 80mm)
##     · 靠近工作空间边缘 (半径 > 550mm)
##     · 靠近历史报警点 (真报过警的位置)
##   ⇒ 请靠【视觉】与【报警指示灯】判断危险。
##   (机械臂自身的碰撞检测与安全皮肤由机械臂侧做, 不受本开关影响。)
##   本横幅每 60 秒复报一次。
############################################################

[StateMachine] READY → RUNNING
[Relay] Button PRESS  — target start=(-134.15,-360.72,359.54)
[Relay] Hold button + move Touch (incremental mode)
[Haptic] Force applied: (-2.959e-05, -0, -0.648717) N  mag=0.648717  stale=0  button1=1  button2=0
[StateMachine] RUNNING → READY
[Relay] Button RELEASE — motion stopped
[StateMachine] READY → RUNNING
[Relay] Button PRESS  — target start=(-134.08,-360.85,360.05)
[Relay] Hold button + move Touch (incremental mode)
[Haptic] Force applied: (-0.0935088, -0, -0.565443) N  mag=0.573122  stale=0  button1=1  button2=0
[StateMachine] RUNNING → READY
[Relay] Button RELEASE — motion stopped
[StateMachine] READY → RUNNING
[Relay] Button PRESS  — target start=(-154.63,-389.95,282.51)
[Relay] Hold button + move Touch (incremental mode)
[Relay] Motion sends: 2200 ok, 0 fail  target=(-157.113,-390.596,267.068) orient=(-177.23,3.87,-94.55)
[Haptic] Force applied: (-0.00011705, -0, -0.605095) N  mag=0.605095  stale=0  button1=1  button2=0
[Relay] Motion sends: 2250 ok, 0 fail  target=(-168.116,-406.136,244.879) orient=(-177.23,3.83999,-94.55)
[Haptic] Force applied: (8.42333e-07, -0, -0.214236) N  mag=0.214236  stale=0  button1=1  button2=0
[Haptic] Force applied: (3.58822e-05, -0, -0.243839) N  mag=0.243839  stale=0  button1=1  button2=0
[Relay] Motion sends: 2300 ok, 0 fail  target=(-170.108,-405.082,231.261) orient=(-177.22,3.86,-94.54)
[Haptic] Force applied: (-0.182395, -0, -0.596116) N  mag=0.623395  stale=0  button1=1  button2=0
[StateMachine] RUNNING → READY
[Relay] Button RELEASE — motion stopped
[StateMachine] READY → RUNNING
[Relay] Button PRESS  — target start=(-172.74,-400.41,215.75)
[Relay] Hold button + move Touch (incremental mode)
[Relay] Motion sends: 2350 ok, 0 fail  target=(-172.877,-400.291,215.637) orient=(-177.2,3.88,-94.52)

===== 帧率噪声探针 (原始 @1304, 未补偿; 最近 1024 帧) =====
  帧率: 平均间隔 8.147 ms (= 122.8 Hz)   最大间隔 9.1 ms   跨度 8334 ms
        (文档值: 8 ms / 125 Hz —— 实测对得上)

  轴    mean          sd(单帧)     lag1自相关   lag2        lag4
  x    -18.6842      0.0639     +0.033     -0.238     +0.024
  y     -2.2422      0.0740     +0.468     +0.306     +0.464
  z     +3.0706      0.3340     +0.691     +0.801     +0.688

  块平均 (连续 k 帧取平均后的 sd / 单帧 sd);  理论值 = 1/sqrt(k)
    k        Fx        Fy        Fz      理论
    2      0.722      0.881      0.922     0.707
    4      0.410      0.741      0.906     0.500
    8      0.284      0.700      0.899     0.354
   16      0.243      0.681      0.898     0.250
   32      0.169      0.673      0.896     0.177

  ☞ 判决 (看 k=16 那一行 Fz):
     ✗ Fz 的块平均【基本不掉】⇒ 噪声落在比 16 帧更慢的频带上 (慢漂/机械)。
       ⇒ 挪到帧率上跑【没用】, 别白改一遍滤波; 得换修法。

  平稳性体检 (前半段均值 − 后半段均值, 单位 N):
    x:   +0.0015   噪声允许 ~0.0028 (3σ 门限 0.0085)   在容许内 ⇒ 这一段可当平稳
    y:   +0.0147   噪声允许 ~0.0033 (3σ 门限 0.0098)   ★ 明显更大 ⇒ 这段在漂, 上一张表不作数
    z:   +0.1738   噪声允许 ~0.0148 (3σ 门限 0.0443)   ★ 明显更大 ⇒ 这段在漂, 上一张表不作数

===== 抖动诊断 (只读累加器; 与上面那个探针【窗口不同】: 本段自上次 'n' 起) =====
  A) 输出(手感) hapticOut —— 【已过】轴映射+死区+增益; 单位 Touch N; N = 18462 帧
     轴        mean          sd
     x    -0.02854     0.16448
     y    +0.00000     0.00000
     z    -0.59966     0.21019
     (y 轴恒 0 ⇒ 这一轴当前【被关掉】, 不是【没噪声】: 见 Config::FORCE_FEEDBACK_Z_SIGN)
  B) 补偿后残差 = 【进死区的 filtered】(补偿+滤波后, 【未过】死区); 单位 传感器 N; 同一窗口 N = 18462 帧
     轴        mean          sd     |残差|>=0.200 N 的帧占比
     x    -0.02070     0.08940         2.77%
     y    +0.30832     0.09461        90.70%
     z    -0.21127     0.47179         9.38%
  ☞ 计划里写下的判据 (Docs/superpowers/plans/2026-09-23-haptic-output-jitter-instrument.md):
     A: 输出的 sd 【明显大于】11 Hz 落盘口量到的 0.028 N (推算真实速率下 ≈0.15 N) ⇒ "D2 用错了仪器"成立。
     B: 占比 ≈ 15~25% (1.27σ 的高斯尾) ⇒ "噪声对死区"这个机制成立;
        【远低于 15% ⇒ 机制不成立】, 那时别按这个机制去改死区 (回到【另有其因】)。
[Haptic] Force applied: (-0.14453, -0, -0.0248073) N  mag=0.146644  stale=0  button1=1  button2=0
[Haptic] Force applied: (-0.434183, -0, -1.01235) N  mag=1.10153  stale=0  button1=1  button2=0
[Relay] Motion sends: 2400 ok, 0 fail  target=(-171.629,-369.445,215.754) orient=(-177.19,3.88,-94.52)
[Haptic] Force applied: (-0.543454, -0, -0.749894) N  mag=0.926112  stale=0  button1=1  button2=0
[Relay] Motion sends: 2450 ok, 0 fail  target=(-171.631,-346.566,212.626) orient=(-177.18,3.88,-94.52)
[Haptic] Force applied: (-0.676294, -0, -0.796658) N  mag=1.04501  stale=0  button1=1  button2=0
[Relay] Motion sends: 2500 ok, 0 fail  target=(-170.768,-334.442,212.554) orient=(-177.2,3.88,-94.52)

===== 帧率噪声探针 (原始 @1304, 未补偿; 最近 1024 帧) =====
  帧率: 平均间隔 8.150 ms (= 122.7 Hz)   最大间隔 8.9 ms   跨度 8337 ms
        (文档值: 8 ms / 125 Hz —— 实测对得上)

  轴    mean          sd(单帧)     lag1自相关   lag2        lag4
  x    -18.7653      0.1682     +0.643     +0.266     +0.482
  y     -2.0837      0.1847     +0.842     +0.733     +0.866
  z     +4.0047      0.7258     +0.929     +0.945     +0.933

  块平均 (连续 k 帧取平均后的 sd / 单帧 sd);  理论值 = 1/sqrt(k)
    k        Fx        Fy        Fz      理论
    2      0.907      0.958      0.983     0.707
    4      0.774      0.922      0.979     0.500
    8      0.731      0.914      0.978     0.354
   16      0.713      0.911      0.981     0.250
   32      0.707      0.910      0.985     0.177

  ☞ 判决 (看 k=16 那一行 Fz):
     ✗ Fz 的块平均【基本不掉】⇒ 噪声落在比 16 帧更慢的频带上 (慢漂/机械)。
       ⇒ 挪到帧率上跑【没用】, 别白改一遍滤波; 得换修法。

  平稳性体检 (前半段均值 − 后半段均值, 单位 N):
    x:   +0.2088   噪声允许 ~0.0074 (3σ 门限 0.0223)   ★ 明显更大 ⇒ 这段在漂, 上一张表不作数
    y:   -0.2089   噪声允许 ~0.0082 (3σ 门限 0.0245)   ★ 明显更大 ⇒ 这段在漂, 上一张表不作数
    z:   -0.9267   噪声允许 ~0.0321 (3σ 门限 0.0962)   ★ 明显更大 ⇒ 这段在漂, 上一张表不作数

===== 抖动诊断 (只读累加器; 与上面那个探针【窗口不同】: 本段自上次 'n' 起) =====
  A) 输出(手感) hapticOut —— 【已过】轴映射+死区+增益; 单位 Touch N; N = 852 帧
     轴        mean          sd
     x    -0.43024     0.26992
     y    +0.00000     0.00000
     z    -0.61751     0.32682
     (y 轴恒 0 ⇒ 这一轴当前【被关掉】, 不是【没噪声】: 见 Config::FORCE_FEEDBACK_Z_SIGN)
  B) 补偿后残差 = 【进死区的 filtered】(补偿+滤波后, 【未过】死区); 单位 传感器 N; 同一窗口 N = 852 帧
     轴        mean          sd     |残差|>=0.200 N 的帧占比
     x    -0.23366     0.12078        61.50%
     y    +0.31459     0.16387        78.87%
     z    -0.70113     0.57097       100.00%
  ☞ 计划里写下的判据 (Docs/superpowers/plans/2026-09-23-haptic-output-jitter-instrument.md):
     A: 输出的 sd 【明显大于】11 Hz 落盘口量到的 0.028 N (推算真实速率下 ≈0.15 N) ⇒ "D2 用错了仪器"成立。
     B: 占比 ≈ 15~25% (1.27σ 的高斯尾) ⇒ "噪声对死区"这个机制成立;
        【远低于 15% ⇒ 机制不成立】, 那时别按这个机制去改死区 (回到【另有其因】)。
[Haptic] Force applied: (-0.593631, -0, -0.588599) N  mag=0.835971  stale=0  button1=1  button2=0
[Relay] Motion sends: 2550 ok, 0 fail  target=(-165.241,-322.332,220.071) orient=(-177.2,3.88,-94.52)
[Haptic] Force applied: (-3.41462e-09, -0, -0.579799) N  mag=0.579799  stale=0  button1=1  button2=0
[Haptic] Force applied: (-0.0026006, -0, -0.749393) N  mag=0.749398  stale=0  button1=1  button2=0
[Relay] Motion sends: 2600 ok, 0 fail  target=(-153.701,-330.133,280.873) orient=(-177.19,3.88,-94.52)
[StateMachine] RUNNING → READY
[Relay] Button RELEASE — motion stopped

############################################################
##  ⚠⚠  触觉安全提示已关闭  (Config::FORCE_CONSTRAINT_FORCES_ENABLED = false)
##   虚拟约束力已【全部】停用 —— 现在【没有任何】推力提示:
##     · 靠近安全边界 (SAFE_X/Y/Z)
##     · 靠近圆柱奇异 (半径 < 80mm)
##     · 靠近工作空间边缘 (半径 > 550mm)
##     · 靠近历史报警点 (真报过警的位置)
##   ⇒ 请靠【视觉】与【报警指示灯】判断危险。
##   (机械臂自身的碰撞检测与安全皮肤由机械臂侧做, 不受本开关影响。)
##   本横幅每 60 秒复报一次。
############################################################


############################################################
##  ⚠⚠  触觉安全提示已关闭  (Config::FORCE_CONSTRAINT_FORCES_ENABLED = false)
##   虚拟约束力已【全部】停用 —— 现在【没有任何】推力提示:
##     · 靠近安全边界 (SAFE_X/Y/Z)
##     · 靠近圆柱奇异 (半径 < 80mm)
##     · 靠近工作空间边缘 (半径 > 550mm)
##     · 靠近历史报警点 (真报过警的位置)
##   ⇒ 请靠【视觉】与【报警指示灯】判断危险。
##   (机械臂自身的碰撞检测与安全皮肤由机械臂侧做, 不受本开关影响。)
##   本横幅每 60 秒复报一次。
############################################################


############################################################
##  ⚠⚠  触觉安全提示已关闭  (Config::FORCE_CONSTRAINT_FORCES_ENABLED = false)
##   虚拟约束力已【全部】停用 —— 现在【没有任何】推力提示:
##     · 靠近安全边界 (SAFE_X/Y/Z)
##     · 靠近圆柱奇异 (半径 < 80mm)
##     · 靠近工作空间边缘 (半径 > 550mm)
##     · 靠近历史报警点 (真报过警的位置)
##   ⇒ 请靠【视觉】与【报警指示灯】判断危险。
##   (机械臂自身的碰撞检测与安全皮肤由机械臂侧做, 不受本开关影响。)
##   本横幅每 60 秒复报一次。
############################################################


############################################################
##  ⚠⚠  触觉安全提示已关闭  (Config::FORCE_CONSTRAINT_FORCES_ENABLED = false)
##   虚拟约束力已【全部】停用 —— 现在【没有任何】推力提示:
##     · 靠近安全边界 (SAFE_X/Y/Z)
##     · 靠近圆柱奇异 (半径 < 80mm)
##     · 靠近工作空间边缘 (半径 > 550mm)
##     · 靠近历史报警点 (真报过警的位置)
##   ⇒ 请靠【视觉】与【报警指示灯】判断危险。
##   (机械臂自身的碰撞检测与安全皮肤由机械臂侧做, 不受本开关影响。)
##   本横幅每 60 秒复报一次。
############################################################

[StateMachine] READY → RUNNING
[Relay] Button PRESS  — target start=(-153.53,-329.53,284.44)
[Relay] Hold button + move Touch (incremental mode)
[StateMachine] RUNNING → READY
[Relay] Button RELEASE — motion stopped
[StateMachine] READY → RUNNING
[Relay] Button PRESS  — target start=(-153.56,-329.53,284.44)
[Relay] Hold button + move Touch (incremental mode)
[Haptic] Force applied: (0.103988, -0, -0.579244) N  mag=0.588504  stale=0  button1=1  button2=0
[StateMachine] RUNNING → READY
[Relay] Button RELEASE — motion stopped
[StateMachine] READY → RUNNING
[Relay] Button PRESS  — target start=(-153.16,-329.58,284.28)
[Relay] Hold button + move Touch (incremental mode)
[Relay] Motion sends: 2650 ok, 0 fail  target=(-202.498,-341.019,269.714) orient=(-177.093,3.93001,-94.35)
[Haptic] Force applied: (-0.00229264, -0, -0.61089) N  mag=0.610894  stale=0  button1=1  button2=0
[Haptic] Force applied: (-0.00257355, -0, -0.693037) N  mag=0.693042  stale=0  button1=1  button2=0
[Haptic] Force applied: (-0.0331932, -0, -0.618111) N  mag=0.619002  stale=0  button1=1  button2=0
[Relay] Motion sends: 2700 ok, 0 fail  target=(-206.296,-345.696,268.185) orient=(-177.09,3.93,-94.31)
[Haptic] Force applied: (0.0866029, -0, -0.571291) N  mag=0.577818  stale=0  button1=1  button2=0
[Relay] Motion sends: 2750 ok, 0 fail  target=(-212.561,-342.383,228.915) orient=(-177.05,3.93,-94.34)
[StateMachine] RUNNING → READY
[Relay] Button RELEASE — motion stopped
[StateMachine] READY → RUNNING
[Relay] Button PRESS  — target start=(-212.09,-342.57,237.02)
[Relay] Hold button + move Touch (incremental mode)
[Haptic] Force applied: (0.410829, -0, -0.423366) N  mag=0.589932  stale=0  button1=1  button2=0
[Relay] Motion sends: 2800 ok, 0 fail  target=(-208.65,-343.609,213.608) orient=(-177.03,3.95,-94.33)
[Haptic] Force applied: (0.393204, -0, -1.13444) N  mag=1.20066  stale=0  button1=1  button2=0

===== 帧率噪声探针 (原始 @1304, 未补偿; 最近 1024 帧) =====
  帧率: 平均间隔 8.151 ms (= 122.7 Hz)   最大间隔 9.8 ms   跨度 8338 ms
        (文档值: 8 ms / 125 Hz —— 实测对得上)

  轴    mean          sd(单帧)     lag1自相关   lag2        lag4
  x    -18.4141      0.1195     +0.537     +0.193     +0.418
  y     -1.9933      0.1804     +0.817     +0.658     +0.804
  z     +4.1673      0.6050     +0.896     +0.921     +0.899

  块平均 (连续 k 帧取平均后的 sd / 单帧 sd);  理论值 = 1/sqrt(k)
    k        Fx        Fy        Fz      理论
    2      0.880      0.951      0.975     0.707
    4      0.736      0.896      0.967     0.500
    8      0.676      0.883      0.965     0.354
   16      0.646      0.867      0.965     0.250
   32      0.623      0.853      0.970     0.177

  ☞ 判决 (看 k=16 那一行 Fz):
     ✗ Fz 的块平均【基本不掉】⇒ 噪声落在比 16 帧更慢的频带上 (慢漂/机械)。
       ⇒ 挪到帧率上跑【没用】, 别白改一遍滤波; 得换修法。

  平稳性体检 (前半段均值 − 后半段均值, 单位 N):
    x:   -0.0787   噪声允许 ~0.0053 (3σ 门限 0.0158)   ★ 明显更大 ⇒ 这段在漂, 上一张表不作数
    y:   -0.2119   噪声允许 ~0.0080 (3σ 门限 0.0239)   ★ 明显更大 ⇒ 这段在漂, 上一张表不作数
    z:   +1.0662   噪声允许 ~0.0267 (3σ 门限 0.0802)   ★ 明显更大 ⇒ 这段在漂, 上一张表不作数

===== 抖动诊断 (只读累加器; 与上面那个探针【窗口不同】: 本段自上次 'n' 起) =====
  A) 输出(手感) hapticOut —— 【已过】轴映射+死区+增益; 单位 Touch N; N = 27099 帧
     轴        mean          sd
     x    +0.01124     0.08268
     y    +0.00000     0.00000
     z    -0.64792     0.08305
     (y 轴恒 0 ⇒ 这一轴当前【被关掉】, 不是【没噪声】: 见 Config::FORCE_FEEDBACK_Z_SIGN)
  B) 补偿后残差 = 【进死区的 filtered】(补偿+滤波后, 【未过】死区); 单位 传感器 N; 同一窗口 N = 27099 帧
     轴        mean          sd     |残差|>=0.200 N 的帧占比
     x    +0.04519     0.05343         1.94%
     y    +0.32751     0.04057        99.29%
     z    -0.10465     0.17362         4.02%
  ☞ 计划里写下的判据 (Docs/superpowers/plans/2026-09-23-haptic-output-jitter-instrument.md):
     A: 输出的 sd 【明显大于】11 Hz 落盘口量到的 0.028 N (推算真实速率下 ≈0.15 N) ⇒ "D2 用错了仪器"成立。
     B: 占比 ≈ 15~25% (1.27σ 的高斯尾) ⇒ "噪声对死区"这个机制成立;
        【远低于 15% ⇒ 机制不成立】, 那时别按这个机制去改死区 (回到【另有其因】)。
[Haptic] Force applied: (0.00950716, -0, -0.898209) N  mag=0.898259  stale=0  button1=1  button2=0
[Relay] Motion sends: 2850 ok, 0 fail  target=(-197.54,-344.008,208.765) orient=(-177.03,3.91037,-94.3696)
[Haptic] Force applied: (2.19345, -0, -0.756083) N  mag=2.32011  stale=0  button1=1  button2=0
[Relay] Motion sends: 2900 ok, 0 fail  target=(-142.908,-353.174,203.659) orient=(-177.03,3.91,-94.37)
[Haptic] Force applied: (-0.0134934, -0, -0.639519) N  mag=0.639662  stale=0  button1=1  button2=0
[Relay] Motion sends: 2950 ok, 0 fail  target=(-105.262,-362.455,211.696) orient=(-176.76,4.18,-94.1)
[Haptic] Force applied: (-0.123432, -0, -0.384566) N  mag=0.403889  stale=0  button1=1  button2=0

===== 帧率噪声探针 (原始 @1304, 未补偿; 最近 1024 帧) =====
  帧率: 平均间隔 8.150 ms (= 122.7 Hz)   最大间隔 9.0 ms   跨度 8338 ms
        (文档值: 8 ms / 125 Hz —— 实测对得上)

  轴    mean          sd(单帧)     lag1自相关   lag2        lag4
  x    -18.3358      0.6386     +0.974     +0.942     +0.911
  y     -2.0257      0.5410     +0.971     +0.936     +0.883
  z     +3.6864      1.2092     +0.973     +0.972     +0.934

  块平均 (连续 k 帧取平均后的 sd / 单帧 sd);  理论值 = 1/sqrt(k)
    k        Fx        Fy        Fz      理论
    2      0.994      0.994      0.994     0.707
    4      0.984      0.983      0.991     0.500
    8      0.969      0.960      0.982     0.354
   16      0.905      0.884      0.940     0.250
   32      0.836      0.720      0.895     0.177

  ☞ 判决 (看 k=16 那一行 Fz):
     ✗ Fz 的块平均【基本不掉】⇒ 噪声落在比 16 帧更慢的频带上 (慢漂/机械)。
       ⇒ 挪到帧率上跑【没用】, 别白改一遍滤波; 得换修法。

  平稳性体检 (前半段均值 − 后半段均值, 单位 N):
    x:   +0.2705   噪声允许 ~0.0282 (3σ 门限 0.0847)   ★ 明显更大 ⇒ 这段在漂, 上一张表不作数
    y:   +0.1877   噪声允许 ~0.0239 (3σ 门限 0.0717)   ★ 明显更大 ⇒ 这段在漂, 上一张表不作数
    z:   -0.5473   噪声允许 ~0.0534 (3σ 门限 0.1603)   ★ 明显更大 ⇒ 这段在漂, 上一张表不作数

===== 抖动诊断 (只读累加器; 与上面那个探针【窗口不同】: 本段自上次 'n' 起) =====
  A) 输出(手感) hapticOut —— 【已过】轴映射+死区+增益; 单位 Touch N; N = 841 帧
     轴        mean          sd
     x    +0.49237     1.32820
     y    +0.00000     0.00000
     z    -0.64104     1.12137
     (y 轴恒 0 ⇒ 这一轴当前【被关掉】, 不是【没噪声】: 见 Config::FORCE_FEEDBACK_Z_SIGN)
  B) 补偿后残差 = 【进死区的 filtered】(补偿+滤波后, 【未过】死区); 单位 传感器 N; 同一窗口 N = 841 帧
     轴        mean          sd     |残差|>=0.200 N 的帧占比
     x    +0.23801     0.67816        46.85%
     y    +0.32700     0.56727        62.19%
     z    -1.26107     1.30391        98.10%
  ☞ 计划里写下的判据 (Docs/superpowers/plans/2026-09-23-haptic-output-jitter-instrument.md):
     A: 输出的 sd 【明显大于】11 Hz 落盘口量到的 0.028 N (推算真实速率下 ≈0.15 N) ⇒ "D2 用错了仪器"成立。
     B: 占比 ≈ 15~25% (1.27σ 的高斯尾) ⇒ "噪声对死区"这个机制成立;
        【远低于 15% ⇒ 机制不成立】, 那时别按这个机制去改死区 (回到【另有其因】)。
[Relay] Motion sends: 3000 ok, 0 fail  target=(-39.352,-360.469,214.841) orient=(-176.8,4.18,-94.1)
[Haptic] Force applied: (-0.111838, -0, -0.115744) N  mag=0.160948  stale=0  button1=1  button2=0
[Haptic] Force applied: (0.00174806, -0, -0.570351) N  mag=0.570354  stale=0  button1=1  button2=0
[Relay] Motion sends: 3050 ok, 0 fail  target=(-28.5125,-357.498,292.359) orient=(-176.8,4.18,-94.1)
[Haptic] Force applied: (0.000683108, -0, -0.471048) N  mag=0.471048  stale=0  button1=1  button2=0
[StateMachine] RUNNING → READY
[Relay] Button RELEASE — motion stopped

############################################################
##  ⚠⚠  触觉安全提示已关闭  (Config::FORCE_CONSTRAINT_FORCES_ENABLED = false)
##   虚拟约束力已【全部】停用 —— 现在【没有任何】推力提示:
##     · 靠近安全边界 (SAFE_X/Y/Z)
##     · 靠近圆柱奇异 (半径 < 80mm)
##     · 靠近工作空间边缘 (半径 > 550mm)
##     · 靠近历史报警点 (真报过警的位置)
##   ⇒ 请靠【视觉】与【报警指示灯】判断危险。
##   (机械臂自身的碰撞检测与安全皮肤由机械臂侧做, 不受本开关影响。)
##   本横幅每 60 秒复报一次。
############################################################


############################################################
##  ⚠⚠  触觉安全提示已关闭  (Config::FORCE_CONSTRAINT_FORCES_ENABLED = false)
##   虚拟约束力已【全部】停用 —— 现在【没有任何】推力提示:
##     · 靠近安全边界 (SAFE_X/Y/Z)
##     · 靠近圆柱奇异 (半径 < 80mm)
##     · 靠近工作空间边缘 (半径 > 550mm)
##     · 靠近历史报警点 (真报过警的位置)
##   ⇒ 请靠【视觉】与【报警指示灯】判断危险。
##   (机械臂自身的碰撞检测与安全皮肤由机械臂侧做, 不受本开关影响。)
##   本横幅每 60 秒复报一次。
############################################################


############################################################
##  ⚠⚠  触觉安全提示已关闭  (Config::FORCE_CONSTRAINT_FORCES_ENABLED = false)
##   虚拟约束力已【全部】停用 —— 现在【没有任何】推力提示:
##     · 靠近安全边界 (SAFE_X/Y/Z)
##     · 靠近圆柱奇异 (半径 < 80mm)
##     · 靠近工作空间边缘 (半径 > 550mm)
##     · 靠近历史报警点 (真报过警的位置)
##   ⇒ 请靠【视觉】与【报警指示灯】判断危险。
##   (机械臂自身的碰撞检测与安全皮肤由机械臂侧做, 不受本开关影响。)
##   本横幅每 60 秒复报一次。
############################################################


Shutting down...
Disabling robot...
[Relay] GUI reporting 【已重连】到 127.0.0.1:8888
[Force] Realtime port disconnected
[Force] Realtime recv failed, reconnecting...
[StateMachine] READY → DISCONNECTED
****************************************
This is the DEVELOPER EDITION of OPENHAPTICS, commercial distribution is prohibited
Please contact 3D Systems to obtain a commercial license
****************************************
