=== Touch-Dobot Digital Twin System v3.0 ===
Robot: 192.168.101.11
Touch: enabled
Safety: X[-300,250] Y[-350,250] Z[140,500]
[Tuning] 力反射增益 = 120.0 (来源: D:\Projects\Touch\Touch_Client\calib\force_tuning.json)
Initializing Touch device...
Touch 设备初始化成功
[Payload] Loaded payload_calib.json (mass=0.404kg, com=(0.3,-0.1,68.7)mm, 6 poses, psi=90deg, sign_z=+1)
Initializing robot via Relay...
已连接使能端口 29999
已连接运动端口 30003
[StateMachine] DISCONNECTED → CONNECTED
[Relay] GUI reporting 【已重连】到 127.0.0.1:8888
[Relay] 使能 EnableRobot(0.404,0.3,-0.1,68.7)  (实机标定值)
[Relay] 机械臂使能成功
[Relay] 机械臂状态正常 (mode=0)
[Relay] GetPose retry 1/5...
[Relay] 基准位姿: (3.0701,-274.86,340.04)
[StateMachine] CONNECTED → READY
[Relay] GUI reporting 【未连接】—— 127.0.0.1:8888 上没有在听 (MATLAB relay_gui 没在跑?)
[Relay]   影响: P| / J| / RP| / C| / FB| 全部发不出去 (位置 / 关节角 / 实际位姿 / 命令回显 / 反馈回显)。
[Relay]   不影响: 机械臂控制、力数据采集 (@576/@720/@1304)、一致性闸门、本地补偿 —— 它们都不走这条 socket。
[Relay]   要恢复: 在 MATLAB 那一侧起 relay_gui 即可 —— ★ 本程序会【自动按秒重连】, 不必重启 (2026-09-21 起; 从前是只在启动时连一次, 所以那时确实要重启)。
[Force] Loaded force_calib.json (mass scale=0.419631kg, bias=-18.1778,-2.44562,0.869821N, c_s=(0.0361314,1.08794,55.4161)mm)
[Force] Reader thread started, connecting to port 30004...
[Force] Connected to realtime port 30004
[Force] Reader thread receiving at 125Hz...
[Force] 30004 帧自检通过: TestValue @48 = 0x0123456789ABCDEF (小端字节序) ⇒ 帧布局与我们的假设一致
[Relay] 机械臂实际负载 (【首个合格帧】的快照): load=0.404 kg  center=(0.3, -0.1, 68.7) mm
[Force] 重力项姿态源 = GetPose 仪表盘（FORCE_POSE_ORIENT_FROM_624 = false，一行回滚态）；位置源 = GetPose 仪表盘（刻意不换，见 RelayCore.cpp 那段）
[Force] 一致性闸门: 放行 (本地全量模型与【参考量】在【投票通道】上一致; 参考量本帧【可用】)
[STL] Binary: 42500 triangles
[STL] Binary: 5004 triangles
[STL] Binary: 11932 triangles
[STL] Binary: 15904 triangles
[STL] Binary: 4810 triangles
[STL] Binary: 4898 triangles
[STL] Binary: 8976 triangles
[RobotModel] STL models loaded (models/cr3)
[Calib] No calibration file, using default axis mapping
[TCP] No tcp_calib.json — press 't' to calibrate TCP offset

System ready.
  q/ESC: quit
  Touch button 1: control robot


############################################################
##  ⚠⚠  触觉安全提示已关闭  (Config::FORCE_CONSTRAINT_FORCES_ENABLED = false)
##   虚拟约束力已【全部】停用 —— 现在【没有任何】推力提示:
##     · 靠近安全边界 (SAFE_X/Y/Z)
##     · 靠近圆柱奇异 (半径 < 80mm)
##     · 靠近工作空间边缘 (半径 > 550mm)
##     · 靠近历史报警点 (真报过警的位置)
##   ⇒ 请靠【视觉】与【报警指示灯】判断危险。
##   (机械臂自身的碰撞检测与安全皮肤由机械臂侧做, 不受本开关影响。)
##   本横幅每 60 秒复报一次。
############################################################

[StateMachine] READY → RUNNING
[Relay] Button PRESS  — target start=(3.0701,-274.86,340.04)
[Relay] Hold button + move Touch (incremental mode)
[Haptic] Force applied: (0.000342482, 0, 0.698992) N  mag=0.698992  stale=0  button1=1  button2=0
[Force] 运动检测 #00: pos=(2.877,-283.895,347.301)mm  tcp=(1.958,-292.808,350.445)mm  vel=0.000000 m/s (阈值 0.0020)  acc=0.000000 m/s² (阈值 0.0050)  tcpV=(-0.0105,-0.0606,0.0123)  isStill=1  posR=(-179.620,-2.080,-116.330)  tcpR=(-179.621,-2.079,-116.329)
[Force] 运动检测 #01: pos=(0.386,-299.416,350.668)mm  tcp=(-0.058,-300.460,350.209)mm  vel=0.000000 m/s (阈值 0.0020)  acc=0.000000 m/s² (阈值 0.0050)  tcpV=(-0.0210,-0.0353,-0.0201)  isStill=1  posR=(-179.620,-2.080,-116.330)  tcpR=(-179.619,-2.082,-116.330)
[Force] 运动检测 #02: pos=(0.386,-299.416,350.668)mm  tcp=(-0.213,-300.741,350.034)mm  vel=0.000000 m/s (阈值 0.0020)  acc=0.000000 m/s² (阈值 0.0050)  tcpV=(-0.0176,-0.0339,-0.0231)  isStill=1  posR=(-179.620,-2.080,-116.330)  tcpR=(-179.614,-2.085,-116.331)
[Force] 运动检测 #03: pos=(0.386,-299.416,350.668)mm  tcp=(-0.570,-301.338,349.474)mm  vel=0.000000 m/s (阈值 0.0020)  acc=0.000000 m/s² (阈值 0.0050)  tcpV=(-0.0164,-0.0274,-0.0310)  isStill=1  posR=(-179.620,-2.080,-116.330)  tcpR=(-179.602,-2.095,-116.333)
[Force] 运动检测 #04: pos=(0.386,-299.416,350.668)mm  tcp=(-0.842,-301.759,348.907)mm  vel=0.000000 m/s (阈值 0.0020)  acc=0.000000 m/s² (阈值 0.0050)  tcpV=(-0.0174,-0.0255,-0.0390)  isStill=1  posR=(-179.620,-2.080,-116.330)  tcpR=(-179.598,-2.098,-116.330)
[Force] 运动检测 #05: pos=(0.386,-299.416,350.668)mm  tcp=(-1.146,-302.169,348.248)mm  vel=0.000000 m/s (阈值 0.0020)  acc=0.000000 m/s² (阈值 0.0050)  tcpV=(-0.0203,-0.0262,-0.0471)  isStill=1  posR=(-179.620,-2.080,-116.330)  tcpR=(-179.600,-2.096,-116.329)
[Force] 运动检测 #06: pos=(0.386,-299.416,350.668)mm  tcp=(-1.513,-302.607,347.490)mm  vel=0.000000 m/s (阈值 0.0020)  acc=0.000000 m/s² (阈值 0.0050)  tcpV=(-0.0263,-0.0274,-0.0516)  isStill=1  posR=(-179.620,-2.080,-116.330)  tcpR=(-179.606,-2.092,-116.328)
[Force] 运动检测 #07: pos=(0.386,-299.416,350.668)mm  tcp=(-1.930,-303.095,346.690)mm  vel=0.000000 m/s (阈值 0.0020)  acc=0.000000 m/s² (阈值 0.0050)  tcpV=(-0.0276,-0.0339,-0.0513)  isStill=1  posR=(-179.620,-2.080,-116.330)  tcpR=(-179.611,-2.088,-116.328)
[Force] 运动检测 #08: pos=(-3.296,-305.100,343.555)mm  tcp=(-3.841,-305.858,342.091)mm  vel=0.000000 m/s (阈值 0.0020)  acc=0.000000 m/s² (阈值 0.0050)  tcpV=(-0.0228,-0.0277,-0.0664)  isStill=1  posR=(-179.620,-2.080,-116.330)  tcpR=(-179.615,-2.084,-116.331)
[Force] 运动检测 #09: pos=(-3.296,-305.100,343.555)mm  tcp=(-7.012,-309.680,331.826)mm  vel=0.057101 m/s (阈值 0.0020)  acc=0.000000 m/s² (阈值 0.0050)  tcpV=(-0.0260,-0.0357,-0.0772)  isStill=0  posR=(-179.620,-2.080,-116.330)  tcpR=(-179.618,-2.081,-116.330)
[Force] 运动检测 #10: pos=(-8.760,-311.494,327.533)mm  tcp=(-9.995,-312.711,324.470)mm  vel=0.083010 m/s (阈值 0.0020)  acc=0.000000 m/s² (阈值 0.0050)  tcpV=(-0.0280,-0.0296,-0.0746)  isStill=0  posR=(-179.620,-2.080,-116.330)  tcpR=(-179.616,-2.083,-116.333)
[Force] 运动检测 #11: pos=(-8.760,-311.494,327.533)mm  tcp=(-10.427,-313.189,323.194)mm  vel=0.083010 m/s (阈值 0.0020)  acc=0.000000 m/s² (阈值 0.0050)  tcpV=(-0.0265,-0.0314,-0.0756)  isStill=0  posR=(-179.620,-2.080,-116.330)  tcpR=(-179.620,-2.080,-116.331)
[Force] 运动检测 #12: pos=(-8.760,-311.494,327.533)mm  tcp=(-10.847,-313.683,321.933)mm  vel=0.083010 m/s (阈值 0.0020)  acc=0.000000 m/s² (阈值 0.0050)  tcpV=(-0.0250,-0.0297,-0.0764)  isStill=0  posR=(-179.620,-2.080,-116.330)  tcpR=(-179.620,-2.080,-116.316)
[Force] 运动检测 #13: pos=(-8.760,-311.494,327.533)mm  tcp=(-12.792,-315.665,315.778)mm  vel=0.083010 m/s (阈值 0.0020)  acc=0.000000 m/s² (阈值 0.0050)  tcpV=(-0.0254,-0.0199,-0.0815)  isStill=0  posR=(-179.620,-2.080,-116.330)  tcpR=(-179.618,-2.082,-115.997)
[Force] 运动检测 #14: pos=(-14.090,-316.552,311.484)mm  tcp=(-14.896,-316.947,309.272)mm  vel=0.083010 m/s (阈值 0.0020)  acc=0.000000 m/s² (阈值 0.0050)  tcpV=(-0.0315,-0.0119,-0.0771)  isStill=0  posR=(-179.620,-2.080,-116.045)  tcpR=(-179.621,-2.079,-116.094)
[Force] 运动检测 #15: pos=(-14.090,-316.552,311.484)mm  tcp=(-15.125,-317.043,308.672)mm  vel=0.086523 m/s (阈值 0.0020)  acc=0.001489 m/s² (阈值 0.0050)  tcpV=(-0.0278,-0.0133,-0.0711)  isStill=0  posR=(-179.620,-2.080,-116.045)  tcpR=(-179.621,-2.080,-116.106)
[Force] 运动检测 #16: pos=(-14.090,-316.552,311.484)mm  tcp=(-17.350,-318.681,303.492)mm  vel=0.086523 m/s (阈值 0.0020)  acc=0.001489 m/s² (阈值 0.0050)  tcpV=(-0.0230,-0.0200,-0.0413)  isStill=0  posR=(-179.620,-2.080,-116.045)  tcpR=(-179.629,-2.072,-116.185)
[StateMachine] RUNNING → READY
[Relay] Button RELEASE — motion stopped
[Force] 运动检测 #17: pos=(-18.234,-319.370,302.472)mm  tcp=(-18.397,-319.487,302.308)mm  vel=0.086523 m/s (阈值 0.0020)  acc=0.001489 m/s² (阈值 0.0050)  tcpV=(-0.0000,-0.0007,-0.0005)  isStill=0  posR=(-179.620,-2.080,-116.112)  tcpR=(-179.621,-2.079,-116.102)
[Force] 运动检测 #18: pos=(-18.234,-319.370,302.472)mm  tcp=(-18.182,-319.499,302.310)mm  vel=0.066098 m/s (阈值 0.0020)  acc=0.016327 m/s² (阈值 0.0050)  tcpV=(-0.0009,0.0001,0.0000)  isStill=0  posR=(-179.620,-2.080,-116.112)  tcpR=(-179.620,-2.080,-116.070)
[Force] 零偏漂移检查: 补偿后读数 0.235719 N, 正常 (< 0.5 N)
[Force] 运动检测 #19: pos=(-18.234,-319.370,302.472)mm  tcp=(-18.222,-319.497,302.311)mm  vel=0.066098 m/s (阈值 0.0020)  acc=0.016327 m/s² (阈值 0.0050)  tcpV=(-0.0039,0.0001,-0.0003)  isStill=0  posR=(-179.620,-2.080,-116.112)  tcpR=(-179.620,-2.080,-116.059)
[Force] 运动检测 #20: pos=(-18.390,-319.510,302.320)mm  tcp=(-18.379,-319.495,302.303)mm  vel=0.001505 m/s (阈值 0.0020)  acc=0.064735 m/s² (阈值 0.0050)  tcpV=(-0.0000,0.0001,0.0006)  isStill=0  posR=(-179.620,-2.080,-116.040)  tcpR=(-179.622,-2.078,-116.036)
[Force] 运动检测 #21: pos=(-18.390,-319.510,302.320)mm  tcp=(-18.379,-319.497,302.302)mm  vel=0.001505 m/s (阈值 0.0020)  acc=0.064735 m/s² (阈值 0.0050)  tcpV=(-0.0000,0.0001,-0.0001)  isStill=0  posR=(-179.620,-2.080,-116.040)  tcpR=(-179.622,-2.078,-116.036)
[Force] 运动检测 #22: pos=(-18.390,-319.510,302.320)mm  tcp=(-18.380,-319.498,302.302)mm  vel=0.001505 m/s (阈值 0.0020)  acc=0.064735 m/s² (阈值 0.0050)  tcpV=(-0.0003,0.0002,0.0003)  isStill=0  posR=(-179.620,-2.080,-116.040)  tcpR=(-179.622,-2.078,-116.036)
[Force] 运动检测 #23: pos=(-18.390,-319.510,302.320)mm  tcp=(-18.389,-319.500,302.304)mm  vel=0.001505 m/s (阈值 0.0020)  acc=0.064735 m/s² (阈值 0.0050)  tcpV=(0.0003,-0.0000,0.0007)  isStill=0  posR=(-179.620,-2.080,-116.040)  tcpR=(-179.622,-2.078,-116.039)
[Force] 运动检测 #24: pos=(-18.390,-319.510,302.320)mm  tcp=(-18.391,-319.507,302.306)mm  vel=0.001505 m/s (阈值 0.0020)  acc=0.064735 m/s² (阈值 0.0050)  tcpV=(-0.0004,0.0002,0.0003)  isStill=0  posR=(-179.620,-2.080,-116.040)  tcpR=(-179.622,-2.078,-116.040)
[Force] 运动检测 #25: pos=(-18.390,-319.510,302.320)mm  tcp=(-18.391,-319.507,302.306)mm  vel=0.001505 m/s (阈值 0.0020)  acc=0.064735 m/s² (阈值 0.0050)  tcpV=(0.0004,-0.0002,-0.0003)  isStill=0  posR=(-179.620,-2.080,-116.040)  tcpR=(-179.622,-2.078,-116.040)
[Force] 运动检测 #26: pos=(-18.390,-319.510,302.320)mm  tcp=(-18.391,-319.507,302.308)mm  vel=0.001505 m/s (阈值 0.0020)  acc=0.064735 m/s² (阈值 0.0050)  tcpV=(0.0000,-0.0001,0.0003)  isStill=0  posR=(-179.620,-2.080,-116.040)  tcpR=(-179.621,-2.079,-116.040)
[Force] 运动检测 #27: pos=(-18.390,-319.510,302.320)mm  tcp=(-18.391,-319.508,302.309)mm  vel=0.001505 m/s (阈值 0.0020)  acc=0.064735 m/s² (阈值 0.0050)  tcpV=(-0.0000,0.0001,0.0006)  isStill=0  posR=(-179.620,-2.080,-116.040)  tcpR=(-179.621,-2.079,-116.040)
[Force] 运动检测 #28: pos=(-18.390,-319.510,302.320)mm  tcp=(-18.392,-319.508,302.309)mm  vel=0.001505 m/s (阈值 0.0020)  acc=0.064735 m/s² (阈值 0.0050)  tcpV=(-0.0003,-0.0001,0.0001)  isStill=0  posR=(-179.620,-2.080,-116.040)  tcpR=(-179.621,-2.079,-116.040)
[Force] 运动检测 #29: pos=(-18.390,-319.510,302.320)mm  tcp=(-18.392,-319.508,302.310)mm  vel=0.001505 m/s (阈值 0.0020)  acc=0.064735 m/s² (阈值 0.0050)  tcpV=(0.0000,-0.0001,0.0001)  isStill=0  posR=(-179.620,-2.080,-116.040)  tcpR=(-179.621,-2.079,-116.040)
[StateMachine] READY → RUNNING
[Relay] Button PRESS  — target start=(-18.39,-319.51,302.32)
[Relay] Hold button + move Touch (incremental mode)
[Haptic] Force applied: (0.211651, -0, 0.559704) N  mag=0.598385  stale=0  button1=1  button2=0
[Relay] Motion sends: 50 ok, 0 fail  target=(-81.6809,-346.393,262.413) orient=(-179.62,-2.08,-116.04)  cmd=ServoP(-81.68,-346.39,262.41,-179.62,-2.08,-116.04)
[Haptic] Force applied: (-0.609299, 0, 0.121963) N  mag=0.621386  stale=0  button1=1  button2=0
[Relay] Motion sends: 100 ok, 0 fail  target=(-34.2296,-338.88,214.115) orient=(-179.53,-2.08,-116.04)  cmd=ServoP(-34.23,-338.88,214.11,-179.53,-2.08,-116.04)
[Haptic] Force applied: (-0.717175, -0, 0.614198) N  mag=0.944235  stale=0  button1=1  button2=0
[Relay] Motion sends: 150 ok, 0 fail  target=(9.35718,-320.519,264.304) orient=(-179.517,-2.08,-116.03)  cmd=ServoP(9.36,-320.52,264.30,-179.52,-2.08,-116.03)
[Haptic] Force applied: (-0.0980176, -0, 0.315943) N  mag=0.330798  stale=0  button1=1  button2=0
[StateMachine] RUNNING → READY
[Relay] Button RELEASE — motion stopped
[StateMachine] READY → RUNNING
[Relay] Button PRESS  — target start=(-43.9,-323.45,290.24)
[Relay] Hold button + move Touch (incremental mode)
[StateMachine] RUNNING → READY
[Relay] Button RELEASE — motion stopped
[StateMachine] READY → RUNNING
[Relay] Button PRESS  — target start=(-114.7,-334.27,279.77)
[Relay] Hold button + move Touch (incremental mode)
[StateMachine] RUNNING → READY
[Relay] Button RELEASE — motion stopped
[StateMachine] READY → RUNNING
[Relay] Button PRESS  — target start=(-127.032,-347.041,318.116)
[Relay] Hold button + move Touch (incremental mode)
[Relay] Motion sends: 200 ok, 0 fail  target=(-128.417,-343.752,309.989) orient=(-179.52,-2.08,-116.03)  cmd=ServoP(-128.42,-343.75,309.99,-179.52,-2.08,-116.03)
[StateMachine] RUNNING → READY
[Relay] Button RELEASE — motion stopped
[StateMachine] READY → RUNNING
[Relay] Button PRESS  — target start=(-133.259,-327.512,333.254)
[Relay] Hold button + move Touch (incremental mode)
[StateMachine] RUNNING → READY
[Relay] Button RELEASE — motion stopped
[StateMachine] READY → RUNNING
[Relay] Button PRESS  — target start=(-133.08,-327.5,333.86)
[Relay] Hold button + move Touch (incremental mode)
[Haptic] Force applied: (-0.0674316, 0, 0.480299) N  mag=0.485009  stale=0  button1=1  button2=0
[StateMachine] RUNNING → READY
[Relay] Button RELEASE — motion stopped
[StateMachine] READY → RUNNING
[Relay] Button PRESS  — target start=(-123.3,-356.11,261.63)
[Relay] Hold button + move Touch (incremental mode)
[Haptic] Force applied: (-0.762912, -0, 0.459267) N  mag=0.890483  stale=0  button1=1  button2=0
[Relay] Motion sends: 250 ok, 0 fail  target=(-166.455,-323.487,256.197) orient=(-179.23,-1.79,-116.03)  cmd=ServoP(-166.46,-323.49,256.20,-179.23,-1.79,-116.03)
[StateMachine] RUNNING → READY
[Relay] Button RELEASE — motion stopped
[StateMachine] READY → RUNNING
[Relay] Button PRESS  — target start=(-179.24,-313.96,237.64)
[Relay] Hold button + move Touch (incremental mode)
[Haptic] Force applied: (-0.480135, -0, 0.522777) N  mag=0.709807  stale=0  button1=1  button2=0
[Relay] Motion sends: 300 ok, 0 fail  target=(-185.226,-381.484,212.036) orient=(-179.169,-1.74015,-115.978)  cmd=ServoP(-185.23,-381.48,212.04,-179.17,-1.74,-115.98)
[Haptic] Force applied: (-0.442986, -0, 0.209139) N  mag=0.489873  stale=0  button1=1  button2=0
[Relay] Motion sends: 350 ok, 0 fail  target=(-174.894,-351.026,212.256) orient=(-179.17,-1.74,-115.98)  cmd=ServoP(-174.89,-351.03,212.26,-179.17,-1.74,-115.98)
[Haptic] Force applied: (0.0021935, -0, 0.941096) N  mag=0.941099  stale=0  button1=1  button2=0
[Relay] Motion sends: 400 ok, 0 fail  target=(-146.147,-324.775,230.721) orient=(-179.08,-1.74,-115.657)  cmd=ServoP(-146.15,-324.78,230.72,-179.08,-1.74,-115.66)
[Haptic] Force applied: (-0.231181, 0, 0.0350462) N  mag=0.233822  stale=0  button1=1  button2=0
[StateMachine] RUNNING → READY
[Relay] Button RELEASE — motion stopped
[StateMachine] READY → RUNNING
[Relay] Button PRESS  — target start=(-114.55,-320.77,262.92)
[Relay] Hold button + move Touch (incremental mode)
[Haptic] Force applied: (-0.447896, -0, 0.421119) N  mag=0.614778  stale=0  button1=1  button2=0
[Relay] Motion sends: 450 ok, 0 fail  target=(-79.7526,-313.944,215.922) orient=(-179.037,-1.68724,-115.66)  cmd=ServoP(-79.75,-313.94,215.92,-179.04,-1.69,-115.66)
[Haptic] Force applied: (-0.0879282, 0, 0.00922506) N  mag=0.0884108  stale=0  button1=1  button2=0
[Relay] Motion sends: 500 ok, 0 fail  target=(-78.071,-329.471,221.682) orient=(-179.05,-1.68,-115.11)  cmd=ServoP(-78.07,-329.47,221.68,-179.05,-1.68,-115.11)
[Haptic] Force applied: (-0.0385636, -0, 0.437919) N  mag=0.439614  stale=0  button1=1  button2=0
[Relay] Motion sends: 550 ok, 0 fail  target=(-109.054,-390.161,214.554) orient=(-178.972,-1.68,-115.11)  cmd=ServoP(-109.05,-390.16,214.55,-178.97,-1.68,-115.11)
[Haptic] Force applied: (-0.166815, -0, -0.264584) N  mag=0.312781  stale=0  button1=1  button2=0
[StateMachine] RUNNING → READY
[Relay] Button RELEASE — motion stopped
[StateMachine] READY → RUNNING
[Relay] Button PRESS  — target start=(-40.14,-344.5,256.49)
[Relay] Hold button + move Touch (incremental mode)
[Haptic] Force applied: (-0.542635, 0, 0.30918) N  mag=0.624536  stale=0  button1=1  button2=0
[Relay] Motion sends: 600 ok, 0 fail  target=(-35.4286,-340.367,250.25) orient=(-178.97,-1.68,-115.1)  cmd=ServoP(-35.43,-340.37,250.25,-178.97,-1.68,-115.10)
[Haptic] Force applied: (-0.0653478, -0, 0.722705) N  mag=0.725653  stale=0  button1=1  button2=0
[Relay] Motion sends: 650 ok, 0 fail  target=(-10.3272,-360.561,223.453) orient=(-178.86,-1.57048,-114.995)  cmd=ServoP(-10.33,-360.56,223.45,-178.86,-1.57,-115.00)
[Haptic] Force applied: (-0.235397, -0, 1.15587) N  mag=1.1796  stale=0  button1=1  button2=0
[Relay] Motion sends: 700 ok, 0 fail  target=(28.2646,-385.906,214.728) orient=(-178.86,-1.57,-115)  cmd=ServoP(28.26,-385.91,214.73,-178.86,-1.57,-115.00)
[Haptic] Force applied: (0.045505, -0, 0.63624) N  mag=0.637865  stale=0  button1=1  button2=0
[Relay] Motion sends: 750 ok, 0 fail  target=(29.3734,-303.084,230.204) orient=(-178.4,-1.57,-114.789)  cmd=ServoP(29.37,-303.08,230.20,-178.40,-1.57,-114.79)
[StateMachine] RUNNING → READY
[Relay] Button RELEASE — motion stopped
[StateMachine] READY → RUNNING
[Relay] Button PRESS  — target start=(19.73,-293.84,298.6)
[Relay] Hold button + move Touch (incremental mode)
[StateMachine] RUNNING → READY
[Relay] Button RELEASE — motion stopped
[StateMachine] READY → RUNNING
[Relay] Button PRESS  — target start=(12.6602,-290.125,344.951)
[Relay] Hold button + move Touch (incremental mode)
[Haptic] Force applied: (-0.0815035, 0, 0.62467) N  mag=0.629964  stale=0  button1=1  button2=0
[StateMachine] RUNNING → READY
[Relay] Button RELEASE — motion stopped

############################################################
##  ⚠⚠  触觉安全提示已关闭  (Config::FORCE_CONSTRAINT_FORCES_ENABLED = false)
##   虚拟约束力已【全部】停用 —— 现在【没有任何】推力提示:
##     · 靠近安全边界 (SAFE_X/Y/Z)
##     · 靠近圆柱奇异 (半径 < 80mm)
##     · 靠近工作空间边缘 (半径 > 550mm)
##     · 靠近历史报警点 (真报过警的位置)
##   ⇒ 请靠【视觉】与【报警指示灯】判断危险。
##   (机械臂自身的碰撞检测与安全皮肤由机械臂侧做, 不受本开关影响。)
##   本横幅每 60 秒复报一次。
############################################################


############################################################
##  ⚠⚠  触觉安全提示已关闭  (Config::FORCE_CONSTRAINT_FORCES_ENABLED = false)
##   虚拟约束力已【全部】停用 —— 现在【没有任何】推力提示:
##     · 靠近安全边界 (SAFE_X/Y/Z)
##     · 靠近圆柱奇异 (半径 < 80mm)
##     · 靠近工作空间边缘 (半径 > 550mm)
##     · 靠近历史报警点 (真报过警的位置)
##   ⇒ 请靠【视觉】与【报警指示灯】判断危险。
##   (机械臂自身的碰撞检测与安全皮肤由机械臂侧做, 不受本开关影响。)
##   本横幅每 60 秒复报一次。
############################################################


############################################################
##  ⚠⚠  触觉安全提示已关闭  (Config::FORCE_CONSTRAINT_FORCES_ENABLED = false)
##   虚拟约束力已【全部】停用 —— 现在【没有任何】推力提示:
##     · 靠近安全边界 (SAFE_X/Y/Z)
##     · 靠近圆柱奇异 (半径 < 80mm)
##     · 靠近工作空间边缘 (半径 > 550mm)
##     · 靠近历史报警点 (真报过警的位置)
##   ⇒ 请靠【视觉】与【报警指示灯】判断危险。
##   (机械臂自身的碰撞检测与安全皮肤由机械臂侧做, 不受本开关影响。)
##   本横幅每 60 秒复报一次。
############################################################


############################################################
##  ⚠⚠  触觉安全提示已关闭  (Config::FORCE_CONSTRAINT_FORCES_ENABLED = false)
##   虚拟约束力已【全部】停用 —— 现在【没有任何】推力提示:
##     · 靠近安全边界 (SAFE_X/Y/Z)
##     · 靠近圆柱奇异 (半径 < 80mm)
##     · 靠近工作空间边缘 (半径 > 550mm)
##     · 靠近历史报警点 (真报过警的位置)
##   ⇒ 请靠【视觉】与【报警指示灯】判断危险。
##   (机械臂自身的碰撞检测与安全皮肤由机械臂侧做, 不受本开关影响。)
##   本横幅每 60 秒复报一次。
############################################################

[StateMachine] READY → RUNNING
[Relay] Button PRESS  — target start=(14.8499,-290.78,381.99)
[Relay] Hold button + move Touch (incremental mode)
[Relay] Motion sends: 800 ok, 0 fail  target=(19.5691,-301.565,388.473) orient=(-178.4,-1.57,-114.79)  cmd=ServoP(19.57,-301.56,388.47,-178.40,-1.57,-114.79)
[Haptic] Force applied: (-0.250883, -0, 0.0356343) N  mag=0.253401  stale=0  button1=1  button2=0
[StateMachine] RUNNING → READY
[Relay] Button RELEASE — motion stopped
[StateMachine] READY → RUNNING
[Relay] Button PRESS  — target start=(20.7201,-334.78,352.88)
[Relay] Hold button + move Touch (incremental mode)
[StateMachine] RUNNING → READY
[Relay] Button RELEASE — motion stopped
[StateMachine] READY → RUNNING
[Relay] Button PRESS  — target start=(-31.7199,-372.51,311.44)
[Relay] Hold button + move Touch (incremental mode)
[Relay] Motion sends: 850 ok, 0 fail  target=(-55.2199,-388.027,286.297) orient=(-178.4,-1.54542,-114.79)  cmd=ServoP(-55.22,-388.03,286.30,-178.40,-1.55,-114.79)
[Haptic] Force applied: (-0.473931, -0, 0.519297) N  mag=0.703051  stale=0  button1=1  button2=0
[Relay] Motion sends: 900 ok, 0 fail  target=(-65.1883,-386.689,231.884) orient=(-178.34,-1.48,-114.73)  cmd=ServoP(-65.19,-386.69,231.88,-178.34,-1.48,-114.73)
[Haptic] Force applied: (-0.161557, -0, 0.49624) N  mag=0.521876  stale=0  button1=1  button2=0
[Relay] Motion sends: 950 ok, 0 fail  target=(-66.9072,-338.642,222.264) orient=(-178.327,-1.48,-114.76)  cmd=ServoP(-66.91,-338.64,222.26,-178.33,-1.48,-114.76)
[Haptic] Force applied: (-0.281925, -0, 0.22379) N  mag=0.35995  stale=0  button1=1  button2=0

############################################################
##  ⚠⚠  触觉安全提示已关闭  (Config::FORCE_CONSTRAINT_FORCES_ENABLED = false)
##   虚拟约束力已【全部】停用 —— 现在【没有任何】推力提示:
##     · 靠近安全边界 (SAFE_X/Y/Z)
##     · 靠近圆柱奇异 (半径 < 80mm)
##     · 靠近工作空间边缘 (半径 > 550mm)
##     · 靠近历史报警点 (真报过警的位置)
##   ⇒ 请靠【视觉】与【报警指示灯】判断危险。
##   (机械臂自身的碰撞检测与安全皮肤由机械臂侧做, 不受本开关影响。)
##   本横幅每 60 秒复报一次。
############################################################

[Relay] Motion sends: 1000 ok, 0 fail  target=(-64.8354,-337.636,218.947) orient=(-178.33,-1.48,-114.77)  cmd=ServoP(-64.84,-337.64,218.95,-178.33,-1.48,-114.77)
[Haptic] Force applied: (-0.032114, -0, 0.257627) N  mag=0.259621  stale=0  button1=1  button2=0
[Haptic] Force applied: (-0.580168, -0, 0.416683) N  mag=0.714297  stale=0  button1=1  button2=0
[Relay] Motion sends: 1050 ok, 0 fail  target=(-70.2605,-353.791,221.573) orient=(-178.312,-1.48,-114.76)  cmd=ServoP(-70.26,-353.79,221.57,-178.31,-1.48,-114.76)
[Haptic] Force applied: (-0.945503, -0, 0.000376092) N  mag=0.945503  stale=0  button1=1  button2=0
[Relay] Motion sends: 1100 ok, 0 fail  target=(-77.9323,-354.203,244.419) orient=(-178.301,-1.48,-114.76)  cmd=ServoP(-77.93,-354.20,244.42,-178.30,-1.48,-114.76)
[Haptic] Force applied: (-0.440972, 0, 0.0787439) N  mag=0.447947  stale=0  button1=1  button2=0
[Relay] Motion sends: 1150 ok, 0 fail  target=(-43.8762,-329.367,218.07) orient=(-178.3,-1.48,-114.693)  cmd=ServoP(-43.88,-329.37,218.07,-178.30,-1.48,-114.69)
[Haptic] Force applied: (-3.99783e-06, -0, 0.0965056) N  mag=0.0965056  stale=0  button1=1  button2=0
[Relay] Motion sends: 1200 ok, 0 fail  target=(-16.1623,-317.068,238.757) orient=(-178.41,-1.48,-114.69)  cmd=ServoP(-16.16,-317.07,238.76,-178.41,-1.48,-114.69)
[Haptic] Force applied: (-0.00802582, -0, 0.470441) N  mag=0.47051  stale=0  button1=1  button2=0
[Relay] Motion sends: 1250 ok, 0 fail  target=(-67.1172,-347.33,220.948) orient=(-178.41,-1.48,-114.64)  cmd=ServoP(-67.12,-347.33,220.95,-178.41,-1.48,-114.64)
[Haptic] Force applied: (-0.29944, -0, 0.546265) N  mag=0.622952  stale=0  button1=1  button2=0
[Relay] Motion sends: 1300 ok, 0 fail  target=(-77.4023,-346.58,215.29) orient=(-178.34,-1.48,-114.638)  cmd=ServoP(-77.40,-346.58,215.29,-178.34,-1.48,-114.64)
[Haptic] Force applied: (-0.968808, -0, 0.490556) N  mag=1.08593  stale=0  button1=1  button2=0
[Haptic] Force applied: (-0.100485, 0, 0.454745) N  mag=0.465715  stale=0  button1=1  button2=0
[Relay] Motion sends: 1350 ok, 0 fail  target=(-107.773,-335.639,246.499) orient=(-178.35,-1.48,-114.64)  cmd=ServoP(-107.77,-335.64,246.50,-178.35,-1.48,-114.64)
[Haptic] Force applied: (-0.406709, 0, 0.222046) N  mag=0.463376  stale=0  button1=1  button2=0
[StateMachine] RUNNING → READY
[Relay] Button RELEASE — motion stopped
[StateMachine] READY → RUNNING
[Relay] Button PRESS  — target start=(-75.4901,-330.58,302.17)
[Relay] Hold button + move Touch (incremental mode)
[Relay] Motion sends: 1400 ok, 0 fail  target=(-75.2813,-331.008,299.751) orient=(-178.35,-1.48,-114.53)  cmd=ServoP(-75.28,-331.01,299.75,-178.35,-1.48,-114.53)
[Haptic] Force applied: (-0.126683, 0, 0.0693583) N  mag=0.144427  stale=0  button1=1  button2=0
[Relay] Motion sends: 1450 ok, 0 fail  target=(-83.8128,-343.82,303.029) orient=(-178.36,-1.41,-114.5)  cmd=ServoP(-83.81,-343.82,303.03,-178.36,-1.41,-114.50)
[Haptic] Force applied: (-0.10789, 0, 0.437974) N  mag=0.451067  stale=0  button1=1  button2=0
[StateMachine] RUNNING → READY
[Relay] Button RELEASE — motion stopped
[StateMachine] READY → RUNNING
[Relay] Button PRESS  — target start=(-79.6101,-354.88,253.17)
[Relay] Hold button + move Touch (incremental mode)
[Haptic] Force applied: (-0.00238687, -0, 0.511937) N  mag=0.511943  stale=0  button1=1  button2=0
[Relay] Motion sends: 1500 ok, 0 fail  target=(-79.377,-359.871,216.197) orient=(-178.36,-1.35,-114.5)  cmd=ServoP(-79.38,-359.87,216.20,-178.36,-1.35,-114.50)
[Haptic] Force applied: (-0.000172801, -0, 0.304569) N  mag=0.304569  stale=0  button1=1  button2=0
[Relay] Motion sends: 1550 ok, 0 fail  target=(-78.179,-348.728,245.433) orient=(-178.393,-1.34314,-114.513)  cmd=ServoP(-78.18,-348.73,245.43,-178.39,-1.34,-114.51)
[StateMachine] RUNNING → READY
[Relay] Button RELEASE — motion stopped
[StateMachine] READY → RUNNING
[Relay] Button PRESS  — target start=(-85.7542,-340.605,277.318)
[Relay] Hold button + move Touch (incremental mode)
[StateMachine] RUNNING → READY
[Relay] Button RELEASE — motion stopped
[StateMachine] READY → RUNNING
[Relay] Button PRESS  — target start=(-87.0999,-340.76,301.91)
[Relay] Hold button + move Touch (incremental mode)
[Relay] Motion sends: 1600 ok, 0 fail  target=(-86.0046,-375.759,262.074) orient=(-178.39,-1.34,-114.51)  cmd=ServoP(-86.00,-375.76,262.07,-178.39,-1.34,-114.51)
[StateMachine] RUNNING → READY
[Relay] Button RELEASE — motion stopped
[StateMachine] READY → RUNNING
[Relay] Button PRESS  — target start=(-85.7901,-375.91,254.92)
[Relay] Hold button + move Touch (incremental mode)
[Haptic] Force applied: (0.00253405, -0, -1.08823) N  mag=1.08824  stale=0  button1=1  button2=0
[Relay] Motion sends: 1650 ok, 0 fail  target=(-78.9686,-365.603,212.565) orient=(-178.38,-1.28,-114.507)  cmd=ServoP(-78.97,-365.60,212.56,-178.38,-1.28,-114.51)
[Haptic] Force applied: (-0.138655, -0, 0.413579) N  mag=0.436203  stale=0  button1=1  button2=0
[Relay] Motion sends: 1700 ok, 0 fail  target=(-77.9654,-369.633,265.492) orient=(-178.363,-1.28,-114.48)  cmd=ServoP(-77.97,-369.63,265.49,-178.36,-1.28,-114.48)
[Haptic] Force applied: (-0.0514158, -0, 0.452011) N  mag=0.454926  stale=0  button1=1  button2=0
[Relay] Motion sends: 1750 ok, 0 fail  target=(-78.6499,-371.756,222.533) orient=(-178.36,-1.28,-114.43)  cmd=ServoP(-78.65,-371.76,222.53,-178.36,-1.28,-114.43)
[Haptic] Force applied: (-0.700969, -0, 0.130138) N  mag=0.712947  stale=0  button1=1  button2=0
[Relay] Motion sends: 1800 ok, 0 fail  target=(-89.6427,-381.119,262.234) orient=(-178.35,-1.28,-114.439)  cmd=ServoP(-89.64,-381.12,262.23,-178.35,-1.28,-114.44)
[Haptic] Force applied: (-0.0199331, -0, 6.48903e-08) N  mag=0.0199331  stale=0  button1=1  button2=0
[Relay] Motion sends: 1850 ok, 0 fail  target=(-77.6699,-366.086,220.89) orient=(-178.181,-1.28,-114.44)  cmd=ServoP(-77.67,-366.09,220.89,-178.18,-1.28,-114.44)
[Haptic] Force applied: (-0.876652, -0, 0.434031) N  mag=0.978214  stale=0  button1=1  button2=0
[Haptic] Force applied: (-0.363338, -0, 0.480466) N  mag=0.602381  stale=0  button1=1  button2=0
[Relay] Motion sends: 1900 ok, 0 fail  target=(-78.7397,-354.795,285.602) orient=(-178.011,-1.09974,-114.44)  cmd=ServoP(-78.74,-354.79,285.60,-178.01,-1.10,-114.44)
[Haptic] Force applied: (0.0248914, -0, -0.442331) N  mag=0.443031  stale=0  button1=1  button2=0
[Relay] Motion sends: 1950 ok, 0 fail  target=(-75.0025,-329.786,211.245) orient=(-178.04,-1.11,-114.43)  cmd=ServoP(-75.00,-329.79,211.25,-178.04,-1.11,-114.43)
[Haptic] Force applied: (-0.430097, 0, 0.541978) N  mag=0.691898  stale=0  button1=1  button2=0
[Relay] Motion sends: 2000 ok, 0 fail  target=(-70.2535,-347.06,280.015) orient=(-177.79,-1.11,-114.42)  cmd=ServoP(-70.25,-347.06,280.01,-177.79,-1.11,-114.42)
[Haptic] Force applied: (-0.633394, 0, 0.443158) N  mag=0.773031  stale=0  button1=1  button2=0
[Relay] Motion sends: 2050 ok, 0 fail  target=(-79.977,-342.472,215.588) orient=(-177.79,-1.11,-114.45)  cmd=ServoP(-79.98,-342.47,215.59,-177.79,-1.11,-114.45)
[Haptic] Force applied: (0.942874, -0, 0.0993348) N  mag=0.948093  stale=0  button1=1  button2=0
[StateMachine] RUNNING → READY
[Relay] Button RELEASE — motion stopped

############################################################
##  ⚠⚠  触觉安全提示已关闭  (Config::FORCE_CONSTRAINT_FORCES_ENABLED = false)
##   虚拟约束力已【全部】停用 —— 现在【没有任何】推力提示:
##     · 靠近安全边界 (SAFE_X/Y/Z)
##     · 靠近圆柱奇异 (半径 < 80mm)
##     · 靠近工作空间边缘 (半径 > 550mm)
##     · 靠近历史报警点 (真报过警的位置)
##   ⇒ 请靠【视觉】与【报警指示灯】判断危险。
##   (机械臂自身的碰撞检测与安全皮肤由机械臂侧做, 不受本开关影响。)
##   本横幅每 60 秒复报一次。
############################################################


############################################################
##  ⚠⚠  触觉安全提示已关闭  (Config::FORCE_CONSTRAINT_FORCES_ENABLED = false)
##   虚拟约束力已【全部】停用 —— 现在【没有任何】推力提示:
##     · 靠近安全边界 (SAFE_X/Y/Z)
##     · 靠近圆柱奇异 (半径 < 80mm)
##     · 靠近工作空间边缘 (半径 > 550mm)
##     · 靠近历史报警点 (真报过警的位置)
##   ⇒ 请靠【视觉】与【报警指示灯】判断危险。
##   (机械臂自身的碰撞检测与安全皮肤由机械臂侧做, 不受本开关影响。)
##   本横幅每 60 秒复报一次。
############################################################


############################################################
##  ⚠⚠  触觉安全提示已关闭  (Config::FORCE_CONSTRAINT_FORCES_ENABLED = false)
##   虚拟约束力已【全部】停用 —— 现在【没有任何】推力提示:
##     · 靠近安全边界 (SAFE_X/Y/Z)
##     · 靠近圆柱奇异 (半径 < 80mm)
##     · 靠近工作空间边缘 (半径 > 550mm)
##     · 靠近历史报警点 (真报过警的位置)
##   ⇒ 请靠【视觉】与【报警指示灯】判断危险。
##   (机械臂自身的碰撞检测与安全皮肤由机械臂侧做, 不受本开关影响。)
##   本横幅每 60 秒复报一次。
############################################################


############################################################
##  ⚠⚠  触觉安全提示已关闭  (Config::FORCE_CONSTRAINT_FORCES_ENABLED = false)
##   虚拟约束力已【全部】停用 —— 现在【没有任何】推力提示:
##     · 靠近安全边界 (SAFE_X/Y/Z)
##     · 靠近圆柱奇异 (半径 < 80mm)
##     · 靠近工作空间边缘 (半径 > 550mm)
##     · 靠近历史报警点 (真报过警的位置)
##   ⇒ 请靠【视觉】与【报警指示灯】判断危险。
##   (机械臂自身的碰撞检测与安全皮肤由机械臂侧做, 不受本开关影响。)
##   本横幅每 60 秒复报一次。
############################################################


############################################################
##  ⚠⚠  触觉安全提示已关闭  (Config::FORCE_CONSTRAINT_FORCES_ENABLED = false)
##   虚拟约束力已【全部】停用 —— 现在【没有任何】推力提示:
##     · 靠近安全边界 (SAFE_X/Y/Z)
##     · 靠近圆柱奇异 (半径 < 80mm)
##     · 靠近工作空间边缘 (半径 > 550mm)
##     · 靠近历史报警点 (真报过警的位置)
##   ⇒ 请靠【视觉】与【报警指示灯】判断危险。
##   (机械臂自身的碰撞检测与安全皮肤由机械臂侧做, 不受本开关影响。)
##   本横幅每 60 秒复报一次。
############################################################


############################################################
##  ⚠⚠  触觉安全提示已关闭  (Config::FORCE_CONSTRAINT_FORCES_ENABLED = false)
##   虚拟约束力已【全部】停用 —— 现在【没有任何】推力提示:
##     · 靠近安全边界 (SAFE_X/Y/Z)
##     · 靠近圆柱奇异 (半径 < 80mm)
##     · 靠近工作空间边缘 (半径 > 550mm)
##     · 靠近历史报警点 (真报过警的位置)
##   ⇒ 请靠【视觉】与【报警指示灯】判断危险。
##   (机械臂自身的碰撞检测与安全皮肤由机械臂侧做, 不受本开关影响。)
##   本横幅每 60 秒复报一次。
############################################################


############################################################
##  ⚠⚠  触觉安全提示已关闭  (Config::FORCE_CONSTRAINT_FORCES_ENABLED = false)
##   虚拟约束力已【全部】停用 —— 现在【没有任何】推力提示:
##     · 靠近安全边界 (SAFE_X/Y/Z)
##     · 靠近圆柱奇异 (半径 < 80mm)
##     · 靠近工作空间边缘 (半径 > 550mm)
##     · 靠近历史报警点 (真报过警的位置)
##   ⇒ 请靠【视觉】与【报警指示灯】判断危险。
##   (机械臂自身的碰撞检测与安全皮肤由机械臂侧做, 不受本开关影响。)
##   本横幅每 60 秒复报一次。
############################################################


############################################################
##  ⚠⚠  触觉安全提示已关闭  (Config::FORCE_CONSTRAINT_FORCES_ENABLED = false)
##   虚拟约束力已【全部】停用 —— 现在【没有任何】推力提示:
##     · 靠近安全边界 (SAFE_X/Y/Z)
##     · 靠近圆柱奇异 (半径 < 80mm)
##     · 靠近工作空间边缘 (半径 > 550mm)
##     · 靠近历史报警点 (真报过警的位置)
##   ⇒ 请靠【视觉】与【报警指示灯】判断危险。
##   (机械臂自身的碰撞检测与安全皮肤由机械臂侧做, 不受本开关影响。)
##   本横幅每 60 秒复报一次。
############################################################

[StateMachine] READY → RUNNING
[Relay] Button PRESS  — target start=(-83.7899,-335.35,297.21)
[Relay] Hold button + move Touch (incremental mode)
[Relay] Motion sends: 2100 ok, 0 fail  target=(-83.7238,-335.321,297.315) orient=(-177.75,-1.11,-114.41)  cmd=ServoP(-83.72,-335.32,297.31,-177.75,-1.11,-114.41)
[StateMachine] RUNNING → READY
[Relay] Button RELEASE — motion stopped
[StateMachine] READY → RUNNING
[Relay] Button PRESS  — target start=(-83.1,-335.35,297.54)
[Relay] Hold button + move Touch (incremental mode)
[StateMachine] RUNNING → READY
[Relay] Button RELEASE — motion stopped
[StateMachine] READY → RUNNING
[Relay] Button PRESS  — target start=(-83.1701,-335.39,297.57)
[Relay] Hold button + move Touch (incremental mode)
[Haptic] Force applied: (-0.311781, -0, 0.0439358) N  mag=0.314862  stale=0  button1=1  button2=0
[Relay] Motion sends: 2150 ok, 0 fail  target=(-124.974,-351.742,252.507) orient=(-177.448,-0.918493,-114.131)  cmd=ServoP(-124.97,-351.74,252.51,-177.45,-0.92,-114.13)
[StateMachine] RUNNING → READY
[Relay] Button RELEASE — motion stopped
[StateMachine] READY → RUNNING
[Relay] Button PRESS  — target start=(-122.99,-352.81,252.69)
[Relay] Hold button + move Touch (incremental mode)
[Haptic] Force applied: (-0.000192423, 0, 0.32886) N  mag=0.32886  stale=0  button1=1  button2=0
[Relay] Motion sends: 2200 ok, 0 fail  target=(-59.2731,-342.724,216.161) orient=(-177.45,-0.92,-114.13)  cmd=ServoP(-59.27,-342.72,216.16,-177.45,-0.92,-114.13)
[Haptic] Force applied: (-0.023094, -0, 0.178473) N  mag=0.179961  stale=0  button1=1  button2=0
[StateMachine] RUNNING → READY
[Relay] Button RELEASE — motion stopped
[StateMachine] READY → RUNNING
[Relay] Button PRESS  — target start=(-65.6199,-310.26,312.18)
[Relay] Hold button + move Touch (incremental mode)
[Haptic] Force applied: (-0.0146736, 0, 0.13099) N  mag=0.13181  stale=0  button1=1  button2=0
[StateMachine] RUNNING → READY
[Relay] Button RELEASE — motion stopped

############################################################
##  ⚠⚠  触觉安全提示已关闭  (Config::FORCE_CONSTRAINT_FORCES_ENABLED = false)
##   虚拟约束力已【全部】停用 —— 现在【没有任何】推力提示:
##     · 靠近安全边界 (SAFE_X/Y/Z)
##     · 靠近圆柱奇异 (半径 < 80mm)
##     · 靠近工作空间边缘 (半径 > 550mm)
##     · 靠近历史报警点 (真报过警的位置)
##   ⇒ 请靠【视觉】与【报警指示灯】判断危险。
##   (机械臂自身的碰撞检测与安全皮肤由机械臂侧做, 不受本开关影响。)
##   本横幅每 60 秒复报一次。
############################################################


############################################################
##  ⚠⚠  触觉安全提示已关闭  (Config::FORCE_CONSTRAINT_FORCES_ENABLED = false)
##   虚拟约束力已【全部】停用 —— 现在【没有任何】推力提示:
##     · 靠近安全边界 (SAFE_X/Y/Z)
##     · 靠近圆柱奇异 (半径 < 80mm)
##     · 靠近工作空间边缘 (半径 > 550mm)
##     · 靠近历史报警点 (真报过警的位置)
##   ⇒ 请靠【视觉】与【报警指示灯】判断危险。
##   (机械臂自身的碰撞检测与安全皮肤由机械臂侧做, 不受本开关影响。)
##   本横幅每 60 秒复报一次。
############################################################


############################################################
##  ⚠⚠  触觉安全提示已关闭  (Config::FORCE_CONSTRAINT_FORCES_ENABLED = false)
##   虚拟约束力已【全部】停用 —— 现在【没有任何】推力提示:
##     · 靠近安全边界 (SAFE_X/Y/Z)
##     · 靠近圆柱奇异 (半径 < 80mm)
##     · 靠近工作空间边缘 (半径 > 550mm)
##     · 靠近历史报警点 (真报过警的位置)
##   ⇒ 请靠【视觉】与【报警指示灯】判断危险。
##   (机械臂自身的碰撞检测与安全皮肤由机械臂侧做, 不受本开关影响。)
##   本横幅每 60 秒复报一次。
############################################################


############################################################
##  ⚠⚠  触觉安全提示已关闭  (Config::FORCE_CONSTRAINT_FORCES_ENABLED = false)
##   虚拟约束力已【全部】停用 —— 现在【没有任何】推力提示:
##     · 靠近安全边界 (SAFE_X/Y/Z)
##     · 靠近圆柱奇异 (半径 < 80mm)
##     · 靠近工作空间边缘 (半径 > 550mm)
##     · 靠近历史报警点 (真报过警的位置)
##   ⇒ 请靠【视觉】与【报警指示灯】判断危险。
##   (机械臂自身的碰撞检测与安全皮肤由机械臂侧做, 不受本开关影响。)
##   本横幅每 60 秒复报一次。
############################################################

[StateMachine] READY → RUNNING
[Relay] Button PRESS  — target start=(-65.5001,-321.6,354.19)
[Relay] Hold button + move Touch (incremental mode)
[Relay] Motion sends: 2250 ok, 0 fail  target=(-99.5658,-326.478,358.239) orient=(-177.45,-0.463991,-113.99)  cmd=ServoP(-99.57,-326.48,358.24,-177.45,-0.46,-113.99)
[StateMachine] RUNNING → READY
[Relay] Button RELEASE — motion stopped
[StateMachine] READY → RUNNING
[Relay] Button PRESS  — target start=(-124.82,-332.34,364.79)
[Relay] Hold button + move Touch (incremental mode)
[Haptic] Force applied: (-0.000620414, -0, 0.308508) N  mag=0.308509  stale=0  button1=1  button2=0
[StateMachine] RUNNING → READY
[Relay] Button RELEASE — motion stopped
[StateMachine] READY → RUNNING
[Relay] Button PRESS  — target start=(-189.21,-340.57,274.17)
[Relay] Hold button + move Touch (incremental mode)
[Relay] Motion sends: 2300 ok, 0 fail  target=(-194.322,-339.174,275.004) orient=(-177.44,-0.65,-113.74)  cmd=ServoP(-194.32,-339.17,275.00,-177.44,-0.65,-113.74)
[Haptic] Force applied: (-0.569346, -0, 0.00231155) N  mag=0.569351  stale=0  button1=1  button2=0
[Relay] Motion sends: 2350 ok, 0 fail  target=(-226.953,-353.541,218.595) orient=(-177.419,-0.64,-113.74)  cmd=ServoP(-226.95,-353.54,218.59,-177.42,-0.64,-113.74)
[Haptic] Force applied: (-0.058242, -0, 0.450298) N  mag=0.454049  stale=0  button1=1  button2=0
[Relay] Motion sends: 2400 ok, 0 fail  target=(-228.513,-386.622,249.345) orient=(-177.43,-0.63,-113.74)  cmd=ServoP(-228.51,-386.62,249.35,-177.43,-0.63,-113.74)
[Haptic] Force applied: (-0.217892, 0, 0.418965) N  mag=0.472238  stale=0  button1=1  button2=0
[Relay] Motion sends: 2450 ok, 0 fail  target=(-219.548,-346.612,226.559) orient=(-177.37,-0.66214,-113.74)  cmd=ServoP(-219.55,-346.61,226.56,-177.37,-0.66,-113.74)
[Haptic] Force applied: (-1.46368e-08, -0, 0.135828) N  mag=0.135828  stale=0  button1=1  button2=0
[Relay] Motion sends: 2500 ok, 0 fail  target=(-194.891,-384.845,214.451) orient=(-177.37,-0.66,-113.74)  cmd=ServoP(-194.89,-384.85,214.45,-177.37,-0.66,-113.74)
[Haptic] Force applied: (0.0330193, -0, -1.66102) N  mag=1.66135  stale=0  button1=1  button2=0
[Haptic] Force applied: (-0.209955, -0, 0.00143882) N  mag=0.20996  stale=0  button1=1  button2=0
[Relay] Motion sends: 2550 ok, 0 fail  target=(-192.96,-335.561,213.391) orient=(-177.23,-0.52,-113.77)  cmd=ServoP(-192.96,-335.56,213.39,-177.23,-0.52,-113.77)
[Haptic] Force applied: (-0.0286155, -0, 0.10589) N  mag=0.109689  stale=0  button1=1  button2=0
[Relay] Motion sends: 2600 ok, 0 fail  target=(-185.473,-345.856,217.822) orient=(-177.23,-0.52,-113.806)  cmd=ServoP(-185.47,-345.86,217.82,-177.23,-0.52,-113.81)
[Haptic] Force applied: (0.366611, -0, 0.00714138) N  mag=0.366681  stale=0  button1=1  button2=0
[Relay] Motion sends: 2650 ok, 0 fail  target=(-213.439,-329.582,226.679) orient=(-177.23,-0.52,-113.81)  cmd=ServoP(-213.44,-329.58,226.68,-177.23,-0.52,-113.81)
[StateMachine] RUNNING → READY
[Relay] Button RELEASE — motion stopped
[StateMachine] READY → RUNNING
[Relay] Button PRESS  — target start=(-171.11,-322.45,247.32)
[Relay] Hold button + move Touch (incremental mode)
[Relay] Motion sends: 2700 ok, 0 fail  target=(-157.541,-306.78,225.68) orient=(-177.23,-0.454427,-113.81)  cmd=ServoP(-157.54,-306.78,225.68,-177.23,-0.45,-113.81)
[Haptic] Force applied: (-0.495149, -0, 0.282346) N  mag=0.569993  stale=0  button1=1  button2=0
[Relay] Motion sends: 2750 ok, 0 fail  target=(-141.74,-313.797,227.824) orient=(-177.12,-0.47,-113.73)  cmd=ServoP(-141.74,-313.80,227.82,-177.12,-0.47,-113.73)
[Haptic] Force applied: (-0.819267, 0, 0.440412) N  mag=0.930141  stale=0  button1=1  button2=0
[Haptic] Force applied: (-0.438985, 0, 0.227205) N  mag=0.494297  stale=0  button1=1  button2=0
[Relay] Motion sends: 2800 ok, 0 fail  target=(-115.799,-314.082,251.086) orient=(-177.12,-0.47,-113.73)  cmd=ServoP(-115.80,-314.08,251.09,-177.12,-0.47,-113.73)
[StateMachine] RUNNING → READY
[Relay] Button RELEASE — motion stopped
[StateMachine] READY → RUNNING
[Relay] Button PRESS  — target start=(-90.49,-311.85,251.92)
[Relay] Hold button + move Touch (incremental mode)
[StateMachine] RUNNING → READY
[Relay] Button RELEASE — motion stopped
[StateMachine] READY → RUNNING
[Relay] Button PRESS  — target start=(-89.62,-311.63,233.78)
[Relay] Hold button + move Touch (incremental mode)
[Relay] Motion sends: 2850 ok, 0 fail  target=(-83.7257,-334.367,224.481) orient=(-177.12,-0.4,-113.65)  cmd=ServoP(-83.73,-334.37,224.48,-177.12,-0.40,-113.65)
[Haptic] Force applied: (-0.462022, -0, 0.751185) N  mag=0.881898  stale=0  button1=1  button2=0
[Relay] Motion sends: 2900 ok, 0 fail  target=(-27.3272,-344.296,219.298) orient=(-176.95,-0.4,-113.67)  cmd=ServoP(-27.33,-344.30,219.30,-176.95,-0.40,-113.67)
[Haptic] Force applied: (-0.743746, -0, 0.00525321) N  mag=0.743765  stale=0  button1=1  button2=0
[Haptic] Force applied: (-0.0141709, 0, 0.51484) N  mag=0.515035  stale=0  button1=1  button2=0
[Relay] Motion sends: 2950 ok, 0 fail  target=(-42.3548,-290.272,276.304) orient=(-176.931,-0.4,-113.657)  cmd=ServoP(-42.35,-290.27,276.30,-176.93,-0.40,-113.66)
[Haptic] Force applied: (-0.450894, -0, 0.122307) N  mag=0.467188  stale=0  button1=1  button2=0
[Relay] Motion sends: 3000 ok, 0 fail  target=(-52.0934,-306.614,237.273) orient=(-176.93,-0.4,-113.66)  cmd=ServoP(-52.09,-306.61,237.27,-176.93,-0.40,-113.66)
[StateMachine] RUNNING → READY
[Relay] Button RELEASE — motion stopped
[StateMachine] READY → RUNNING
[Relay] Button PRESS  — target start=(-50.0674,-300.058,279.386)
[Relay] Hold button + move Touch (incremental mode)
[Haptic] Force applied: (-0.514326, 0, 0.252779) N  mag=0.573087  stale=0  button1=1  button2=0
[StateMachine] RUNNING → READY
[Relay] Button RELEASE — motion stopped

############################################################
##  ⚠⚠  触觉安全提示已关闭  (Config::FORCE_CONSTRAINT_FORCES_ENABLED = false)
##   虚拟约束力已【全部】停用 —— 现在【没有任何】推力提示:
##     · 靠近安全边界 (SAFE_X/Y/Z)
##     · 靠近圆柱奇异 (半径 < 80mm)
##     · 靠近工作空间边缘 (半径 > 550mm)
##     · 靠近历史报警点 (真报过警的位置)
##   ⇒ 请靠【视觉】与【报警指示灯】判断危险。
##   (机械臂自身的碰撞检测与安全皮肤由机械臂侧做, 不受本开关影响。)
##   本横幅每 60 秒复报一次。
############################################################

[StateMachine] READY → RUNNING
[Relay] Button PRESS  — target start=(-45.2801,-289.52,332.71)
[Relay] Hold button + move Touch (incremental mode)
[Haptic] Force applied: (-2.33948e-05, 0, 0.864011) N  mag=0.864011  stale=0  button1=1  button2=0
[StateMachine] RUNNING → READY
[Relay] Button RELEASE — motion stopped
[StateMachine] READY → RUNNING
[Relay] Button PRESS  — target start=(-55.6699,-325.82,307.02)
[Relay] Hold button + move Touch (incremental mode)
[Relay] Motion sends: 3050 ok, 0 fail  target=(-65.3072,-331.493,287.512) orient=(-176.92,-0.389632,-113.66)  cmd=ServoP(-65.31,-331.49,287.51,-176.92,-0.39,-113.66)
[Haptic] Force applied: (-0.560672, -0, 0.286158) N  mag=0.629475  stale=0  button1=1  button2=0
[Relay] Motion sends: 3100 ok, 0 fail  target=(-63.5382,-325.568,230.699) orient=(-176.76,-0.23,-113.732)  cmd=ServoP(-63.54,-325.57,230.70,-176.76,-0.23,-113.73)
[Haptic] Force applied: (-0.631972, 0, 0.268762) N  mag=0.686748  stale=0  button1=1  button2=0
[Haptic] Force applied: (-0.286911, -0, 0.257723) N  mag=0.385667  stale=0  button1=1  button2=0
[Relay] Motion sends: 3150 ok, 0 fail  target=(-64.435,-328.343,222.833) orient=(-176.76,-0.23,-113.71)  cmd=ServoP(-64.43,-328.34,222.83,-176.76,-0.23,-113.71)
[Haptic] Force applied: (-0.47979, -0, 0.285294) N  mag=0.558204  stale=0  button1=1  button2=0

===== 帧率噪声探针 (原始 @1304, 未补偿; 最近 1024 帧) =====
  帧率: 平均间隔 8.145 ms (= 122.8 Hz)   最大间隔 8.6 ms   跨度 8332 ms
        (文档值: 8 ms / 125 Hz —— 实测对得上)

  轴    mean          sd(单帧)     lag1自相关   lag2        lag4
  x    -18.5525      0.1464     +0.554     +0.174     +0.285
  y     -2.7723      0.1280     +0.475     -0.117     +0.206
  z     +4.7388      0.2611     +0.336     +0.384     +0.306

  块平均 (连续 k 帧取平均后的 sd / 单帧 sd);  理论值 = 1/sqrt(k)
    k        Fx        Fy        Fz      理论
    2      0.882      0.868      0.828     0.707
    4      0.709      0.614      0.720     0.500
    8      0.610      0.514      0.677     0.354
   16      0.445      0.417      0.660     0.250
   32      0.231      0.284      0.658     0.177

  ☞ 判决 (看 k=16 那一行 Fz):
     ✗ Fz 的块平均【基本不掉】⇒ 噪声落在比 16 帧更慢的频带上 (慢漂/机械)。
       ⇒ 挪到帧率上跑【没用】, 别白改一遍滤波; 得换修法。

  平稳性体检 (前半段均值 − 后半段均值, 单位 N):
    x:   -0.0259   噪声允许 ~0.0065 (3σ 门限 0.0194)   ★ 明显更大 ⇒ 这段在漂, 上一张表不作数
    y:   -0.0122   噪声允许 ~0.0057 (3σ 门限 0.0170)   在容许内 ⇒ 这一段可当平稳
    z:   +0.2642   噪声允许 ~0.0115 (3σ 门限 0.0346)   ★ 明显更大 ⇒ 这段在漂, 上一张表不作数

===== 抖动诊断 (只读累加器; 与上面那个探针【窗口不同】: 本段自上次 'n' 起) =====
  A) 输出(手感) hapticOut —— 【已过】轴映射+死区+增益; 单位 Touch N; N = 136641 帧
     轴        mean          sd
     x    -0.31089     0.21328
     y    +0.00000     0.00000
     z    +0.24142     0.21107
     (y 轴恒 0 ⇒ 这一轴当前【被关掉】, 不是【没噪声】: 见 Config::FORCE_FEEDBACK_Z_SIGN)
  B) 补偿后残差 = 【进死区的 filtered】(补偿+滤波后, 【未过】死区); 单位 传感器 N; 同一窗口 N = 136641 帧
     轴        mean          sd     |残差|>=0.200 N 的帧占比
     x    -0.18512     0.08560        41.48%
     y    -0.16959     0.07902        31.14%
     z    -0.01642     0.20401         4.56%
  ☞ 计划里写下的判据 (Docs/superpowers/plans/2026-09-23-haptic-output-jitter-instrument.md):
     A: 输出的 sd 【明显大于】11 Hz 落盘口量到的 0.028 N (推算真实速率下 ≈0.15 N) ⇒ "D2 用错了仪器"成立。
     B: 占比 ≈ 15~25% (1.27σ 的高斯尾) ⇒ "噪声对死区"这个机制成立;
        【远低于 15% ⇒ 机制不成立】, 那时别按这个机制去改死区 (回到【另有其因】)。
[Haptic] Force applied: (-0.513962, -0, 0.448436) N  mag=0.682093  stale=0  button1=1  button2=0
[Relay] Motion sends: 3200 ok, 0 fail  target=(-64.184,-328.838,221.586) orient=(-176.75,-0.219882,-113.706)  cmd=ServoP(-64.18,-328.84,221.59,-176.75,-0.22,-113.71)
[Haptic] Force applied: (-0.00742087, -0, 0.491012) N  mag=0.491068  stale=0  button1=1  button2=0
[Haptic] Force applied: (-0.0108509, -0, 1.03541) N  mag=1.03547  stale=0  button1=1  button2=0
[Relay] Motion sends: 3250 ok, 0 fail  target=(-63.9754,-333.939,215.335) orient=(-176.73,-0.2,-113.7)  cmd=ServoP(-63.98,-333.94,215.34,-176.73,-0.20,-113.70)
[Haptic] Force applied: (-0.00491557, -0, 1.08969) N  mag=1.0897  stale=0  button1=1  button2=0

===== 帧率噪声探针 (原始 @1304, 未补偿; 最近 1024 帧) =====
  帧率: 平均间隔 8.148 ms (= 122.7 Hz)   最大间隔 10.0 ms   跨度 8335 ms
        (文档值: 8 ms / 125 Hz —— 实测对得上)

  轴    mean          sd(单帧)     lag1自相关   lag2        lag4
  x    -18.4423      0.1183     +0.595     +0.489     +0.552
  y     -2.9730      0.1912     +0.888     +0.811     +0.852
  z     +4.0206      0.5726     +0.883     +0.926     +0.884

  块平均 (连续 k 帧取平均后的 sd / 单帧 sd);  理论值 = 1/sqrt(k)
    k        Fx        Fy        Fz      理论
    2      0.893      0.973      0.972     0.707
    4      0.814      0.947      0.966     0.500
    8      0.785      0.936      0.963     0.354
   16      0.779      0.935      0.965     0.250
   32      0.780      0.938      0.970     0.177

  ☞ 判决 (看 k=16 那一行 Fz):
     ✗ Fz 的块平均【基本不掉】⇒ 噪声落在比 16 帧更慢的频带上 (慢漂/机械)。
       ⇒ 挪到帧率上跑【没用】, 别白改一遍滤波; 得换修法。

  平稳性体检 (前半段均值 − 后半段均值, 单位 N):
    x:   -0.1299   噪声允许 ~0.0052 (3σ 门限 0.0157)   ★ 明显更大 ⇒ 这段在漂, 上一张表不作数
    y:   +0.3361   噪声允许 ~0.0084 (3σ 门限 0.0253)   ★ 明显更大 ⇒ 这段在漂, 上一张表不作数
    z:   +0.9941   噪声允许 ~0.0253 (3σ 门限 0.0759)   ★ 明显更大 ⇒ 这段在漂, 上一张表不作数

===== 抖动诊断 (只读累加器; 与上面那个探针【窗口不同】: 本段自上次 'n' 起) =====
  A) 输出(手感) hapticOut —— 【已过】轴映射+死区+增益; 单位 Touch N; N = 845 帧
     轴        mean          sd
     x    -0.11740     0.18733
     y    +0.00000     0.00000
     z    +0.82990     0.35403
     (y 轴恒 0 ⇒ 这一轴当前【被关掉】, 不是【没噪声】: 见 Config::FORCE_FEEDBACK_Z_SIGN)
  B) 补偿后残差 = 【进死区的 filtered】(补偿+滤波后, 【未过】死区); 单位 传感器 N; 同一窗口 N = 845 帧
     轴        mean          sd     |残差|>=0.200 N 的帧占比
     x    -0.09608     0.08192        19.17%
     y    -0.42433     0.17032        84.97%
     z    -1.03379     0.50671        89.82%
  ☞ 计划里写下的判据 (Docs/superpowers/plans/2026-09-23-haptic-output-jitter-instrument.md):
     A: 输出的 sd 【明显大于】11 Hz 落盘口量到的 0.028 N (推算真实速率下 ≈0.15 N) ⇒ "D2 用错了仪器"成立。
     B: 占比 ≈ 15~25% (1.27σ 的高斯尾) ⇒ "噪声对死区"这个机制成立;
        【远低于 15% ⇒ 机制不成立】, 那时别按这个机制去改死区 (回到【另有其因】)。
[Haptic] Force applied: (-0.0529432, -0, 1.05817) N  mag=1.05949  stale=0  button1=1  button2=0
[Haptic] Force applied: (-0.027614, -0, 0.648768) N  mag=0.649356  stale=0  button1=1  button2=0
[Relay] Motion sends: 3300 ok, 0 fail  target=(-64.1807,-331.474,239.577) orient=(-176.717,-0.186933,-113.693)  cmd=ServoP(-64.18,-331.47,239.58,-176.72,-0.19,-113.69)
[Haptic] Force applied: (-0.694241, 0, 0.133052) N  mag=0.706876  stale=0  button1=1  button2=0
[StateMachine] RUNNING → READY
[Relay] Button RELEASE — motion stopped
[StateMachine] READY → RUNNING
[Relay] Button PRESS  — target start=(-40.3599,-295.43,381.63)
[Relay] Hold button + move Touch (incremental mode)
[StateMachine] RUNNING → READY
[Relay] Button RELEASE — motion stopped
[StateMachine] READY → RUNNING
[Relay] Button PRESS  — target start=(-40.3599,-295.43,381.63)
[Relay] Hold button + move Touch (incremental mode)
[StateMachine] RUNNING → READY
[Relay] Button RELEASE — motion stopped
[StateMachine] READY → RUNNING
[Relay] Button PRESS  — target start=(-40.7999,-307.15,375.58)
[Relay] Hold button + move Touch (incremental mode)
[Relay] Motion sends: 3350 ok, 0 fail  target=(-41.1285,-315.412,379.048) orient=(-176.72,-0.19,-113.69)  cmd=ServoP(-41.13,-315.41,379.05,-176.72,-0.19,-113.69)
[Haptic] Force applied: (-0.369743, 0, 0.0796914) N  mag=0.378233  stale=0  button1=1  button2=0
[StateMachine] RUNNING → READY
[Relay] Button RELEASE — motion stopped
[StateMachine] READY → RUNNING
[Relay] Button PRESS  — target start=(-42.1717,-317.712,329.034)
[Relay] Hold button + move Touch (incremental mode)
[Relay] Motion sends: 3400 ok, 0 fail  target=(-50.4318,-326.001,303.942) orient=(-176.46,-0.060002,-113.43)  cmd=ServoP(-50.43,-326.00,303.94,-176.46,-0.06,-113.43)
[Haptic] Force applied: (-0.201067, 0, 0.497835) N  mag=0.536905  stale=0  button1=1  button2=0
[Relay] Motion sends: 3450 ok, 0 fail  target=(-70.0966,-335.302,282.559) orient=(-176.46,-0.06,-113.43)  cmd=ServoP(-70.10,-335.30,282.56,-176.46,-0.06,-113.43)
[Haptic] Force applied: (-1.08896, 0, 0.655455) N  mag=1.271  stale=0  button1=1  button2=0
[StateMachine] RUNNING → READY
[Relay] Button RELEASE — motion stopped
[StateMachine] READY → RUNNING
[Relay] Button PRESS  — target start=(-46.36,-322.02,338.29)
[Relay] Hold button + move Touch (incremental mode)
[Haptic] Force applied: (-0.403747, 0, 0.134952) N  mag=0.425704  stale=0  button1=1  button2=0
[StateMachine] RUNNING → READY
[Relay] Button RELEASE — motion stopped
[StateMachine] READY → RUNNING
[Relay] Button PRESS  — target start=(-50.1689,-319.174,369.357)
[Relay] Hold button + move Touch (incremental mode)
[Relay] Motion sends: 3500 ok, 0 fail  target=(-66.3419,-326.554,354.259) orient=(-176.39,0.04,-113.4)  cmd=ServoP(-66.34,-326.55,354.26,-176.39,0.04,-113.40)
[Haptic] Force applied: (-0.493831, 0, 0.166776) N  mag=0.521233  stale=0  button1=1  button2=0

############################################################
##  ⚠⚠  触觉安全提示已关闭  (Config::FORCE_CONSTRAINT_FORCES_ENABLED = false)
##   虚拟约束力已【全部】停用 —— 现在【没有任何】推力提示:
##     · 靠近安全边界 (SAFE_X/Y/Z)
##     · 靠近圆柱奇异 (半径 < 80mm)
##     · 靠近工作空间边缘 (半径 > 550mm)
##     · 靠近历史报警点 (真报过警的位置)
##   ⇒ 请靠【视觉】与【报警指示灯】判断危险。
##   (机械臂自身的碰撞检测与安全皮肤由机械臂侧做, 不受本开关影响。)
##   本横幅每 60 秒复报一次。
############################################################

[StateMachine] RUNNING → READY
[Relay] Button RELEASE — motion stopped
[StateMachine] READY → RUNNING
[Relay] Button PRESS  — target start=(-49.6998,-306.123,369.957)
[Relay] Hold button + move Touch (incremental mode)
[StateMachine] RUNNING → READY
[Relay] Button RELEASE — motion stopped
[StateMachine] READY → RUNNING
[Relay] Button PRESS  — target start=(-48.1901,-305.45,371.27)
[Relay] Hold button + move Touch (incremental mode)
[Relay] Motion sends: 3550 ok, 0 fail  target=(-56.4907,-300.173,363.104) orient=(-176.39,0.04,-113.18)  cmd=ServoP(-56.49,-300.17,363.10,-176.39,0.04,-113.18)
[Haptic] Force applied: (-0.57922, 0, 0.466881) N  mag=0.743958  stale=0  button1=1  button2=0
[StateMachine] RUNNING → READY
[Relay] Button RELEASE — motion stopped
[StateMachine] READY → RUNNING
[Relay] Button PRESS  — target start=(-66.3099,-265.89,388.16)
[Relay] Hold button + move Touch (incremental mode)
[Haptic] Force applied: (-0.562119, 0, 0.453092) N  mag=0.72199  stale=0  button1=1  button2=0
[Relay] Motion sends: 3600 ok, 0 fail  target=(-68.6307,-231.53,391.055) orient=(-176.39,0.04,-113.18)  cmd=ServoP(-68.63,-231.53,391.06,-176.39,0.04,-113.18)
[Haptic] Force applied: (-0.209224, -0, 0.0767186) N  mag=0.222846  stale=0  button1=1  button2=0
[Relay] Motion sends: 3650 ok, 0 fail  target=(-37.93,-235.11,433.635) orient=(-176.16,0.04,-112.942)  cmd=ServoP(-37.93,-235.11,433.63,-176.16,0.04,-112.94)
[Haptic] Force applied: (-0.683665, 0, 0.0182146) N  mag=0.683907  stale=0  button1=1  button2=0
[StateMachine] RUNNING → READY
[Relay] Button RELEASE — motion stopped
[StateMachine] READY → RUNNING
[Relay] Button PRESS  — target start=(-84.7599,-194.24,386.18)
[Relay] Hold button + move Touch (incremental mode)
[Relay] Motion sends: 3700 ok, 0 fail  target=(-146.823,-164.942,375.143) orient=(-176.16,0.04,-112.94)  cmd=ServoP(-146.82,-164.94,375.14,-176.16,0.04,-112.94)
[Haptic] Force applied: (-0.972717, 0, 0.00131604) N  mag=0.972717  stale=0  button1=1  button2=0
[Haptic] Force applied: (-0.0128261, -0, 0.0106226) N  mag=0.0166538  stale=0  button1=1  button2=0
[Relay] Motion sends: 3750 ok, 0 fail  target=(-164.734,-187.508,380.187) orient=(-176.16,0.02,-112.96)  cmd=ServoP(-164.73,-187.51,380.19,-176.16,0.02,-112.96)
[StateMachine] RUNNING → READY
[Relay] Button RELEASE — motion stopped

############################################################
##  ⚠⚠  触觉安全提示已关闭  (Config::FORCE_CONSTRAINT_FORCES_ENABLED = false)
##   虚拟约束力已【全部】停用 —— 现在【没有任何】推力提示:
##     · 靠近安全边界 (SAFE_X/Y/Z)
##     · 靠近圆柱奇异 (半径 < 80mm)
##     · 靠近工作空间边缘 (半径 > 550mm)
##     · 靠近历史报警点 (真报过警的位置)
##   ⇒ 请靠【视觉】与【报警指示灯】判断危险。
##   (机械臂自身的碰撞检测与安全皮肤由机械臂侧做, 不受本开关影响。)
##   本横幅每 60 秒复报一次。
############################################################

