=== Touch-Dobot Digital Twin System v3.0 ===
Robot: 192.168.101.11
Touch: enabled
Safety: X[-300,250] Y[-350,250] Z[140,500]
[Tuning] 力反射增益 = 120.0 (来源: Config.h 默认值; 未采用 D:\Projects\Touch\Touch_Client\calib\force_tuning.json)
Initializing Touch device...
Touch 设备初始化成功
[Payload] Loaded payload_calib.json (mass=0.404kg, com=(0.3,-0.1,68.7)mm, 6 poses, psi=90deg, sign_z=+1)
Initializing robot via Relay...
已连接使能端口 29999
已连接运动端口 30003
[StateMachine] DISCONNECTED → CONNECTED
[Relay] GUI reporting 【已重连】到 127.0.0.1:8888
[Relay] 使能 EnableRobot(0.404,0.3,-0.1,68.7)  (实机标定值)
[Relay] 机械臂使能成功
[Relay] 机械臂状态正常 (mode=0)
[Relay] GetPose retry 1/5...
[Relay] 基准位姿: (-126.416,-170.49,443.821)
[StateMachine] CONNECTED → READY
[Relay] GUI reporting 【未连接】—— 127.0.0.1:8888 上没有在听 (MATLAB relay_gui 没在跑?)
[Relay]   影响: P| / J| / RP| / C| / FB| 全部发不出去 (位置 / 关节角 / 实际位姿 / 命令回显 / 反馈回显)。
[Relay]   不影响: 机械臂控制、力数据采集 (@576/@720/@1304)、一致性闸门、本地补偿 —— 它们都不走这条 socket。
[Relay]   要恢复: 在 MATLAB 那一侧起 relay_gui 即可 —— ★ 本程序会【自动按秒重连】, 不必重启 (2026-09-21 起; 从前是只在启动时连一次, 所以那时确实要重启)。
[Force] Loaded force_calib.json (mass scale=0.419631kg, bias=-18.0928,-2.51628,0.903349N, c_s=(0.0361314,1.08794,55.4161)mm)
[Force] Reader thread started, connecting to port 30004...
[Force] Connected to realtime port 30004
[Force] Reader thread receiving at 125Hz...
[Force] 30004 帧自检通过: TestValue @48 = 0x0123456789ABCDEF (小端字节序) ⇒ 帧布局与我们的假设一致
[Relay] 机械臂实际负载 (【首个合格帧】的快照): load=0.404 kg  center=(0.3, -0.1, 68.7) mm
[Force] 一致性闸门: 放行 (本地全量模型与【参考量】在【投票通道】上一致; 参考量本帧【可用】)
[STL] Binary: 42500 triangles
[STL] Binary: 5004 triangles
[STL] Binary: 11932 triangles
[STL] Binary: 15904 triangles
[STL] Binary: 4810 triangles
[STL] Binary: 4898 triangles
[STL] Binary: 8976 triangles
[RobotModel] STL models loaded (models/cr3)
[Calib] No calibration file, using default axis mapping
[TCP] No tcp_calib.json — press 't' to calibrate TCP offset

System ready.
  q/ESC: quit
  Touch button 1: control robot


############################################################
##  ⚠⚠  触觉安全提示已关闭  (Config::FORCE_CONSTRAINT_FORCES_ENABLED = false)
##   虚拟约束力已【全部】停用 —— 现在【没有任何】推力提示:
##     · 靠近安全边界 (SAFE_X/Y/Z)
##     · 靠近圆柱奇异 (半径 < 80mm)
##     · 靠近工作空间边缘 (半径 > 550mm)
##     · 靠近历史报警点 (真报过警的位置)
##   ⇒ 请靠【视觉】与【报警指示灯】判断危险。
##   (机械臂自身的碰撞检测与安全皮肤由机械臂侧做, 不受本开关影响。)
##   本横幅每 60 秒复报一次。
############################################################

[Force] 运动检测 #01: pos=(-126.416,-170.490,443.821)mm  tcp=(-126.416,-170.490,443.821)mm  vel=0.000000 m/s (阈值 0.0020)  acc=0.000000 m/s² (阈值 0.0050)  tcpV=(0.0000,-0.0001,0.0001)  isStill=1
[Force] 运动检测 #02: pos=(-126.416,-170.490,443.821)mm  tcp=(-126.416,-170.490,443.821)mm  vel=0.000000 m/s (阈值 0.0020)  acc=0.000000 m/s² (阈值 0.0050)  tcpV=(-0.0002,0.0002,0.0003)  isStill=1
[Force] 运动检测 #03: pos=(-126.416,-170.490,443.821)mm  tcp=(-126.416,-170.490,443.821)mm  vel=0.000000 m/s (阈值 0.0020)  acc=0.000000 m/s² (阈值 0.0050)  tcpV=(-0.0000,0.0003,0.0002)  isStill=1
[Force] 运动检测 #04: pos=(-126.416,-170.490,443.821)mm  tcp=(-126.416,-170.490,443.821)mm  vel=0.000000 m/s (阈值 0.0020)  acc=0.000000 m/s² (阈值 0.0050)  tcpV=(-0.0002,0.0001,0.0000)  isStill=1
[Force] 运动检测 #05: pos=(-126.416,-170.490,443.821)mm  tcp=(-126.416,-170.490,443.821)mm  vel=0.000000 m/s (阈值 0.0020)  acc=0.000000 m/s² (阈值 0.0050)  tcpV=(-0.0000,0.0001,-0.0001)  isStill=1
[Force] 运动检测 #06: pos=(-126.416,-170.490,443.821)mm  tcp=(-126.416,-170.490,443.821)mm  vel=0.000000 m/s (阈值 0.0020)  acc=0.000000 m/s² (阈值 0.0050)  tcpV=(-0.0000,0.0004,0.0004)  isStill=1
[Force] 运动检测 #07: pos=(-126.416,-170.490,443.821)mm  tcp=(-126.416,-170.490,443.821)mm  vel=0.000000 m/s (阈值 0.0020)  acc=0.000000 m/s² (阈值 0.0050)  tcpV=(-0.0002,0.0000,-0.0003)  isStill=1
[Force] 运动检测 #08: pos=(-126.416,-170.490,443.821)mm  tcp=(-126.416,-170.490,443.821)mm  vel=0.000000 m/s (阈值 0.0020)  acc=0.000000 m/s² (阈值 0.0050)  tcpV=(0.0001,-0.0001,0.0001)  isStill=1
[Force] 运动检测 #09: pos=(-126.416,-170.490,443.821)mm  tcp=(-126.416,-170.490,443.821)mm  vel=0.000000 m/s (阈值 0.0020)  acc=0.000000 m/s² (阈值 0.0050)  tcpV=(-0.0002,-0.0003,-0.0001)  isStill=1
[Force] 运动检测 #10: pos=(-126.416,-170.490,443.821)mm  tcp=(-126.416,-170.490,443.821)mm  vel=0.000000 m/s (阈值 0.0020)  acc=0.000000 m/s² (阈值 0.0050)  tcpV=(0.0000,-0.0001,-0.0002)  isStill=1
[Force] 运动检测 #11: pos=(-126.416,-170.490,443.821)mm  tcp=(-126.416,-170.490,443.821)mm  vel=0.000000 m/s (阈值 0.0020)  acc=0.000000 m/s² (阈值 0.0050)  tcpV=(0.0002,-0.0001,0.0000)  isStill=1
[Force] 运动检测 #12: pos=(-126.416,-170.490,443.821)mm  tcp=(-126.416,-170.490,443.821)mm  vel=0.000000 m/s (阈值 0.0020)  acc=0.000000 m/s² (阈值 0.0050)  tcpV=(0.0000,0.0000,0.0000)  isStill=1
[Force] 运动检测 #13: pos=(-126.416,-170.490,443.821)mm  tcp=(-126.416,-170.490,443.821)mm  vel=0.000000 m/s (阈值 0.0020)  acc=0.000000 m/s² (阈值 0.0050)  tcpV=(-0.0002,0.0001,0.0000)  isStill=1
[Force] 运动检测 #14: pos=(-126.416,-170.490,443.821)mm  tcp=(-126.416,-170.490,443.821)mm  vel=0.000000 m/s (阈值 0.0020)  acc=0.000000 m/s² (阈值 0.0050)  tcpV=(-0.0001,0.0004,0.0001)  isStill=1
[Force] 运动检测 #15: pos=(-126.416,-170.490,443.821)mm  tcp=(-126.416,-170.490,443.821)mm  vel=0.000000 m/s (阈值 0.0020)  acc=0.000000 m/s² (阈值 0.0050)  tcpV=(-0.0002,0.0000,-0.0003)  isStill=1
[Force] 运动检测 #16: pos=(-126.416,-170.490,443.821)mm  tcp=(-126.416,-170.490,443.821)mm  vel=0.000000 m/s (阈值 0.0020)  acc=0.000000 m/s² (阈值 0.0050)  tcpV=(0.0002,-0.0005,-0.0000)  isStill=1
[Force] 运动检测 #17: pos=(-126.416,-170.490,443.821)mm  tcp=(-126.416,-170.490,443.821)mm  vel=0.000000 m/s (阈值 0.0020)  acc=0.000000 m/s² (阈值 0.0050)  tcpV=(-0.0001,-0.0002,-0.0004)  isStill=1
[Force] 运动检测 #18: pos=(-126.416,-170.490,443.821)mm  tcp=(-126.416,-170.490,443.821)mm  vel=0.000000 m/s (阈值 0.0020)  acc=0.000000 m/s² (阈值 0.0050)  tcpV=(-0.0003,0.0003,0.0003)  isStill=1
[Force] 运动检测 #19: pos=(-126.416,-170.490,443.821)mm  tcp=(-126.416,-170.490,443.821)mm  vel=0.000000 m/s (阈值 0.0020)  acc=0.000000 m/s² (阈值 0.0050)  tcpV=(0.0001,0.0001,0.0003)  isStill=1
[Force] 运动检测 #20: pos=(-126.416,-170.490,443.821)mm  tcp=(-126.416,-170.490,443.821)mm  vel=0.000000 m/s (阈值 0.0020)  acc=0.000000 m/s² (阈值 0.0050)  tcpV=(-0.0002,0.0001,0.0000)  isStill=1
[Force] 零偏漂移检查: 补偿后读数 0.14573 N, 正常 (< 0.5 N)
[Force] 运动检测 #21: pos=(-126.416,-170.490,443.821)mm  tcp=(-126.416,-170.490,443.821)mm  vel=0.000000 m/s (阈值 0.0020)  acc=0.000000 m/s² (阈值 0.0050)  tcpV=(0.0002,-0.0001,0.0004)  isStill=1
[Force] 运动检测 #22: pos=(-126.416,-170.490,443.821)mm  tcp=(-126.416,-170.490,443.821)mm  vel=0.000000 m/s (阈值 0.0020)  acc=0.000000 m/s² (阈值 0.0050)  tcpV=(-0.0001,0.0001,0.0003)  isStill=1
[Force] 运动检测 #23: pos=(-126.416,-170.490,443.821)mm  tcp=(-126.416,-170.490,443.821)mm  vel=0.000000 m/s (阈值 0.0020)  acc=0.000000 m/s² (阈值 0.0050)  tcpV=(-0.0002,0.0003,0.0002)  isStill=1
[Force] 运动检测 #24: pos=(-126.416,-170.490,443.821)mm  tcp=(-126.416,-170.490,443.821)mm  vel=0.000000 m/s (阈值 0.0020)  acc=0.000000 m/s² (阈值 0.0050)  tcpV=(0.0000,-0.0001,-0.0003)  isStill=1
[Force] 运动检测 #25: pos=(-126.416,-170.490,443.821)mm  tcp=(-126.416,-170.490,443.821)mm  vel=0.000000 m/s (阈值 0.0020)  acc=0.000000 m/s² (阈值 0.0050)  tcpV=(-0.0000,0.0001,0.0003)  isStill=1
[Force] 运动检测 #26: pos=(-126.416,-170.490,443.821)mm  tcp=(-126.416,-170.490,443.821)mm  vel=0.000000 m/s (阈值 0.0020)  acc=0.000000 m/s² (阈值 0.0050)  tcpV=(0.0000,-0.0001,0.0001)  isStill=1
[Force] 运动检测 #27: pos=(-126.416,-170.490,443.821)mm  tcp=(-126.416,-170.490,443.821)mm  vel=0.000000 m/s (阈值 0.0020)  acc=0.000000 m/s² (阈值 0.0050)  tcpV=(0.0000,-0.0003,-0.0002)  isStill=1
[Force] 运动检测 #28: pos=(-126.416,-170.490,443.821)mm  tcp=(-126.416,-170.490,443.821)mm  vel=0.000000 m/s (阈值 0.0020)  acc=0.000000 m/s² (阈值 0.0050)  tcpV=(-0.0000,0.0004,0.0000)  isStill=1
[Force] 运动检测 #29: pos=(-126.416,-170.490,443.821)mm  tcp=(-126.416,-170.490,443.821)mm  vel=0.000000 m/s (阈值 0.0020)  acc=0.000000 m/s² (阈值 0.0050)  tcpV=(-0.0002,0.0001,0.0000)  isStill=1
[Force] 运动检测 #30: pos=(-126.416,-170.490,443.821)mm  tcp=(-126.416,-170.490,443.821)mm  vel=0.000000 m/s (阈值 0.0020)  acc=0.000000 m/s² (阈值 0.0050)  tcpV=(0.0000,0.0000,0.0000)  isStill=1
[StateMachine] READY → RUNNING
[Relay] Button PRESS  — target start=(-126.416,-170.49,443.821)
[Relay] Hold button + move Touch (incremental mode)
[Haptic] Force applied: (-0.00292833, 0, -0.0749323) N  mag=0.0749895  stale=0  button1=1  button2=0
[Relay] Motion sends: 50 ok, 0 fail  target=(-140.069,-212.559,441.973) orient=(-179.63,-13.19,-115.94)
[StateMachine] RUNNING → READY
[Relay] Button RELEASE — motion stopped

############################################################
##  ⚠⚠  触觉安全提示已关闭  (Config::FORCE_CONSTRAINT_FORCES_ENABLED = false)
##   虚拟约束力已【全部】停用 —— 现在【没有任何】推力提示:
##     · 靠近安全边界 (SAFE_X/Y/Z)
##     · 靠近圆柱奇异 (半径 < 80mm)
##     · 靠近工作空间边缘 (半径 > 550mm)
##     · 靠近历史报警点 (真报过警的位置)
##   ⇒ 请靠【视觉】与【报警指示灯】判断危险。
##   (机械臂自身的碰撞检测与安全皮肤由机械臂侧做, 不受本开关影响。)
##   本横幅每 60 秒复报一次。
############################################################

[StateMachine] READY → RUNNING
[Relay] Button PRESS  — target start=(-139.9,-213.2,432.66)
[Relay] Hold button + move Touch (incremental mode)
[Relay] Motion sends: 100 ok, 0 fail  target=(-151.143,-217.95,373.006) orient=(-179.58,-13.19,-115.87)
[StateMachine] RUNNING → READY
[Relay] Button RELEASE — motion stopped
[StateMachine] READY → RUNNING
[Relay] Button PRESS  — target start=(-152.71,-224.35,379.39)
[Relay] Hold button + move Touch (incremental mode)
[Haptic] Force applied: (0.209837, 0, -0.023353) N  mag=0.211132  stale=0  button1=1  button2=0
[Relay] Motion sends: 150 ok, 0 fail  target=(-154.238,-212.137,409.408) orient=(-179.58,-13.19,-115.654)
[Haptic] Force applied: (-0.00788887, -0, -0.128206) N  mag=0.128449  stale=0  button1=1  button2=0
[StateMachine] RUNNING → READY
[Relay] Button RELEASE — motion stopped
[StateMachine] READY → RUNNING
[Relay] Button2 PRESS — orient ref=(-22.7208,20.7381,-22.4004) robot ref=(-179.02,-13.19,-115.66)
[Safety] Orientation target out of bounds, clamped. Original: (-180.088,-10.9432,-116.632)
[Safety] Orientation target out of bounds, clamped. Original: (-180.366,-10.5996,-116.805)
[Safety] Orientation target out of bounds, clamped. Original: (-180.792,-10.1962,-116.972)
[Safety] Orientation target out of bounds, clamped. Original: (-181.263,-9.82043,-117.066)
[Safety] Orientation target out of bounds, clamped. Original: (-181.74,-9.54106,-117.114)
[Safety] Orientation target out of bounds, clamped. Original: (-182.216,-9.3652,-117.164)
[Safety] Orientation target out of bounds, clamped. Original: (-182.581,-9.32569,-117.253)
[Safety] Orientation target out of bounds, clamped. Original: (-182.832,-9.36755,-117.378)
[Safety] Orientation target out of bounds, clamped. Original: (-183,-9.42054,-117.521)
[Safety] Orientation target out of bounds, clamped. Original: (-183,-9.42889,-117.634)
[Safety] Orientation target out of bounds, clamped. Original: (-183,-9.40908,-117.715)
[Safety] Orientation target out of bounds, clamped. Original: (-183,-9.34699,-117.755)
[Relay] Motion sends: 200 ok, 0 fail  target=(-146.72,-211.19,416.52) orient=(-180,-9.34699,-117.755)
[Safety] Orientation target out of bounds, clamped. Original: (-183,-9.16149,-117.765)
[Safety] Orientation target out of bounds, clamped. Original: (-183,-8.8307,-117.757)
[Safety] Orientation target out of bounds, clamped. Original: (-183,-8.3727,-117.721)
[Safety] Orientation target out of bounds, clamped. Original: (-183,-7.73472,-117.64)
[Safety] Orientation target out of bounds, clamped. Original: (-183,-6.92819,-117.538)
[Safety] Orientation target out of bounds, clamped. Original: (-183,-6.0826,-117.431)
[Safety] Orientation target out of bounds, clamped. Original: (-183,-5.18988,-117.321)
[Safety] Orientation target out of bounds, clamped. Original: (-183,-4.28058,-117.195)
[Safety] Orientation target out of bounds, clamped. Original: (-183,-3.22027,-117.078)
[Safety] Orientation target out of bounds, clamped. Original: (-183,-2.07245,-117.015)
[Safety] Orientation target out of bounds, clamped. Original: (-183,-0.928974,-117)
[Safety] Orientation target out of bounds, clamped. Original: (-183,0.125035,-117.004)
[Safety] Orientation target out of bounds, clamped. Original: (-183,1.05064,-117.02)
[Safety] Orientation target out of bounds, clamped. Original: (-183,1.86722,-117.038)
[Safety] Orientation target out of bounds, clamped. Original: (-183,2.59791,-117.031)
[Safety] Orientation target out of bounds, clamped. Original: (-183,3.20393,-116.96)
[Safety] Orientation target out of bounds, clamped. Original: (-183,3.62095,-116.852)
[Safety] Orientation target out of bounds, clamped. Original: (-183,3.79806,-116.84)
[Safety] Orientation target out of bounds, clamped. Original: (-183,3.86629,-116.891)
[Safety] Orientation target out of bounds, clamped. Original: (-183,3.8436,-116.977)
[Safety] Orientation target out of bounds, clamped. Original: (-183,3.71233,-117.099)
[Safety] Orientation target out of bounds, clamped. Original: (-183,3.50353,-117.236)
[Safety] Orientation target out of bounds, clamped. Original: (-183,3.25295,-117.37)
[Safety] Orientation target out of bounds, clamped. Original: (-183,2.96699,-117.506)
[Safety] Orientation target out of bounds, clamped. Original: (-183,2.64781,-117.649)
[Safety] Orientation target out of bounds, clamped. Original: (-183,2.2454,-117.818)
[Safety] Orientation target out of bounds, clamped. Original: (-183,1.72383,-118.004)
[Safety] Orientation target out of bounds, clamped. Original: (-183,1.13161,-118.197)
[Safety] Orientation target out of bounds, clamped. Original: (-183,0.524389,-118.37)
[Safety] Orientation target out of bounds, clamped. Original: (-183,-0.0862315,-118.527)
[Safety] Orientation target out of bounds, clamped. Original: (-183,-0.742298,-118.666)
[Safety] Orientation target out of bounds, clamped. Original: (-183,-1.5467,-118.749)
[Safety] Orientation target out of bounds, clamped. Original: (-183,-2.39569,-118.822)
[Safety] Orientation target out of bounds, clamped. Original: (-183,-3.21163,-118.896)
[Safety] Orientation target out of bounds, clamped. Original: (-183,-3.95878,-118.95)
[Safety] Orientation target out of bounds, clamped. Original: (-183,-4.63827,-118.994)
[Safety] Orientation target out of bounds, clamped. Original: (-183,-5.26068,-119.038)
[Safety] Orientation target out of bounds, clamped. Original: (-183,-5.85419,-119.092)
[Safety] Orientation target out of bounds, clamped. Original: (-183,-6.50705,-119.133)
[Safety] Orientation target out of bounds, clamped. Original: (-183,-7.2282,-119.179)
[Safety] Orientation target out of bounds, clamped. Original: (-183,-7.97293,-119.255)
[Safety] Orientation target out of bounds, clamped. Original: (-183,-8.66782,-119.351)
[Safety] Orientation target out of bounds, clamped. Original: (-183,-9.30953,-119.445)
[Safety] Orientation target out of bounds, clamped. Original: (-183,-9.89746,-119.551)
[Safety] Orientation target out of bounds, clamped. Original: (-183,-10.449,-119.653)
[Safety] Orientation target out of bounds, clamped. Original: (-183,-10.9472,-119.768)
[Safety] Orientation target out of bounds, clamped. Original: (-182.939,-11.4398,-119.891)
[Safety] Orientation target out of bounds, clamped. Original: (-182.635,-11.917,-120.029)
[Safety] Orientation target out of bounds, clamped. Original: (-182.329,-12.3845,-120.167)
[Safety] Orientation target out of bounds, clamped. Original: (-182.052,-12.8076,-120.294)
[Relay] Motion sends: 250 ok, 0 fail  target=(-146.72,-211.19,416.52) orient=(-180,-12.8076,-120.294)
[Safety] Orientation target out of bounds, clamped. Original: (-181.819,-13.19,-120.405)
[Safety] Orientation target out of bounds, clamped. Original: (-181.646,-13.4857,-120.501)
[Safety] Orientation target out of bounds, clamped. Original: (-181.575,-13.7199,-120.556)
[Safety] Orientation target out of bounds, clamped. Original: (-181.603,-13.8782,-120.57)
[Safety] Orientation target out of bounds, clamped. Original: (-181.734,-13.9811,-120.557)
[Safety] Orientation target out of bounds, clamped. Original: (-181.978,-14.045,-120.535)
[Safety] Orientation target out of bounds, clamped. Original: (-182.295,-14.0657,-120.492)
[Safety] Orientation target out of bounds, clamped. Original: (-182.642,-14.074,-120.453)
[Safety] Orientation target out of bounds, clamped. Original: (-183,-14.082,-120.43)
[Safety] Orientation target out of bounds, clamped. Original: (-183,-14.099,-120.423)
[Safety] Orientation target out of bounds, clamped. Original: (-183,-14.1254,-120.428)
[Safety] Orientation target out of bounds, clamped. Original: (-183,-14.1601,-120.441)
[Safety] Orientation target out of bounds, clamped. Original: (-183,-14.2034,-120.459)
[Safety] Orientation target out of bounds, clamped. Original: (-183,-14.2692,-120.482)
[Safety] Orientation target out of bounds, clamped. Original: (-183,-14.3737,-120.501)
[Safety] Orientation target out of bounds, clamped. Original: (-183,-14.488,-120.528)
[Safety] Orientation target out of bounds, clamped. Original: (-183,-14.612,-120.563)
[Haptic] Force applied: (-0.006505, 0, -0.128503) N  mag=0.128667  stale=0  button1=0  button2=1
[Safety] Orientation target out of bounds, clamped. Original: (-183,-14.7328,-120.609)
[Safety] Orientation target out of bounds, clamped. Original: (-183,-14.8531,-120.668)
[Safety] Orientation target out of bounds, clamped. Original: (-183,-14.9813,-120.755)
[Safety] Orientation target out of bounds, clamped. Original: (-183,-15.1133,-120.858)
[Safety] Orientation target out of bounds, clamped. Original: (-183,-15.2472,-120.975)
[Safety] Orientation target out of bounds, clamped. Original: (-183,-15.3893,-121.085)
[Safety] Orientation target out of bounds, clamped. Original: (-183,-15.5128,-121.191)
[Safety] Orientation target out of bounds, clamped. Original: (-183,-15.6436,-121.304)
[Safety] Orientation target out of bounds, clamped. Original: (-183,-15.7703,-121.411)
[Safety] Orientation target out of bounds, clamped. Original: (-183,-15.9066,-121.529)
[Safety] Orientation target out of bounds, clamped. Original: (-183,-16.0313,-121.634)
[Safety] Orientation target out of bounds, clamped. Original: (-183,-16.1673,-121.749)
[Safety] Orientation target out of bounds, clamped. Original: (-183,-16.3034,-121.857)
[Safety] Orientation target out of bounds, clamped. Original: (-183,-16.4404,-121.955)
[Safety] Orientation target out of bounds, clamped. Original: (-183,-16.5767,-122.042)
[Safety] Orientation target out of bounds, clamped. Original: (-183,-16.7151,-122.126)
[Safety] Orientation target out of bounds, clamped. Original: (-183,-16.8494,-122.205)
[Safety] Orientation target out of bounds, clamped. Original: (-183,-16.9856,-122.293)
[Safety] Orientation target out of bounds, clamped. Original: (-183,-17.1143,-122.374)
[Safety] Orientation target out of bounds, clamped. Original: (-183,-17.2446,-122.459)
[Safety] Orientation target out of bounds, clamped. Original: (-183,-17.3749,-122.546)
[Safety] Orientation target out of bounds, clamped. Original: (-183,-17.4961,-122.625)
[Safety] Orientation target out of bounds, clamped. Original: (-183,-17.6149,-122.701)
[Safety] Orientation target out of bounds, clamped. Original: (-183,-17.7227,-122.762)
[Safety] Orientation target out of bounds, clamped. Original: (-183,-17.8261,-122.82)
[Safety] Orientation target out of bounds, clamped. Original: (-183,-17.9262,-122.874)
[Safety] Orientation target out of bounds, clamped. Original: (-183,-18.0225,-122.926)
[Safety] Orientation target out of bounds, clamped. Original: (-183,-18.1195,-122.975)
[Safety] Orientation target out of bounds, clamped. Original: (-183,-18.2249,-123.03)
[Safety] Orientation target out of bounds, clamped. Original: (-183,-18.3279,-123.086)
[Safety] Orientation target out of bounds, clamped. Original: (-183,-18.4453,-123.154)
[Safety] Orientation target out of bounds, clamped. Original: (-183,-18.5735,-123.225)
[Safety] Orientation target out of bounds, clamped. Original: (-183,-18.7017,-123.29)
[Relay] Motion sends: 300 ok, 0 fail  target=(-146.72,-211.19,416.52) orient=(-180,-18.7017,-123.29)
[Safety] Orientation target out of bounds, clamped. Original: (-183,-18.8301,-123.348)
[Safety] Orientation target out of bounds, clamped. Original: (-183,-18.9542,-123.401)
[Safety] Orientation target out of bounds, clamped. Original: (-183,-19.0851,-123.46)
[Safety] Orientation target out of bounds, clamped. Original: (-183,-19.209,-123.509)
[Safety] Orientation target out of bounds, clamped. Original: (-183,-19.3273,-123.548)
[Safety] Orientation target out of bounds, clamped. Original: (-183,-19.4392,-123.578)
[Safety] Orientation target out of bounds, clamped. Original: (-183,-19.5452,-123.603)
[Safety] Orientation target out of bounds, clamped. Original: (-183,-19.645,-123.62)
[Safety] Orientation target out of bounds, clamped. Original: (-183,-19.7452,-123.633)
[Safety] Orientation target out of bounds, clamped. Original: (-183,-19.8438,-123.652)
[Safety] Orientation target out of bounds, clamped. Original: (-183,-19.9552,-123.695)
[Safety] Orientation target out of bounds, clamped. Original: (-183,-20.0701,-123.754)
[Safety] Orientation target out of bounds, clamped. Original: (-183,-20.1772,-123.815)
[Safety] Orientation target out of bounds, clamped. Original: (-183,-20.2761,-123.876)
[Safety] Orientation target out of bounds, clamped. Original: (-183,-20.3575,-123.927)
[Safety] Orientation target out of bounds, clamped. Original: (-183,-20.4175,-123.962)
[Safety] Orientation target out of bounds, clamped. Original: (-183,-20.4542,-123.979)
[Safety] Orientation target out of bounds, clamped. Original: (-183,-20.4744,-123.989)
[Safety] Orientation target out of bounds, clamped. Original: (-183,-20.4715,-123.979)
[Safety] Orientation target out of bounds, clamped. Original: (-183,-20.4577,-123.967)
[Safety] Orientation target out of bounds, clamped. Original: (-183,-20.4319,-123.949)
[Safety] Orientation target out of bounds, clamped. Original: (-183,-20.3897,-123.918)
[Safety] Orientation target out of bounds, clamped. Original: (-183,-20.3358,-123.876)
[Safety] Orientation target out of bounds, clamped. Original: (-183,-20.2562,-123.802)
[Safety] Orientation target out of bounds, clamped. Original: (-183,-20.1467,-123.689)
[Safety] Orientation target out of bounds, clamped. Original: (-183,-20.0216,-123.556)
[Safety] Orientation target out of bounds, clamped. Original: (-183,-19.8839,-123.409)
[Safety] Orientation target out of bounds, clamped. Original: (-183,-19.7445,-123.258)
[Safety] Orientation target out of bounds, clamped. Original: (-183,-19.599,-123.103)
[Safety] Orientation target out of bounds, clamped. Original: (-183,-19.4541,-122.949)
[Safety] Orientation target out of bounds, clamped. Original: (-183,-19.318,-122.802)
[Safety] Orientation target out of bounds, clamped. Original: (-183,-19.1801,-122.647)
[Safety] Orientation target out of bounds, clamped. Original: (-183,-19.0507,-122.498)
[Safety] Orientation target out of bounds, clamped. Original: (-183,-18.9239,-122.347)
[Safety] Orientation target out of bounds, clamped. Original: (-183,-18.7971,-122.194)
[Safety] Orientation target out of bounds, clamped. Original: (-183,-18.6809,-122.054)
[Safety] Orientation target out of bounds, clamped. Original: (-183,-18.5754,-121.925)
[Safety] Orientation target out of bounds, clamped. Original: (-183,-18.4828,-121.812)
[Safety] Orientation target out of bounds, clamped. Original: (-183,-18.391,-121.717)
[Safety] Orientation target out of bounds, clamped. Original: (-183,-18.32,-121.625)
[Safety] Orientation target out of bounds, clamped. Original: (-183,-18.2551,-121.54)
[Safety] Orientation target out of bounds, clamped. Original: (-183,-18.1871,-121.451)
[Safety] Orientation target out of bounds, clamped. Original: (-183,-18.1118,-121.349)
[Safety] Orientation target out of bounds, clamped. Original: (-183,-18.04,-121.25)
[Safety] Orientation target out of bounds, clamped. Original: (-183,-17.9699,-121.152)
[Safety] Orientation target out of bounds, clamped. Original: (-183,-17.9027,-121.056)
[Safety] Orientation target out of bounds, clamped. Original: (-183,-17.8461,-120.974)
[Safety] Orientation target out of bounds, clamped. Original: (-183,-17.7884,-120.892)
[Safety] Orientation target out of bounds, clamped. Original: (-183,-17.7363,-120.818)
[Safety] Orientation target out of bounds, clamped. Original: (-183,-17.6826,-120.741)
[Relay] Motion sends: 350 ok, 0 fail  target=(-146.72,-211.19,416.52) orient=(-180,-17.6826,-120.741)
[Safety] Orientation target out of bounds, clamped. Original: (-183,-17.6278,-120.66)
[Safety] Orientation target out of bounds, clamped. Original: (-183,-17.5814,-120.587)
[Safety] Orientation target out of bounds, clamped. Original: (-183,-17.534,-120.509)
[Haptic] Force applied: (0.000563578, 0, -0.0120436) N  mag=0.0120567  stale=0  button1=0  button2=1
[Safety] Orientation target out of bounds, clamped. Original: (-183,-17.4868,-120.431)
[Safety] Orientation target out of bounds, clamped. Original: (-183,-17.441,-120.353)
[Safety] Orientation target out of bounds, clamped. Original: (-183,-17.4038,-120.284)
[Safety] Orientation target out of bounds, clamped. Original: (-183,-17.3685,-120.219)
[Safety] Orientation target out of bounds, clamped. Original: (-183,-17.3346,-120.155)
[Safety] Orientation target out of bounds, clamped. Original: (-183,-17.3084,-120.102)
[Safety] Orientation target out of bounds, clamped. Original: (-182.97,-17.2826,-120.049)
[Safety] Orientation target out of bounds, clamped. Original: (-182.583,-17.2557,-119.996)
[Safety] Orientation target out of bounds, clamped. Original: (-182.236,-17.2312,-119.948)
[Safety] Orientation target out of bounds, clamped. Original: (-181.91,-17.2078,-119.901)
[Safety] Orientation target out of bounds, clamped. Original: (-181.598,-17.1835,-119.855)
[Safety] Orientation target out of bounds, clamped. Original: (-181.302,-17.1581,-119.813)
[Safety] Orientation target out of bounds, clamped. Original: (-181.01,-17.1318,-119.77)
[Safety] Orientation target out of bounds, clamped. Original: (-180.714,-17.1056,-119.725)
[Safety] Orientation target out of bounds, clamped. Original: (-180.424,-17.0796,-119.68)
[Safety] Orientation target out of bounds, clamped. Original: (-180.147,-17.055,-119.636)
[Haptic] Force applied: (0.00549406, -0, -0.195467) N  mag=0.195544  stale=0  button1=0  button2=1
[Relay] Motion sends: 400 ok, 0 fail  target=(-146.72,-211.19,416.52) orient=(-175.134,-15.8168,-117.848)
[Safety] Orientation target out of bounds, clamped. Original: (-180.193,-5.97679,-114.782)
[Safety] Orientation target out of bounds, clamped. Original: (-180.448,-5.68504,-114.872)
[Safety] Orientation target out of bounds, clamped. Original: (-180.722,-5.36418,-114.942)
[Safety] Orientation target out of bounds, clamped. Original: (-180.989,-5.04514,-115.004)
[Safety] Orientation target out of bounds, clamped. Original: (-181.214,-4.75499,-115.051)
[Safety] Orientation target out of bounds, clamped. Original: (-181.404,-4.48913,-115.085)
[Safety] Orientation target out of bounds, clamped. Original: (-181.563,-4.26534,-115.113)
[Safety] Orientation target out of bounds, clamped. Original: (-181.698,-4.07697,-115.136)
[Safety] Orientation target out of bounds, clamped. Original: (-181.796,-3.9199,-115.151)
[Haptic] Force applied: (0.0392079, 0, -0.484244) N  mag=0.485829  stale=0  button1=0  button2=1
[Safety] Orientation target out of bounds, clamped. Original: (-181.88,-3.78482,-115.163)
[Safety] Orientation target out of bounds, clamped. Original: (-181.937,-3.68841,-115.188)
[Safety] Orientation target out of bounds, clamped. Original: (-181.953,-3.65067,-115.252)
[Safety] Orientation target out of bounds, clamped. Original: (-181.946,-3.64466,-115.329)
[Safety] Orientation target out of bounds, clamped. Original: (-181.955,-3.65172,-115.408)
[Safety] Orientation target out of bounds, clamped. Original: (-181.986,-3.67158,-115.492)
[Safety] Orientation target out of bounds, clamped. Original: (-182.03,-3.69229,-115.568)
[Safety] Orientation target out of bounds, clamped. Original: (-182.117,-3.7183,-115.66)
[Safety] Orientation target out of bounds, clamped. Original: (-182.243,-3.74982,-115.734)
[Safety] Orientation target out of bounds, clamped. Original: (-182.438,-3.78272,-115.826)
[Safety] Orientation target out of bounds, clamped. Original: (-182.708,-3.82897,-115.94)
[Safety] Orientation target out of bounds, clamped. Original: (-183,-3.87881,-116.062)
[Relay] Motion sends: 450 ok, 0 fail  target=(-146.72,-211.19,416.52) orient=(-180,-3.87881,-116.062)
[Safety] Orientation target out of bounds, clamped. Original: (-183,-3.93886,-116.193)
[Safety] Orientation target out of bounds, clamped. Original: (-183,-4.00678,-116.331)
[Safety] Orientation target out of bounds, clamped. Original: (-183,-4.08025,-116.473)
[StateMachine] RUNNING → READY
[Relay] Button2 RELEASE — all motion stopped
[StateMachine] READY → RUNNING
[Relay] Button2 PRESS — orient ref=(-51.3362,9.93667,-24.7127) robot ref=(180,-4.07995,-116.47)
[Haptic] Force applied: (0.140278, 0, -0.0487356) N  mag=0.148503  stale=0  button1=0  button2=1
[Relay] Motion sends: 500 ok, 0 fail  target=(-141.72,-211.19,416.52) orient=(179.9,7.99174,-129.819)
[Safety] Orientation target out of bounds, clamped. Original: (180.113,8.25579,-129.526)
[Safety] Orientation target out of bounds, clamped. Original: (180.283,8.47782,-129.268)
[Safety] Orientation target out of bounds, clamped. Original: (180.412,8.65883,-129.05)
[Safety] Orientation target out of bounds, clamped. Original: (180.524,8.81127,-128.869)
[Safety] Orientation target out of bounds, clamped. Original: (180.616,8.93727,-128.719)
[Safety] Orientation target out of bounds, clamped. Original: (180.695,9.04564,-128.591)
[Safety] Orientation target out of bounds, clamped. Original: (180.761,9.13686,-128.482)
[Safety] Orientation target out of bounds, clamped. Original: (180.811,9.20795,-128.399)
[Safety] Orientation target out of bounds, clamped. Original: (180.857,9.26792,-128.335)
[Safety] Orientation target out of bounds, clamped. Original: (180.898,9.31846,-128.283)
[Safety] Orientation target out of bounds, clamped. Original: (180.924,9.35525,-128.245)
[Haptic] Force applied: (0.000584514, -0, -0.0791718) N  mag=0.0791739  stale=0  button1=0  button2=1
[Safety] Orientation target out of bounds, clamped. Original: (180.948,9.38628,-128.215)
[Safety] Orientation target out of bounds, clamped. Original: (180.967,9.41193,-128.191)
[Safety] Orientation target out of bounds, clamped. Original: (180.984,9.43399,-128.17)
[Safety] Orientation target out of bounds, clamped. Original: (180.999,9.45256,-128.153)
[Safety] Orientation target out of bounds, clamped. Original: (180.999,9.46163,-128.145)
[Safety] Orientation target out of bounds, clamped. Original: (180.984,9.4619,-128.148)
[Safety] Orientation target out of bounds, clamped. Original: (180.955,9.45393,-128.161)
[Safety] Orientation target out of bounds, clamped. Original: (180.921,9.44481,-128.18)
[Safety] Orientation target out of bounds, clamped. Original: (180.888,9.42872,-128.212)
[Safety] Orientation target out of bounds, clamped. Original: (180.856,9.41711,-128.244)
[Safety] Orientation target out of bounds, clamped. Original: (180.833,9.41797,-128.276)
[Safety] Orientation target out of bounds, clamped. Original: (180.822,9.42346,-128.316)
[Safety] Orientation target out of bounds, clamped. Original: (180.817,9.43813,-128.358)
[Safety] Orientation target out of bounds, clamped. Original: (180.806,9.44769,-128.416)
[Safety] Orientation target out of bounds, clamped. Original: (180.801,9.45456,-128.476)
[Safety] Orientation target out of bounds, clamped. Original: (180.791,9.48156,-128.552)
[Safety] Orientation target out of bounds, clamped. Original: (180.788,9.51671,-128.64)
[Safety] Orientation target out of bounds, clamped. Original: (180.792,9.56886,-128.724)
[Safety] Orientation target out of bounds, clamped. Original: (180.797,9.6354,-128.813)
[Safety] Orientation target out of bounds, clamped. Original: (180.827,9.72628,-128.89)
[Safety] Orientation target out of bounds, clamped. Original: (180.872,9.83261,-128.961)
[Safety] Orientation target out of bounds, clamped. Original: (180.93,9.95183,-129.025)
[Safety] Orientation target out of bounds, clamped. Original: (180.992,10.0769,-129.088)
[Safety] Orientation target out of bounds, clamped. Original: (181.051,10.1945,-129.141)
[Safety] Orientation target out of bounds, clamped. Original: (181.111,10.3184,-129.202)
[Safety] Orientation target out of bounds, clamped. Original: (181.165,10.437,-129.257)
[Safety] Orientation target out of bounds, clamped. Original: (181.233,10.5509,-129.288)
[Safety] Orientation target out of bounds, clamped. Original: (181.319,10.6601,-129.312)
[Safety] Orientation target out of bounds, clamped. Original: (181.41,10.7673,-129.326)
[Safety] Orientation target out of bounds, clamped. Original: (181.496,10.864,-129.332)
[Safety] Orientation target out of bounds, clamped. Original: (181.592,10.9481,-129.332)
[Safety] Orientation target out of bounds, clamped. Original: (181.677,11.0369,-129.326)
[Safety] Orientation target out of bounds, clamped. Original: (181.742,11.1041,-129.34)
[Safety] Orientation target out of bounds, clamped. Original: (181.789,11.1666,-129.346)
[Safety] Orientation target out of bounds, clamped. Original: (181.826,11.2277,-129.363)
[Safety] Orientation target out of bounds, clamped. Original: (181.869,11.2863,-129.369)
[Safety] Orientation target out of bounds, clamped. Original: (181.926,11.3558,-129.372)
[Safety] Orientation target out of bounds, clamped. Original: (181.994,11.4225,-129.383)
[Safety] Orientation target out of bounds, clamped. Original: (182.069,11.498,-129.391)
[Relay] Motion sends: 550 ok, 0 fail  target=(-141.72,-211.19,416.52) orient=(180,11.498,-129.391)
[Safety] Orientation target out of bounds, clamped. Original: (182.151,11.592,-129.388)
[Safety] Orientation target out of bounds, clamped. Original: (182.259,11.6834,-129.373)
[Safety] Orientation target out of bounds, clamped. Original: (182.361,11.7731,-129.362)
[Haptic] Force applied: (0.00406935, -0, -0.024716) N  mag=0.0250488  stale=0  button1=0  button2=1
[Safety] Orientation target out of bounds, clamped. Original: (182.463,11.8655,-129.353)
[Safety] Orientation target out of bounds, clamped. Original: (182.575,11.967,-129.341)
[Safety] Orientation target out of bounds, clamped. Original: (182.684,12.0628,-129.325)
[Safety] Orientation target out of bounds, clamped. Original: (182.803,12.1556,-129.316)
[Safety] Orientation target out of bounds, clamped. Original: (182.924,12.2533,-129.305)
[Safety] Orientation target out of bounds, clamped. Original: (183,12.363,-129.285)
[Safety] Orientation target out of bounds, clamped. Original: (183,12.4634,-129.257)
[Safety] Orientation target out of bounds, clamped. Original: (183,12.5582,-129.23)
[Safety] Orientation target out of bounds, clamped. Original: (183,12.6498,-129.2)
[Safety] Orientation target out of bounds, clamped. Original: (183,12.7299,-129.173)
[Safety] Orientation target out of bounds, clamped. Original: (183,12.8002,-129.152)
[Safety] Orientation target out of bounds, clamped. Original: (183,12.8677,-129.132)
[Safety] Orientation target out of bounds, clamped. Original: (183,12.9264,-129.117)
[Safety] Orientation target out of bounds, clamped. Original: (183,12.9754,-129.117)
[Safety] Orientation target out of bounds, clamped. Original: (183,13.0182,-129.112)
[Safety] Orientation target out of bounds, clamped. Original: (183,13.0606,-129.102)
[Safety] Orientation target out of bounds, clamped. Original: (183,13.0947,-129.104)
[Safety] Orientation target out of bounds, clamped. Original: (183,13.1314,-129.098)
[Safety] Orientation target out of bounds, clamped. Original: (183,13.1706,-129.095)
[Safety] Orientation target out of bounds, clamped. Original: (183,13.21,-129.094)
[Safety] Orientation target out of bounds, clamped. Original: (183,13.2541,-129.09)
[Safety] Orientation target out of bounds, clamped. Original: (183,13.3031,-129.084)
[Safety] Orientation target out of bounds, clamped. Original: (183,13.3524,-129.076)
[Safety] Orientation target out of bounds, clamped. Original: (183,13.4004,-129.069)
[Safety] Orientation target out of bounds, clamped. Original: (183,13.448,-129.063)
[Safety] Orientation target out of bounds, clamped. Original: (183,13.4841,-129.054)
[Safety] Orientation target out of bounds, clamped. Original: (183,13.5163,-129.049)
[Safety] Orientation target out of bounds, clamped. Original: (183,13.5384,-129.048)
[Safety] Orientation target out of bounds, clamped. Original: (183,13.5632,-129.052)
[Safety] Orientation target out of bounds, clamped. Original: (183,13.5834,-129.046)
[Safety] Orientation target out of bounds, clamped. Original: (183,13.6108,-129.054)
[Safety] Orientation target out of bounds, clamped. Original: (183,13.6283,-129.065)
[Safety] Orientation target out of bounds, clamped. Original: (183,13.6533,-129.075)
[Safety] Orientation target out of bounds, clamped. Original: (183,13.6762,-129.078)
[Safety] Orientation target out of bounds, clamped. Original: (183,13.6845,-129.084)
[Safety] Orientation target out of bounds, clamped. Original: (183,13.6818,-129.084)
[Safety] Orientation target out of bounds, clamped. Original: (183,13.6525,-129.06)
[Safety] Orientation target out of bounds, clamped. Original: (183,13.5938,-128.989)
[Safety] Orientation target out of bounds, clamped. Original: (183,13.5232,-128.909)
[Safety] Orientation target out of bounds, clamped. Original: (183,13.46,-128.823)
[Safety] Orientation target out of bounds, clamped. Original: (183,13.402,-128.742)
[Safety] Orientation target out of bounds, clamped. Original: (183,13.3652,-128.665)
[Safety] Orientation target out of bounds, clamped. Original: (183,13.3384,-128.598)
[Haptic] Force applied: (0.11224, -0, 0.000108617) N  mag=0.11224  stale=0  button1=0  button2=1
[Safety] Orientation target out of bounds, clamped. Original: (183,13.3108,-128.552)
[Safety] Orientation target out of bounds, clamped. Original: (183,13.3014,-128.51)
[Safety] Orientation target out of bounds, clamped. Original: (183,13.2794,-128.479)
[Safety] Orientation target out of bounds, clamped. Original: (183,13.2678,-128.463)
[Relay] Motion sends: 600 ok, 0 fail  target=(-141.72,-211.19,416.52) orient=(180,13.2678,-128.463)
[Safety] Orientation target out of bounds, clamped. Original: (183,13.2716,-128.449)
[Safety] Orientation target out of bounds, clamped. Original: (183,13.2828,-128.421)
[Safety] Orientation target out of bounds, clamped. Original: (183,13.3061,-128.394)
[Safety] Orientation target out of bounds, clamped. Original: (183,13.3316,-128.384)
[Safety] Orientation target out of bounds, clamped. Original: (183,13.3526,-128.374)
[Safety] Orientation target out of bounds, clamped. Original: (183,13.3716,-128.373)
[Safety] Orientation target out of bounds, clamped. Original: (183,13.4074,-128.362)
[Safety] Orientation target out of bounds, clamped. Original: (183,13.4475,-128.343)
[Safety] Orientation target out of bounds, clamped. Original: (183,13.4864,-128.32)
[Safety] Orientation target out of bounds, clamped. Original: (183,13.5209,-128.274)
[Safety] Orientation target out of bounds, clamped. Original: (183,13.5639,-128.217)
[Safety] Orientation target out of bounds, clamped. Original: (183,13.567,-128.157)
[Safety] Orientation target out of bounds, clamped. Original: (183,13.5322,-128.112)
[Safety] Orientation target out of bounds, clamped. Original: (183,13.4708,-128.081)
[Safety] Orientation target out of bounds, clamped. Original: (183,13.3836,-128.051)
[Safety] Orientation target out of bounds, clamped. Original: (183,13.2607,-127.993)
[Safety] Orientation target out of bounds, clamped. Original: (183,13.1164,-127.914)
[Safety] Orientation target out of bounds, clamped. Original: (183,12.9365,-127.825)
[Safety] Orientation target out of bounds, clamped. Original: (183,12.7212,-127.745)
[Safety] Orientation target out of bounds, clamped. Original: (183,12.4671,-127.689)
[Safety] Orientation target out of bounds, clamped. Original: (183,12.1732,-127.674)
[Safety] Orientation target out of bounds, clamped. Original: (183,11.8304,-127.715)
[Safety] Orientation target out of bounds, clamped. Original: (183,11.4658,-127.788)
[Safety] Orientation target out of bounds, clamped. Original: (183,11.0867,-127.888)
[Safety] Orientation target out of bounds, clamped. Original: (183,10.6978,-128.025)
[Safety] Orientation target out of bounds, clamped. Original: (183,10.3067,-128.178)
[Safety] Orientation target out of bounds, clamped. Original: (182.594,9.9204,-128.339)
[Safety] Orientation target out of bounds, clamped. Original: (182.035,9.51801,-128.518)
[Safety] Orientation target out of bounds, clamped. Original: (181.384,9.10061,-128.716)
[Safety] Orientation target out of bounds, clamped. Original: (180.667,8.65559,-128.945)
[Haptic] Force applied: (-0.370681, -0, -0.472413) N  mag=0.600482  stale=0  button1=0  button2=1
[Relay] Motion sends: 650 ok, 0 fail  target=(-141.72,-211.19,416.52) orient=(171.078,3.14154,-131.226)
[Safety] Orientation target out of bounds, clamped. Original: (180.067,-3.02591,-120.384)
[Safety] Orientation target out of bounds, clamped. Original: (180.595,-4.13938,-119.629)
[Relay] Motion sends: 700 ok, 0 fail  target=(-141.72,-211.19,416.52) orient=(180,-4.13938,-119.629)
[Safety] Orientation target out of bounds, clamped. Original: (181.07,-5.19466,-118.914)
[Safety] Orientation target out of bounds, clamped. Original: (181.487,-6.16252,-118.249)
[Safety] Orientation target out of bounds, clamped. Original: (181.848,-7.03637,-117.673)
[Safety] Orientation target out of bounds, clamped. Original: (182.139,-7.81569,-117.149)
[Safety] Orientation target out of bounds, clamped. Original: (182.352,-8.47329,-116.711)
[Safety] Orientation target out of bounds, clamped. Original: (182.521,-9.06767,-116.309)
[Safety] Orientation target out of bounds, clamped. Original: (182.666,-9.62669,-115.909)
[Safety] Orientation target out of bounds, clamped. Original: (182.798,-10.1597,-115.528)
[Safety] Orientation target out of bounds, clamped. Original: (182.914,-10.6341,-115.113)
[Safety] Orientation target out of bounds, clamped. Original: (183,-11.0734,-114.617)
[Safety] Orientation target out of bounds, clamped. Original: (183,-11.4713,-114.123)
[Safety] Orientation target out of bounds, clamped. Original: (183,-11.8254,-113.649)
[Safety] Orientation target out of bounds, clamped. Original: (183,-12.1441,-113.207)
[Safety] Orientation target out of bounds, clamped. Original: (183,-12.4276,-112.814)
[Safety] Orientation target out of bounds, clamped. Original: (183,-12.6693,-112.467)
[Safety] Orientation target out of bounds, clamped. Original: (183,-12.8687,-112.144)
[Safety] Orientation target out of bounds, clamped. Original: (183,-13.0247,-111.854)
[Safety] Orientation target out of bounds, clamped. Original: (183,-13.1522,-111.603)
[Safety] Orientation target out of bounds, clamped. Original: (182.948,-13.2631,-111.391)
[Safety] Orientation target out of bounds, clamped. Original: (182.854,-13.3594,-111.213)
[Safety] Orientation target out of bounds, clamped. Original: (182.779,-13.4392,-111.066)
[Safety] Orientation target out of bounds, clamped. Original: (182.711,-13.5001,-110.931)
[Safety] Orientation target out of bounds, clamped. Original: (182.68,-13.5492,-110.813)
[Safety] Orientation target out of bounds, clamped. Original: (182.669,-13.5897,-110.713)
[Haptic] Force applied: (-0.00148396, -0, -0.139835) N  mag=0.139843  stale=0  button1=0  button2=1
[Safety] Orientation target out of bounds, clamped. Original: (182.663,-13.6241,-110.627)
[Safety] Orientation target out of bounds, clamped. Original: (182.672,-13.6544,-110.551)
[Safety] Orientation target out of bounds, clamped. Original: (182.662,-13.6828,-110.489)
[Safety] Orientation target out of bounds, clamped. Original: (182.631,-13.7093,-110.438)
[Safety] Orientation target out of bounds, clamped. Original: (182.594,-13.7323,-110.397)
[Safety] Orientation target out of bounds, clamped. Original: (182.563,-13.7522,-110.362)
[Safety] Orientation target out of bounds, clamped. Original: (182.525,-13.7701,-110.334)
[Safety] Orientation target out of bounds, clamped. Original: (182.46,-13.7483,-110.356)
[Safety] Orientation target out of bounds, clamped. Original: (182.333,-13.5936,-110.519)
[Safety] Orientation target out of bounds, clamped. Original: (182.158,-13.3369,-110.793)
[Safety] Orientation target out of bounds, clamped. Original: (181.97,-13.048,-111.116)
[Safety] Orientation target out of bounds, clamped. Original: (181.776,-12.6932,-111.524)
[Safety] Orientation target out of bounds, clamped. Original: (181.547,-12.2295,-112.059)
[Safety] Orientation target out of bounds, clamped. Original: (181.299,-11.5989,-112.789)
[Safety] Orientation target out of bounds, clamped. Original: (181.061,-10.88,-113.618)
[Safety] Orientation target out of bounds, clamped. Original: (180.843,-10.1513,-114.471)
[Safety] Orientation target out of bounds, clamped. Original: (180.629,-9.41089,-115.337)
[Safety] Orientation target out of bounds, clamped. Original: (180.433,-8.66811,-116.222)
[Safety] Orientation target out of bounds, clamped. Original: (180.274,-7.95528,-117.07)
[Safety] Orientation target out of bounds, clamped. Original: (180.137,-7.30518,-117.851)
[Relay] Motion sends: 750 ok, 0 fail  target=(-141.72,-211.19,416.52) orient=(179.696,-4.8649,-120.678)
[Haptic] Force applied: (0.319577, -0, -0.0533802) N  mag=0.324005  stale=0  button1=0  button2=1
[Safety] Orientation target out of bounds, clamped. Original: (180.136,-7.64419,-116.11)
[StateMachine] RUNNING → READY
[Relay] Button2 RELEASE — all motion stopped
[StateMachine] READY → RUNNING
[Relay] Button2 PRESS — orient ref=(-49.615,16.052,-18.1942) robot ref=(180,-7.63995,-116.11)
[Relay] Motion sends: 800 ok, 0 fail  target=(-136.72,-211.19,416.52) orient=(179.341,-6.29154,-117.971)
[StateMachine] RUNNING → READY
[Relay] Button2 RELEASE — all motion stopped
[StateMachine] READY → RUNNING
[Relay] Button PRESS  — target start=(-136.72,-211.19,416.52)
[Relay] Hold button + move Touch (incremental mode)
[StateMachine] RUNNING → READY
[Relay] Button RELEASE — motion stopped

############################################################
##  ⚠⚠  触觉安全提示已关闭  (Config::FORCE_CONSTRAINT_FORCES_ENABLED = false)
##   虚拟约束力已【全部】停用 —— 现在【没有任何】推力提示:
##     · 靠近安全边界 (SAFE_X/Y/Z)
##     · 靠近圆柱奇异 (半径 < 80mm)
##     · 靠近工作空间边缘 (半径 > 550mm)
##     · 靠近历史报警点 (真报过警的位置)
##   ⇒ 请靠【视觉】与【报警指示灯】判断危险。
##   (机械臂自身的碰撞检测与安全皮肤由机械臂侧做, 不受本开关影响。)
##   本横幅每 60 秒复报一次。
############################################################

[StateMachine] READY → RUNNING
[Relay] Button PRESS  — target start=(-146.98,-223.01,415.11)
[Relay] Hold button + move Touch (incremental mode)
[StateMachine] RUNNING → READY
[Relay] Button RELEASE — motion stopped
[StateMachine] READY → RUNNING
[Relay] Button PRESS  — target start=(-147.777,-230.378,420.667)
[Relay] Hold button + move Touch (incremental mode)
[Relay] Motion sends: 850 ok, 0 fail  target=(-165.421,-287.995,413.171) orient=(178.7,-3.65,-121.23)
[Haptic] Force applied: (0.000219127, -0, -0.0470001) N  mag=0.0470006  stale=0  button1=1  button2=0
[StateMachine] RUNNING → READY
[Relay] Button RELEASE — motion stopped
[StateMachine] READY → RUNNING
[Relay] Button PRESS  — target start=(-167.23,-301.73,383.89)
[Relay] Hold button + move Touch (incremental mode)
[StateMachine] RUNNING → READY
[Relay] Button RELEASE — motion stopped
[StateMachine] READY → RUNNING
[Relay] Button PRESS  — target start=(-185.229,-315.76,310.356)
[Relay] Hold button + move Touch (incremental mode)
[Relay] Motion sends: 900 ok, 0 fail  target=(-200.663,-311.169,245.814) orient=(178.7,-3.47131,-121.23)
[Relay] Motion sends: 950 ok, 0 fail  target=(-211.779,-327.289,218.318) orient=(178.76,-3.47,-121.21)
[Haptic] Force applied: (-0.00346866, -0, -0.10191) N  mag=0.101969  stale=0  button1=1  button2=0
[Relay] Motion sends: 1000 ok, 0 fail  target=(-203.591,-302.718,243.437) orient=(178.76,-3.47,-121.016)
[Haptic] Force applied: (4.67488e-05, 0, -0.0633758) N  mag=0.0633759  stale=0  button1=1  button2=0
[Relay] Motion sends: 1050 ok, 0 fail  target=(-188.929,-362.454,211.395) orient=(178.87,-3.47,-121.02)
[Haptic] Force applied: (-0.465822, -0, 0.0159737) N  mag=0.466096  stale=0  button1=1  button2=0
[Relay] Motion sends: 1100 ok, 0 fail  target=(-167.546,-303.161,262.432) orient=(178.87,-3.47,-120.89)
[StateMachine] RUNNING → READY
[Relay] Button RELEASE — motion stopped
[StateMachine] READY → RUNNING
[Relay] Button PRESS  — target start=(-128.7,-300.5,273.58)
[Relay] Hold button + move Touch (incremental mode)
[Haptic] Force applied: (0.0341645, 0, -0.00238757) N  mag=0.0342478  stale=0  button1=1  button2=0
[Relay] Motion sends: 1150 ok, 0 fail  target=(-140.386,-296.125,226.527) orient=(178.904,-3.15,-120.875)
[Haptic] Force applied: (0.402893, -0, -0.01016) N  mag=0.403021  stale=0  button1=1  button2=0
[Relay] Motion sends: 1200 ok, 0 fail  target=(-122.382,-294.87,242.409) orient=(178.9,-3.15,-120.88)
[Haptic] Force applied: (-0.0188118, -0, -0.134248) N  mag=0.13556  stale=0  button1=1  button2=0
[Relay] Motion sends: 1250 ok, 0 fail  target=(-114.136,-342.473,222.57) orient=(178.84,-3.15,-120.87)

############################################################
##  ⚠⚠  触觉安全提示已关闭  (Config::FORCE_CONSTRAINT_FORCES_ENABLED = false)
##   虚拟约束力已【全部】停用 —— 现在【没有任何】推力提示:
##     · 靠近安全边界 (SAFE_X/Y/Z)
##     · 靠近圆柱奇异 (半径 < 80mm)
##     · 靠近工作空间边缘 (半径 > 550mm)
##     · 靠近历史报警点 (真报过警的位置)
##   ⇒ 请靠【视觉】与【报警指示灯】判断危险。
##   (机械臂自身的碰撞检测与安全皮肤由机械臂侧做, 不受本开关影响。)
##   本横幅每 60 秒复报一次。
############################################################

[Haptic] Force applied: (0.331037, -0, -0.0066032) N  mag=0.331103  stale=0  button1=1  button2=0
[Relay] Motion sends: 1300 ok, 0 fail  target=(-152.852,-331.858,224.092) orient=(178.88,-3.15,-120.85)
[StateMachine] RUNNING → READY
[Relay] Button RELEASE — motion stopped
[StateMachine] READY → RUNNING
[Relay] Button PRESS  — target start=(-87.68,-314.25,263.81)
[Relay] Hold button + move Touch (incremental mode)
[Haptic] Force applied: (0.159963, -0, -0.00755826) N  mag=0.160142  stale=0  button1=1  button2=0
[Relay] Motion sends: 1350 ok, 0 fail  target=(-69.2295,-287.085,240.21) orient=(178.88,-2.79757,-120.732)
[Haptic] Force applied: (-0.101316, -0, -2.20198e-05) N  mag=0.101316  stale=0  button1=1  button2=0
[Relay] Motion sends: 1400 ok, 0 fail  target=(-60.1302,-336.656,222.83) orient=(178.93,-2.8,-120.77)
[Relay] Motion sends: 1450 ok, 0 fail  target=(-14.3581,-305.489,219.229) orient=(178.96,-2.72,-120.715)
[Relay] Motion sends: 1500 ok, 0 fail  target=(-31.9564,-293.987,279.49) orient=(179.04,-2.68986,-120.71)
[Haptic] Force applied: (-0.119667, -0, -0.213153) N  mag=0.244447  stale=0  button1=1  button2=0
[StateMachine] RUNNING → READY
[Relay] Button RELEASE — motion stopped
[StateMachine] READY → RUNNING
[Relay] Button PRESS  — target start=(-124.65,-297.22,270.99)
[Relay] Hold button + move Touch (incremental mode)
[Haptic] Force applied: (-0.545385, -0, -0.11835) N  mag=0.558079  stale=0  button1=1  button2=0
[Relay] Motion sends: 1550 ok, 0 fail  target=(-171.218,-293.859,249.792) orient=(179.04,-2.69,-120.71)
[Haptic] Force applied: (7.0893e-09, -0, -0.0974771) N  mag=0.0974771  stale=0  button1=1  button2=0
[Relay] Motion sends: 1600 ok, 0 fail  target=(-176.15,-328.659,229.865) orient=(179.04,-2.68,-120.7)
[Haptic] Force applied: (0.00384051, -0, -0.0169874) N  mag=0.0174161  stale=0  button1=1  button2=0
[Relay] Motion sends: 1650 ok, 0 fail  target=(-170.452,-290.862,219.481) orient=(179.04,-2.68,-120.502)
[Haptic] Force applied: (0.0444976, -0, -0.0530123) N  mag=0.0692123  stale=0  button1=1  button2=0
[StateMachine] RUNNING → READY
[Relay] Button RELEASE — motion stopped
[StateMachine] READY → RUNNING
[Relay] Button PRESS  — target start=(-162.08,-278.74,300.5)
[Relay] Hold button + move Touch (incremental mode)
[StateMachine] RUNNING → READY
[Relay] Button RELEASE — motion stopped
[StateMachine] READY → RUNNING
[Relay] Button PRESS  — target start=(-130.07,-270.12,296.65)
[Relay] Hold button + move Touch (incremental mode)
[Haptic] Force applied: (0.0271901, -0, -5.38547e-05) N  mag=0.0271901  stale=0  button1=1  button2=0
[Relay] Motion sends: 1700 ok, 0 fail  target=(-78.3434,-280.843,282.384) orient=(179.04,-2.68,-120.5)
[StateMachine] RUNNING → READY
[Relay] Button RELEASE — motion stopped
[StateMachine] READY → RUNNING
[Relay] Button PRESS  — target start=(-67.0856,-278.315,286.295)
[Relay] Hold button + move Touch (incremental mode)
[Haptic] Force applied: (-0.0204777, -0, -0.0443545) N  mag=0.0488534  stale=0  button1=1  button2=0
[Relay] Motion sends: 1750 ok, 0 fail  target=(-83.1934,-287.649,221.301) orient=(179.04,-2.68,-120.26)
[Haptic] Force applied: (-0.0531202, -0, -0.00230272) N  mag=0.0531701  stale=0  button1=1  button2=0
[Relay] Motion sends: 1800 ok, 0 fail  target=(-63.1607,-338.053,227.412) orient=(179.04,-2.68,-120.228)
[Haptic] Force applied: (1.56091e-07, -0, 0.0443502) N  mag=0.0443502  stale=0  button1=1  button2=0
[Haptic] Force applied: (2.28027e-06, 0, 0.248436) N  mag=0.248436  stale=0  button1=1  button2=0
[Relay] Motion sends: 1850 ok, 0 fail  target=(-76.7911,-299.902,229.176) orient=(179.04,-2.68,-120.23)
[Haptic] Force applied: (0.000631216, 0, -0.0334548) N  mag=0.0334608  stale=0  button1=1  button2=0
[Relay] Motion sends: 1900 ok, 0 fail  target=(-21.2169,-304.793,271.671) orient=(179.04,-2.68,-120.14)
[StateMachine] RUNNING → READY
[Relay] Button RELEASE — motion stopped
[StateMachine] READY → RUNNING
[Relay] Button PRESS  — target start=(-43.5199,-284.48,297.26)
[Relay] Hold button + move Touch (incremental mode)
[StateMachine] RUNNING → READY
[Relay] Button RELEASE — motion stopped
[StateMachine] READY → RUNNING
[Relay] Button PRESS  — target start=(-43.8899,-273.04,352.05)
[Relay] Hold button + move Touch (incremental mode)
[StateMachine] RUNNING → READY
[Relay] Button RELEASE — motion stopped
[Tuning] 力反射增益 → 120.6 (MATLAB command)
[Tuning] 力反射增益 → 121.2 (MATLAB command)
[Tuning] 力反射增益 → 123.8 (MATLAB command)
[Tuning] 力反射增益 → 124.6 (MATLAB command)
[Tuning] 力反射增益 → 125.4 (MATLAB command)
[Tuning] 力反射增益 → 126.2 (MATLAB command)
[Tuning] 力反射增益 → 128 (MATLAB command)
[Tuning] 力反射增益 → 128.6 (MATLAB command)
[Tuning] 力反射增益 → 129.6 (MATLAB command)
[Tuning] 力反射增益 → 130.4 (MATLAB command)
[Tuning] 力反射增益 → 131 (MATLAB command)
[Tuning] 力反射增益 → 131 (MATLAB command)
[Tuning] 力反射增益 → 132 (MATLAB command)
[Tuning] 力反射增益 → 136 (MATLAB command)
[Tuning] 力反射增益 → 136.8 (MATLAB command)
[Tuning] 力反射增益 → 137.6 (MATLAB command)
[Tuning] 力反射增益 → 139.4 (MATLAB command)
[Tuning] 力反射增益 → 140 (MATLAB command)
[Tuning] 力反射增益 → 140 (MATLAB command)
[Tuning] 力反射增益已落盘: 140.0
[Tuning] 力反射增益 → 141.6 (MATLAB command)
[StateMachine] READY → RUNNING
[Relay] Button PRESS  — target start=(-50.2399,-230.35,379.17)
[Relay] Hold button + move Touch (incremental mode)

############################################################
##  ⚠⚠  触觉安全提示已关闭  (Config::FORCE_CONSTRAINT_FORCES_ENABLED = false)
##   虚拟约束力已【全部】停用 —— 现在【没有任何】推力提示:
##     · 靠近安全边界 (SAFE_X/Y/Z)
##     · 靠近圆柱奇异 (半径 < 80mm)
##     · 靠近工作空间边缘 (半径 > 550mm)
##     · 靠近历史报警点 (真报过警的位置)
##   ⇒ 请靠【视觉】与【报警指示灯】判断危险。
##   (机械臂自身的碰撞检测与安全皮肤由机械臂侧做, 不受本开关影响。)
##   本横幅每 60 秒复报一次。
############################################################

[Tuning] 力反射增益 → 142.6 (MATLAB command)
[Tuning] 力反射增益 → 155.6 (MATLAB command)
[StateMachine] RUNNING → READY
[Relay] Button RELEASE — motion stopped
[StateMachine] READY → RUNNING
[Relay] Button PRESS  — target start=(-50.2399,-230.35,379.17)
[Relay] Hold button + move Touch (incremental mode)
[Tuning] 力反射增益 → 155.6 (MATLAB command)
[Haptic] Force applied: (-0.0348268, -0, 0.00695353) N  mag=0.0355142  stale=0  button1=1  button2=0
[StateMachine] RUNNING → READY
[Relay] Button RELEASE — motion stopped
[Tuning] 力反射增益已落盘: 155.6
[StateMachine] READY → RUNNING
[Relay] Button PRESS  — target start=(-50.24,-230.35,379.17)
[Relay] Hold button + move Touch (incremental mode)
[Haptic] Force applied: (-0.12274, 0, 0.00183885) N  mag=0.122754  stale=0  button1=1  button2=0
[Relay] Motion sends: 1950 ok, 0 fail  target=(-54.7984,-228.634,380.661) orient=(179.04,-2.68,-120.14)
[Relay] Motion sends: 2000 ok, 0 fail  target=(-103.225,-236.698,426.622) orient=(178.912,-2.68,-120.03)
[Haptic] Force applied: (0.00822556, -0, 0.247502) N  mag=0.247638  stale=0  button1=1  button2=0
[Relay] Motion sends: 2050 ok, 0 fail  target=(-115.922,-231.16,425.975) orient=(178.9,-2.68,-120.03)
[Relay] Motion sends: 2100 ok, 0 fail  target=(-72.1137,-252.944,430.036) orient=(179.02,-2.68,-119.92)
[StateMachine] REJECT frame: ERR_IK_SINGULAR
[Safety] REJECT: singular configuration (cond>>500) — candidate=(-76.2958,-249.81,428.615)
[StateMachine] REJECT frame: ERR_IK_SINGULAR
[Safety] REJECT: singular configuration (cond>>500) — candidate=(-76.4008,-249.698,428.649)
[StateMachine] REJECT frame: ERR_IK_SINGULAR
[Safety] REJECT: singular configuration (cond>>500) — candidate=(-76.266,-249.749,428.649)
[Haptic] Force applied: (-0.821824, -0, -0.100985) N  mag=0.828005  stale=0  button1=1  button2=0
[Relay] Motion sends: 2150 ok, 0 fail  target=(-70.9304,-255.233,427.558) orient=(179.02,-2.68,-119.91)
[Haptic] Force applied: (0.610882, -0, 0.602726) N  mag=0.85817  stale=0  button1=1  button2=0
[Relay] Motion sends: 2200 ok, 0 fail  target=(-12.5587,-273.721,428.813) orient=(179.02,-2.68,-119.91)
[Tuning] 力反射增益 → 163 (MATLAB command)
[Tuning] 力反射增益 → 163.6 (MATLAB command)
[Haptic] Force applied: (-0.0210985, -0, -0.0997908) N  mag=0.101997  stale=0  button1=1  button2=0
[Tuning] 力反射增益 → 167 (MATLAB command)
[Tuning] 力反射增益 → 167.8 (MATLAB command)
[Tuning] 力反射增益 → 169.4 (MATLAB command)
[Tuning] 力反射增益 → 170.2 (MATLAB command)
[Tuning] 力反射增益 → 171.8 (MATLAB command)
[Tuning] 力反射增益 → 172.6 (MATLAB command)
[Tuning] 力反射增益 → 173.6 (MATLAB command)
[Tuning] 力反射增益 → 174.4 (MATLAB command)
[Tuning] 力反射增益 → 175 (MATLAB command)
[Tuning] 力反射增益 → 179.2 (MATLAB command)
[Tuning] 力反射增益 → 180 (MATLAB command)
[Tuning] 力反射增益 → 181.6 (MATLAB command)
[Tuning] 力反射增益 → 182.4 (MATLAB command)
[Tuning] 力反射增益 → 183.2 (MATLAB command)
[Tuning] 力反射增益 → 184 (MATLAB command)
[Tuning] 力反射增益 → 186.6 (MATLAB command)
[Tuning] 力反射增益 → 187.4 (MATLAB command)
[Tuning] 力反射增益 → 189 (MATLAB command)
[Tuning] 力反射增益 → 189.6 (MATLAB command)
[Tuning] 力反射增益 → 190.6 (MATLAB command)
[Tuning] 力反射增益 → 191.4 (MATLAB command)
[Tuning] 力反射增益 → 192.2 (MATLAB command)
[Relay] Motion sends: 2250 ok, 0 fail  target=(-49.5436,-259.16,430.85) orient=(179.01,-2.68,-119.63)
[Tuning] 力反射增益 → 192.2 (MATLAB command)
[Haptic] Force applied: (0.0401541, -0, -0.00373546) N  mag=0.0403275  stale=0  button1=1  button2=0
[Tuning] 力反射增益已落盘: 192.2
[Relay] Motion sends: 2300 ok, 0 fail  target=(-18.5197,-270.946,432.6) orient=(179.146,-2.69018,-119.334)
[Haptic] Force applied: (-0.00583563, 0, -0.260654) N  mag=0.26072  stale=0  button1=1  button2=0
[Tuning] 力反射增益 → 196.4 (MATLAB command)
[Tuning] 力反射增益 → 197 (MATLAB command)
[Tuning] 力反射增益 → 203.6 (MATLAB command)
[Tuning] 力反射增益 → 206 (MATLAB command)
[Tuning] 力反射增益 → 218.4 (MATLAB command)
[Tuning] 力反射增益 → 221.6 (MATLAB command)
[Tuning] 力反射增益 → 222.4 (MATLAB command)
[Tuning] 力反射增益 → 223 (MATLAB command)
[Tuning] 力反射增益 → 224.8 (MATLAB command)
[Tuning] 力反射增益 → 225.6 (MATLAB command)
[Tuning] 力反射增益 → 226.4 (MATLAB command)
[Tuning] 力反射增益 → 226.4 (MATLAB command)
[Tuning] 力反射增益已落盘: 226.4
[Haptic] Force applied: (-0.00152872, -0, -0.0736262) N  mag=0.0736421  stale=0  button1=1  button2=0
[Relay] Motion sends: 2350 ok, 0 fail  target=(-58.3968,-256.667,430.127) orient=(179.17,-2.69,-119.207)
[Haptic] Force applied: (-0.649601, -0, -0.639977) N  mag=0.911895  stale=0  button1=1  button2=0
[Relay] Motion sends: 2400 ok, 0 fail  target=(-63.2607,-262.303,425.605) orient=(179.17,-2.69,-119.24)
[Haptic] Force applied: (0.0122311, -0, 0.922021) N  mag=0.922102  stale=0  button1=1  button2=0
[Relay] Motion sends: 2450 ok, 0 fail  target=(-54.2321,-267.519,424.797) orient=(179.799,-2.69,-119.24)
[StateMachine] RUNNING → READY
[Relay] Button RELEASE — motion stopped
[Tuning] 力反射增益 → 224.8 (MATLAB command)
[Tuning] 力反射增益 → 223 (MATLAB command)
[Tuning] 力反射增益 → 219 (MATLAB command)
[Tuning] 力反射增益 → 211.6 (MATLAB command)
[Tuning] 力反射增益 → 211 (MATLAB command)
[Tuning] 力反射增益 → 200.4 (MATLAB command)
[Tuning] 力反射增益 → 198.6 (MATLAB command)
[Tuning] 力反射增益 → 198 (MATLAB command)
[Tuning] 力反射增益 → 190.6 (MATLAB command)
[Tuning] 力反射增益 → 189.6 (MATLAB command)
[Tuning] 力反射增益 → 189 (MATLAB command)
[Tuning] 力反射增益 → 187.4 (MATLAB command)
[Tuning] 力反射增益 → 186.6 (MATLAB command)
[Tuning] 力反射增益 → 176 (MATLAB command)
[Tuning] 力反射增益 → 175 (MATLAB command)
[Tuning] 力反射增益 → 174.4 (MATLAB command)
[Tuning] 力反射增益 → 171 (MATLAB command)
[Tuning] 力反射增益 → 170.2 (MATLAB command)
[Tuning] 力反射增益 → 167 (MATLAB command)
[Tuning] 力反射增益 → 166 (MATLAB command)
[Tuning] 力反射增益 → 165.4 (MATLAB command)
[Tuning] 力反射增益 → 164.6 (MATLAB command)
[Tuning] 力反射增益 → 163.6 (MATLAB command)
[Tuning] 力反射增益 → 163 (MATLAB command)
[Tuning] 力反射增益 → 161.2 (MATLAB command)
[Tuning] 力反射增益 → 160.4 (MATLAB command)
[Tuning] 力反射增益 → 158 (MATLAB command)
[Tuning] 力反射增益 → 157.2 (MATLAB command)
[Tuning] 力反射增益 → 156.4 (MATLAB command)
[Tuning] 力反射增益 → 154 (MATLAB command)
[Tuning] 力反射增益 → 153 (MATLAB command)
[Tuning] 力反射增益 → 150.6 (MATLAB command)
[Tuning] 力反射增益 → 150.6 (MATLAB command)
[Tuning] 力反射增益 → 149.8 (MATLAB command)
[Tuning] 力反射增益 → 148.2 (MATLAB command)
[Tuning] 力反射增益 → 146.6 (MATLAB command)
[Tuning] 力反射增益 → 145.8 (MATLAB command)
[Tuning] 力反射增益 → 135.2 (MATLAB command)
[Tuning] 力反射增益 → 134.4 (MATLAB command)
[Tuning] 力反射增益 → 134.4 (MATLAB command)
[Tuning] 力反射增益已落盘: 134.4
[Tuning] 力反射增益 → 130.4 (MATLAB command)
[Tuning] 力反射增益 → 130.4 (MATLAB command)
[Tuning] 力反射增益已落盘: 130.4
[Tuning] 力反射增益 → 125 (MATLAB command)
[Tuning] 力反射增益已落盘: 125.0
[Tuning] 力反射增益 → 120 (MATLAB command)
[Tuning] 力反射增益已落盘: 120.0
[StateMachine] READY → RUNNING
[Relay] Button PRESS  — target start=(-47.1801,-269.76,423.01)
[Relay] Hold button + move Touch (incremental mode)
[Relay] Motion sends: 2500 ok, 0 fail  target=(-28.2581,-283.781,417.744) orient=(179.77,-2.69,-119.16)
[Haptic] Force applied: (-0.0369479, -0, -4.96338e-05) N  mag=0.036948  stale=0  button1=1  button2=0
[StateMachine] RUNNING → READY
[Relay] Button RELEASE — motion stopped

############################################################
##  ⚠⚠  触觉安全提示已关闭  (Config::FORCE_CONSTRAINT_FORCES_ENABLED = false)
##   虚拟约束力已【全部】停用 —— 现在【没有任何】推力提示:
##     · 靠近安全边界 (SAFE_X/Y/Z)
##     · 靠近圆柱奇异 (半径 < 80mm)
##     · 靠近工作空间边缘 (半径 > 550mm)
##     · 靠近历史报警点 (真报过警的位置)
##   ⇒ 请靠【视觉】与【报警指示灯】判断危险。
##   (机械臂自身的碰撞检测与安全皮肤由机械臂侧做, 不受本开关影响。)
##   本横幅每 60 秒复报一次。
############################################################


############################################################
##  ⚠⚠  触觉安全提示已关闭  (Config::FORCE_CONSTRAINT_FORCES_ENABLED = false)
##   虚拟约束力已【全部】停用 —— 现在【没有任何】推力提示:
##     · 靠近安全边界 (SAFE_X/Y/Z)
##     · 靠近圆柱奇异 (半径 < 80mm)
##     · 靠近工作空间边缘 (半径 > 550mm)
##     · 靠近历史报警点 (真报过警的位置)
##   ⇒ 请靠【视觉】与【报警指示灯】判断危险。
##   (机械臂自身的碰撞检测与安全皮肤由机械臂侧做, 不受本开关影响。)
##   本横幅每 60 秒复报一次。
############################################################


############################################################
##  ⚠⚠  触觉安全提示已关闭  (Config::FORCE_CONSTRAINT_FORCES_ENABLED = false)
##   虚拟约束力已【全部】停用 —— 现在【没有任何】推力提示:
##     · 靠近安全边界 (SAFE_X/Y/Z)
##     · 靠近圆柱奇异 (半径 < 80mm)
##     · 靠近工作空间边缘 (半径 > 550mm)
##     · 靠近历史报警点 (真报过警的位置)
##   ⇒ 请靠【视觉】与【报警指示灯】判断危险。
##   (机械臂自身的碰撞检测与安全皮肤由机械臂侧做, 不受本开关影响。)
##   本横幅每 60 秒复报一次。
############################################################


############################################################
##  ⚠⚠  触觉安全提示已关闭  (Config::FORCE_CONSTRAINT_FORCES_ENABLED = false)
##   虚拟约束力已【全部】停用 —— 现在【没有任何】推力提示:
##     · 靠近安全边界 (SAFE_X/Y/Z)
##     · 靠近圆柱奇异 (半径 < 80mm)
##     · 靠近工作空间边缘 (半径 > 550mm)
##     · 靠近历史报警点 (真报过警的位置)
##   ⇒ 请靠【视觉】与【报警指示灯】判断危险。
##   (机械臂自身的碰撞检测与安全皮肤由机械臂侧做, 不受本开关影响。)
##   本横幅每 60 秒复报一次。
############################################################

[Tuning] 收到 MATLAB 的调零请求
[Force] Starting zero (TARE only)...
[Force] ZERO started — keep robot still for 2s (前 0.5s 静默期不采样, 之后 2s 才累计)...
        (TARE only: no motion phase, drag mode NOT enabled)...
[Force] 调零中: 保持机械臂静止, 采集完成后自动应用并存盘 (来自 MATLAB)
[Force] Calibration: Zeroing... (keep still)
[Force] TARE done: biasF=(-18.178, -2.446, +0.870) N  biasM=(-0.1592, +0.5711, -0.0217) Nm
[Force]   (全量模型: 已从零偏扣掉 A·g=(+0.140, -0.002, +4.032) N 与 c_s×(A·g)=(+0.0045, +0.0076, -0.0002) Nm ⇒ 零偏比 @1304 原始读数小约 4N, 不是异常)
[Force] ZERO complete (A / c_s kept, mass scale 0.4196 kg): force bias=(-18.178,-2.446,+0.870) N, torque bias=(-0.1592,+0.5711,-0.0217) Nm
[Force] Saved force_calib.json
[Force] Calibration: Calibration complete
[Force] Calibration results saved to force_calib.json
[Force] 一致性闸门: 放行 (本地全量模型与【参考量】在【投票通道】上一致; 参考量本帧【可用】)
[StateMachine] READY → RUNNING
[Relay] Button PRESS  — target start=(-44.4001,-283.03,416.47)
[Relay] Hold button + move Touch (incremental mode)
[Haptic] Force applied: (-0.0195949, 0, -0.00326758) N  mag=0.0198655  stale=0  button1=1  button2=0
[Relay] Motion sends: 2550 ok, 0 fail  target=(-50.1626,-303.047,444.771) orient=(179.77,-2.69,-119.16)
[StateMachine] RUNNING → READY
[Relay] Button RELEASE — motion stopped
[StateMachine] READY → RUNNING
[Relay] Button PRESS  — target start=(-63.7291,-305.27,435.937)
[Relay] Hold button + move Touch (incremental mode)
[StateMachine] RUNNING → READY
[Relay] Button RELEASE — motion stopped

############################################################
##  ⚠⚠  触觉安全提示已关闭  (Config::FORCE_CONSTRAINT_FORCES_ENABLED = false)
##   虚拟约束力已【全部】停用 —— 现在【没有任何】推力提示:
##     · 靠近安全边界 (SAFE_X/Y/Z)
##     · 靠近圆柱奇异 (半径 < 80mm)
##     · 靠近工作空间边缘 (半径 > 550mm)
##     · 靠近历史报警点 (真报过警的位置)
##   ⇒ 请靠【视觉】与【报警指示灯】判断危险。
##   (机械臂自身的碰撞检测与安全皮肤由机械臂侧做, 不受本开关影响。)
##   本横幅每 60 秒复报一次。
############################################################


############################################################
##  ⚠⚠  触觉安全提示已关闭  (Config::FORCE_CONSTRAINT_FORCES_ENABLED = false)
##   虚拟约束力已【全部】停用 —— 现在【没有任何】推力提示:
##     · 靠近安全边界 (SAFE_X/Y/Z)
##     · 靠近圆柱奇异 (半径 < 80mm)
##     · 靠近工作空间边缘 (半径 > 550mm)
##     · 靠近历史报警点 (真报过警的位置)
##   ⇒ 请靠【视觉】与【报警指示灯】判断危险。
##   (机械臂自身的碰撞检测与安全皮肤由机械臂侧做, 不受本开关影响。)
##   本横幅每 60 秒复报一次。
############################################################


Shutting down...
Disabling robot...
[Relay] GUI reporting 【已重连】到 127.0.0.1:8888
[Force] Realtime port disconnected
[Force] Realtime recv failed, reconnecting...
[StateMachine] READY → DISCONNECTED
****************************************
This is the DEVELOPER EDITION of OPENHAPTICS, commercial distribution is prohibited
Please contact 3D Systems to obtain a commercial license
****************************************
